Component: ARM Compiler 5.06 update 3 (build 300) Tool: armlink [4d35c9]

==============================================================================

Section Cross References

    main.o(i.consumerTask) refers to _printf_percent.o(.ARM.Collect$$_printf_percent$$00000000) for _printf_percent
    main.o(i.consumerTask) refers to _printf_d.o(.ARM.Collect$$_printf_percent$$00000009) for _printf_d
    main.o(i.consumerTask) refers to _printf_dec.o(.text) for _printf_int_dec
    main.o(i.consumerTask) refers to queue.o(i.xQueueSemaphoreTake) for xQueueSemaphoreTake
    main.o(i.consumerTask) refers to queue.o(i.xQueueReceive) for xQueueReceive
    main.o(i.consumerTask) refers to noretval__2printf.o(.text) for __2printf
    main.o(i.consumerTask) refers to tasks.o(i.vTaskDelay) for vTaskDelay
    main.o(i.consumerTask) refers to main.o(.data) for countingSemaphore
    main.o(i.main) refers to queue.o(i.xQueueCreateCountingSemaphore) for xQueueCreateCountingSemaphore
    main.o(i.main) refers to queue.o(i.xQueueGenericCreate) for xQueueGenericCreate
    main.o(i.main) refers to tasks.o(i.xTaskCreate) for xTaskCreate
    main.o(i.main) refers to noretval__2printf.o(.text) for __2printf
    main.o(i.main) refers to tasks.o(i.vTaskStartScheduler) for vTaskStartScheduler
    main.o(i.main) refers to main.o(.data) for countingSemaphore
    main.o(i.main) refers to main.o(i.producerTask) for producerTask
    main.o(i.main) refers to main.o(i.consumerTask) for consumerTask
    main.o(i.producerTask) refers to queue.o(i.xQueueGenericSend) for xQueueGenericSend
    main.o(i.producerTask) refers to noretval__2printf.o(.text) for __2printf
    main.o(i.producerTask) refers to tasks.o(i.vTaskDelay) for vTaskDelay
    main.o(i.producerTask) refers to main.o(.data) for queue
    event_groups.o(i.vEventGroupClearBitsCallback) refers to event_groups.o(i.xEventGroupClearBits) for xEventGroupClearBits
    event_groups.o(i.vEventGroupDelete) refers to tasks.o(i.vTaskSuspendAll) for vTaskSuspendAll
    event_groups.o(i.vEventGroupDelete) refers to tasks.o(i.vTaskRemoveFromUnorderedEventList) for vTaskRemoveFromUnorderedEventList
    event_groups.o(i.vEventGroupDelete) refers to heap_2.o(i.vPortFree) for vPortFree
    event_groups.o(i.vEventGroupDelete) refers to tasks.o(i.xTaskResumeAll) for xTaskResumeAll
    event_groups.o(i.vEventGroupSetBitsCallback) refers to event_groups.o(i.xEventGroupSetBits) for xEventGroupSetBits
    event_groups.o(i.xEventGroupClearBits) refers to port.o(i.vPortEnterCritical) for vPortEnterCritical
    event_groups.o(i.xEventGroupClearBits) refers to port.o(i.vPortExitCritical) for vPortExitCritical
    event_groups.o(i.xEventGroupCreate) refers to heap_2.o(i.pvPortMalloc) for pvPortMalloc
    event_groups.o(i.xEventGroupCreate) refers to list.o(i.vListInitialise) for vListInitialise
    event_groups.o(i.xEventGroupSetBits) refers to tasks.o(i.vTaskSuspendAll) for vTaskSuspendAll
    event_groups.o(i.xEventGroupSetBits) refers to tasks.o(i.vTaskRemoveFromUnorderedEventList) for vTaskRemoveFromUnorderedEventList
    event_groups.o(i.xEventGroupSetBits) refers to tasks.o(i.xTaskResumeAll) for xTaskResumeAll
    event_groups.o(i.xEventGroupSync) refers to tasks.o(i.xTaskGetSchedulerState) for xTaskGetSchedulerState
    event_groups.o(i.xEventGroupSync) refers to tasks.o(i.vTaskSuspendAll) for vTaskSuspendAll
    event_groups.o(i.xEventGroupSync) refers to event_groups.o(i.xEventGroupSetBits) for xEventGroupSetBits
    event_groups.o(i.xEventGroupSync) refers to tasks.o(i.vTaskPlaceOnUnorderedEventList) for vTaskPlaceOnUnorderedEventList
    event_groups.o(i.xEventGroupSync) refers to tasks.o(i.xTaskResumeAll) for xTaskResumeAll
    event_groups.o(i.xEventGroupSync) refers to tasks.o(i.uxTaskResetEventItemValue) for uxTaskResetEventItemValue
    event_groups.o(i.xEventGroupSync) refers to port.o(i.vPortEnterCritical) for vPortEnterCritical
    event_groups.o(i.xEventGroupSync) refers to port.o(i.vPortExitCritical) for vPortExitCritical
    event_groups.o(i.xEventGroupWaitBits) refers to tasks.o(i.xTaskGetSchedulerState) for xTaskGetSchedulerState
    event_groups.o(i.xEventGroupWaitBits) refers to tasks.o(i.vTaskSuspendAll) for vTaskSuspendAll
    event_groups.o(i.xEventGroupWaitBits) refers to event_groups.o(i.prvTestWaitCondition) for prvTestWaitCondition
    event_groups.o(i.xEventGroupWaitBits) refers to tasks.o(i.vTaskPlaceOnUnorderedEventList) for vTaskPlaceOnUnorderedEventList
    event_groups.o(i.xEventGroupWaitBits) refers to tasks.o(i.xTaskResumeAll) for xTaskResumeAll
    event_groups.o(i.xEventGroupWaitBits) refers to tasks.o(i.uxTaskResetEventItemValue) for uxTaskResetEventItemValue
    event_groups.o(i.xEventGroupWaitBits) refers to port.o(i.vPortEnterCritical) for vPortEnterCritical
    event_groups.o(i.xEventGroupWaitBits) refers to port.o(i.vPortExitCritical) for vPortExitCritical
    queue.o(i.pcQueueGetName) refers to queue.o(.bss) for xQueueRegistry
[...]
    ../clib/stdio.c                          0x00000000   Number         0  fwritefast.o ABSOLUTE
    ../clib/stdio.c                          0x00000000   Number         0  stdio.o ABSOLUTE
    ../clib/stdio.c                          0x00000000   Number         0  fseek.o ABSOLUTE
    ../clib/stdio.c                          0x00000000   Number         0  fopen.o ABSOLUTE
    ../clib/stdio.c                          0x00000000   Number         0  fclose.o ABSOLUTE
    ../clib/stdio.c                          0x00000000   Number         0  setvbuf_locked.o ABSOLUTE
    ../clib/stdio.c                          0x00000000   Number         0  fopen_locked.o ABSOLUTE
    ../clib/stdlib.c                         0x00000000   Number         0  exit.o ABSOLUTE
    ../clib/wchar.c                          0x00000000   Number         0  flsbuf_fwide.o ABSOLUTE
    ../fplib/fpinit.s                        0x00000000   Number         0  fpinit.o ABSOLUTE
    C:\Keil_v5\ARM\PACK\Keil\ARM_Compiler\1.1.1\Source\retarget_io.c 0x00000000   Number         0  retarget_io.o ABSOLUTE
    FreeRTOS\Source\croutine.c               0x00000000   Number         0  croutine.o ABSOLUTE
    FreeRTOS\Source\event_groups.c           0x00000000   Number         0  event_groups.o ABSOLUTE
    FreeRTOS\Source\list.c                   0x00000000   Number         0  list.o ABSOLUTE
    FreeRTOS\Source\portable\MemMang\heap_2.c 0x00000000   Number         0  heap_2.o ABSOLUTE
    FreeRTOS\Source\portable\RVDS\ARM_CM4F\port.c 0x00000000   Number         0  port.o ABSOLUTE
    FreeRTOS\Source\queue.c                  0x00000000   Number         0  queue.o ABSOLUTE
    FreeRTOS\Source\stream_buffer.c          0x00000000   Number         0  stream_buffer.o ABSOLUTE
    FreeRTOS\Source\tasks.c                  0x00000000   Number         0  tasks.o ABSOLUTE
    FreeRTOS\Source\timers.c                 0x00000000   Number         0  timers.o ABSOLUTE
    FreeRTOS\\Source\\portable\\RVDS\\ARM_CM4F\\port.c 0x00000000   Number         0  port.o ABSOLUTE
    RTE\Device\STM32F407VGTx\startup_stm32f407xx.s 0x00000000   Number         0  startup_stm32f407xx.o ABSOLUTE
    RTE\Device\STM32F407VGTx\system_stm32f4xx.c 0x00000000   Number         0  system_stm32f4xx.o ABSOLUTE
    RTE\\Device\\STM32F407VGTx\\system_stm32f4xx.c 0x00000000   Number         0  system_stm32f4xx.o ABSOLUTE
    Src\\main.c                              0x00000000   Number         0  main.o ABSOLUTE
    Src\main.c                               0x00000000   Number         0  main.o ABSOLUTE
    dc.s                                     0x00000000   Number         0  dc.o ABSOLUTE
    RESET                                    0x08000000   Section      392  startup_stm32f407xx.o(RESET)
    !!!main                                  0x08000188   Section        8  __main.o(!!!main)
    !!!scatter                               0x08000190   Section       52  __scatter.o(!!!scatter)
    !!handler_copy                           0x080001c4   Section       26  __scatter_copy.o(!!handler_copy)
    !!handler_zi                             0x080001e0   Section       28  __scatter_zi.o(!!handler_zi)
    .ARM.Collect$$_printf_percent$$00000000  0x080001fc   Section        0  _printf_percent.o(.ARM.Collect$$_printf_percent$$00000000)
    .ARM.Collect$$_printf_percent$$00000009  0x080001fc   Section        6  _printf_d.o(.ARM.Collect$$_printf_percent$$00000009)
    .ARM.Collect$$_printf_percent$$00000017  0x08000202   Section        4  _printf_percent_end.o(.ARM.Collect$$_printf_percent$$00000017)
    .ARM.Collect$$libinit$$00000000          0x08000206   Section        2  libinit.o(.ARM.Collect$$libinit$$00000000)
    .ARM.Collect$$libinit$$00000001          0x08000208   Section        4  libinit2.o(.ARM.Collect$$libinit$$00000001)
    .ARM.Collect$$libinit$$00000004          0x0800020c   Section        0  libinit2.o(.ARM.Collect$$libinit$$00000004)
    .ARM.Collect$$libinit$$00000005          0x0800020c   Section        8  libinit2.o(.ARM.Collect$$libinit$$00000005)
    .ARM.Collect$$libinit$$0000000A          0x08000214   Section        0  libinit2.o(.ARM.Collect$$libinit$$0000000A)
    .ARM.Collect$$libinit$$0000000C          0x08000214   Section        0  libinit2.o(.ARM.Collect$$libinit$$0000000C)
    .ARM.Collect$$libinit$$0000000E          0x08000214   Section        0  libinit2.o(.ARM.Collect$$libinit$$0000000E)
    .ARM.Collect$$libinit$$00000011          0x08000214   Section        0  libinit2.o(.ARM.Collect$$libinit$$00000011)
    .ARM.Collect$$libinit$$00000013          0x08000214   Section        0  libinit2.o(.ARM.Collect$$libinit$$00000013)
    .ARM.Collect$$libinit$$00000015          0x08000214   Section        0  libinit2.o(.ARM.Collect$$libinit$$00000015)
    .ARM.Collect$$libinit$$00000017          0x08000214   Section        0  libinit2.o(.ARM.Collect$$libinit$$00000017)
    .ARM.Collect$$libinit$$00000019          0x08000214   Section        0  libinit2.o(.ARM.Collect$$libinit$$00000019)
    .ARM.Collect$$libinit$$0000001B          0x08000214   Section        0  libinit2.o(.ARM.Collect$$libinit$$0000001B)
    .ARM.Collect$$libinit$$0000001D          0x08000214   Section        0  libinit2.o(.ARM.Collect$$libinit$$0000001D)
    .ARM.Collect$$libinit$$0000001F          0x08000214   Section        0  libinit2.o(.ARM.Collect$$libinit$$0000001F)
    .ARM.Collect$$libinit$$00000021          0x08000214   Section        0  libinit2.o(.ARM.Collect$$libinit$$00000021)
    .ARM.Collect$$libinit$$00000023          0x08000214   Section        0  libinit2.o(.ARM.Collect$$libinit$$00000023)
    .ARM.Collect$$libinit$$00000024          0x08000214   Section        4  libinit2.o(.ARM.Collect$$libinit$$00000024)
    .ARM.Collect$$libinit$$00000025          0x08000218   Section        0  libinit2.o(.ARM.Collect$$libinit$$00000025)
    .ARM.Collect$$libinit$$0000002C          0x08000218   Section        0  libinit2.o(.ARM.Collect$$libinit$$0000002C)
    .ARM.Collect$$libinit$$0000002E          0x08000218   Section        0  libinit2.o(.ARM.Collect$$libinit$$0000002E)
    .ARM.Collect$$libinit$$00000030          0x08000218   Section        0  libinit2.o(.ARM.Collect$$libinit$$00000030)
    .ARM.Collect$$libinit$$00000032          0x08000218   Section        0  libinit2.o(.ARM.Collect$$libinit$$00000032)
    .ARM.Collect$$libinit$$00000033          0x08000218   Section        2  libinit2.o(.ARM.Collect$$libinit$$00000033)
    .ARM.Collect$$libshutdown$$00000000      0x0800021a   Section        2  libshutdown.o(.ARM.Collect$$libshutdown$$00000000)
    .ARM.Collect$$libshutdown$$00000002      0x0800021c   Section        0  libshutdown2.o(.ARM.Collect$$libshutdown$$00000002)
    .ARM.Collect$$libshutdown$$00000003      0x0800021c   Section        4  libshutdown2.o(.ARM.Collect$$libshutdown$$00000003)
    .ARM.Collect$$libshutdown$$00000004      0x08000220   Section        0  libshutdown2.o(.ARM.Collect$$libshutdown$$00000004)
    .ARM.Collect$$libshutdown$$00000007      0x08000220   Section        0  libshutdown2.o(.ARM.Collect$$libshutdown$$00000007)
    .ARM.Collect$$libshutdown$$0000000A      0x08000220   Section        0  libshutdown2.o(.ARM.Collect$$libshutdown$$0000000A)
    .ARM.Collect$$libshutdown$$0000000C      0x08000220   Section        0  libshutdown2.o(.ARM.Collect$$libshutdown$$0000000C)
    .ARM.Collect$$libshutdown$$0000000F      0x08000220   Section        0  libshutdown2.o(.ARM.Collect$$libshutdown$$0000000F)
    .ARM.Collect$$libshutdown$$00000010      0x08000220   Section        2  libshutdown2.o(.ARM.Collect$$libshutdown$$00000010)
    .ARM.Collect$$rtentry$$00000000          0x08000222   Section        0  __rtentry.o(.ARM.Collect$$rtentry$$00000000)
    .ARM.Collect$$rtentry$$00000002          0x08000222   Section        0  __rtentry2.o(.ARM.Collect$$rtentry$$00000002)
    .ARM.Collect$$rtentry$$00000004          0x08000222   Section        6  __rtentry4.o(.ARM.Collect$$rtentry$$00000004)
    .ARM.Collect$$rtentry$$00000009          0x08000228   Section        0  __rtentry2.o(.ARM.Collect$$rtentry$$00000009)
    .ARM.Collect$$rtentry$$0000000A          0x08000228   Section        4  __rtentry2.o(.ARM.Collect$$rtentry$$0000000A)
    .ARM.Collect$$rtentry$$0000000C          0x0800022c   Section        0  __rtentry2.o(.ARM.Collect$$rtentry$$0000000C)
    .ARM.Collect$$rtentry$$0000000D          0x0800022c   Section        8  __rtentry2.o(.ARM.Collect$$rtentry$$0000000D)
    .ARM.Collect$$rtexit$$00000000           0x08000234   Section        2  rtexit.o(.ARM.Collect$$rtexit$$00000000)
    .ARM.Collect$$rtexit$$00000002           0x08000236   Section        0  rtexit2.o(.ARM.Collect$$rtexit$$00000002)
    .ARM.Collect$$rtexit$$00000003           0x08000236   Section        4  rtexit2.o(.ARM.Collect$$rtexit$$00000003)
    .ARM.Collect$$rtexit$$00000004           0x0800023a   Section        6  rtexit2.o(.ARM.Collect$$rtexit$$00000004)
    .emb_text                                0x08000240   Section      190  port.o(.emb_text)
    $v0                                      0x08000240   Number         0  port.o(.emb_text)
    .emb_text                                0x08000300   Section        0  maybetermalloc1.o(.emb_text)
    .text                                    0x08000300   Section       64  startup_stm32f407xx.o(.text)
    $v0                                      0x08000300   Number         0  startup_stm32f407xx.o(.text)
    .text                                    0x08000340   Section        0  noretval__2printf.o(.text)
    .text                                    0x08000358   Section        0  __printf.o(.text)
    .text                                    0x080003c0   Section        0  _printf_dec.o(.text)
    .text                                    0x08000438   Section      138  rt_memcpy_v6.o(.text)
    .text                                    0x080004c2   Section       16  aeabi_memset.o(.text)
    .text                                    0x080004d2   Section       78  rt_memclr_w.o(.text)
    .text                                    0x08000520   Section      128  strcmpv7m.o(.text)
    .text                                    0x080005a0   Section        0  heapauxi.o(.text)
    .text                                    0x080005a6   Section        0  _printf_intcommon.o(.text)
    .text                                    0x08000658   Section        0  _printf_char_file.o(.text)
    .text                                    0x0800067c   Section      100  rt_memcpy_w.o(.text)
    .text                                    0x080006e0   Section       68  rt_memclr.o(.text)
    .text                                    0x08000724   Section        0  _printf_char_common.o(.text)
    _printf_input_char                       0x08000725   Thumb Code    10  _printf_char_common.o(.text)
    .text                                    0x08000754   Section        0  ferror.o(.text)
    .text                                    0x0800075c   Section        0  initio.o(.text)
    .text                                    0x08000894   Section       74  sys_stackheap_outer.o(.text)
    .text                                    0x080008de   Section        0  h1_free.o(.text)
    .text                                    0x0800092c   Section        0  flsbuf.o(.text)
    .text                                    0x08000b02   Section        0  setvbuf.o(.text)
    .text                                    0x08000b48   Section        0  fopen.o(.text)
    _freopen_locked                          0x08000b49   Thumb Code     0  fopen.o(.text)
    .text                                    0x08000c34   Section        0  fclose.o(.text)
    .text                                    0x08000c80   Section        0  exit.o(.text)
    .text                                    0x08000c92   Section        0  defsig_rtred_outer.o(.text)
    .text                                    0x08000ca0   Section        8  libspace.o(.text)
    .text                                    0x08000ca8   Section        8  rt_heap_descriptor_intlibspace.o(.text)
    .text                                    0x08000cb0   Section        0  hguard.o(.text)
    .text                                    0x08000cb4   Section        0  init_alloc.o(.text)
    .text                                    0x08000d3e   Section        0  h1_alloc.o(.text)
    .text                                    0x08000d9c   Section        0  fseek.o(.text)
    .text                                    0x08000e94   Section        0  stdio.o(.text)
    .text                                    0x08000f84   Section        0  defsig_exit.o(.text)
    .text                                    0x08000f90   Section        0  defsig_rtred_inner.o(.text)
    .text                                    0x08000fc4   Section        0  sys_exit.o(.text)
    .text                                    0x08000fd0   Section        0  h1_init.o(.text)
    .text                                    0x08000fde   Section        0  h1_extend.o(.text)
    .text                                    0x08001012   Section        0  ftell.o(.text)
    .text                                    0x08001054   Section        0  defsig_general.o(.text)
    .text                                    0x08001086   Section        0  defsig_rtmem_outer.o(.text)
    .text                                    0x08001094   Section        0  sys_wrch.o(.text)
    .text                                    0x080010a2   Section        2  use_no_semi.o(.text)
    .text                                    0x080010a4   Section        0  indicate_semi.o(.text)
    .text                                    0x080010a4   Section        8  rt_errno_addr_intlibspace.o(.text)
    .text                                    0x080010ac   Section        0  defsig_rtmem_inner.o(.text)
    i.ITM_SendChar                           0x080010fc   Section        0  retarget_io.o(i.ITM_SendChar)
    i.SysTick_Handler                        0x0800112c   Section        0  port.o(i.SysTick_Handler)
    i.SystemInit                             0x08001160   Section        0  system_stm32f4xx.o(i.SystemInit)
    i._sys_close                             0x080011c4   Section        0  retarget_io.o(i._sys_close)
    i._sys_flen                              0x080011ea   Section        0  retarget_io.o(i._sys_flen)
    i._sys_istty                             0x0800120e   Section        0  retarget_io.o(i._sys_istty)
    i._sys_open                              0x08001234   Section        0  retarget_io.o(i._sys_open)
    i._sys_seek                              0x0800129c   Section        0  retarget_io.o(i._sys_seek)
    i._sys_write                             0x080012c8   Section        0  retarget_io.o(i._sys_write)
    i.consumerTask                           0x08001320   Section        0  main.o(i.consumerTask)
    i.fputc                                  0x08001398   Section        0  fputc.o(i.fputc)
    i.main                                   0x080013b4   Section        0  main.o(i.main)
    i.producerTask                           0x080014b8   Section        0  main.o(i.producerTask)
    i.prvAddCurrentTaskToDelayedList         0x08001528   Section        0  tasks.o(i.prvAddCurrentTaskToDelayedList)
    prvAddCurrentTaskToDelayedList           0x08001529   Thumb Code   124  tasks.o(i.prvAddCurrentTaskToDelayedList)
    i.prvAddNewTaskToReadyList               0x080015c0   Section        0  tasks.o(i.prvAddNewTaskToReadyList)
    prvAddNewTaskToReadyList                 0x080015c1   Thumb Code   156  tasks.o(i.prvAddNewTaskToReadyList)
    i.prvCheckForValidListAndQueue           0x08001678   Section        0  timers.o(i.prvCheckForValidListAndQueue)
    prvCheckForValidListAndQueue             0x08001679   Thumb Code    72  timers.o(i.prvCheckForValidListAndQueue)
    i.prvCheckTasksWaitingTermination        0x080016dc   Section        0  tasks.o(i.prvCheckTasksWaitingTermination)
    prvCheckTasksWaitingTermination          0x080016dd   Thumb Code    60  tasks.o(i.prvCheckTasksWaitingTermination)
    i.prvCopyDataFromQueue                   0x08001724   Section        0  queue.o(i.prvCopyDataFromQueue)
    prvCopyDataFromQueue                     0x08001725   Thumb Code    42  queue.o(i.prvCopyDataFromQueue)
    i.prvCopyDataToQueue                     0x0800174e   Section        0  queue.o(i.prvCopyDataToQueue)
    prvCopyDataToQueue                       0x0800174f   Thumb Code   124  queue.o(i.prvCopyDataToQueue)
    i.prvDeleteTCB                           0x080017ca   Section        0  tasks.o(i.prvDeleteTCB)
    prvDeleteTCB                             0x080017cb   Thumb Code    18  tasks.o(i.prvDeleteTCB)
    i.prvGetDisinheritPriorityAfterTimeout   0x080017dc   Section        0  queue.o(i.prvGetDisinheritPriorityAfterTimeout)
    prvGetDisinheritPriorityAfterTimeout     0x080017dd   Thumb Code    20  queue.o(i.prvGetDisinheritPriorityAfterTimeout)
    i.prvGetNextExpireTime                   0x080017f0   Section        0  timers.o(i.prvGetNextExpireTime)
    prvGetNextExpireTime                     0x080017f1   Thumb Code    36  timers.o(i.prvGetNextExpireTime)
    i.prvHeapInit                            0x08001818   Section        0  heap_2.o(i.prvHeapInit)
    prvHeapInit                              0x08001819   Thumb Code    38  heap_2.o(i.prvHeapInit)
    i.prvIdleTask                            0x08001850   Section        0  tasks.o(i.prvIdleTask)
    prvIdleTask                              0x08001851   Thumb Code    32  tasks.o(i.prvIdleTask)
    i.prvInitialiseNewQueue                  0x08001878   Section        0  queue.o(i.prvInitialiseNewQueue)
    prvInitialiseNewQueue                    0x08001879   Thumb Code    42  queue.o(i.prvInitialiseNewQueue)
    i.prvInitialiseNewTask                   0x080018a2   Section        0  tasks.o(i.prvInitialiseNewTask)
    prvInitialiseNewTask                     0x080018a3   Thumb Code   180  tasks.o(i.prvInitialiseNewTask)
    i.prvInitialiseTaskLists                 0x08001958   Section        0  tasks.o(i.prvInitialiseTaskLists)
    prvInitialiseTaskLists                   0x08001959   Thumb Code    70  tasks.o(i.prvInitialiseTaskLists)
    i.prvInsertTimerInActiveList             0x080019c0   Section        0  timers.o(i.prvInsertTimerInActiveList)
    prvInsertTimerInActiveList               0x080019c1   Thumb Code    80  timers.o(i.prvInsertTimerInActiveList)
    i.prvIsQueueEmpty                        0x08001a18   Section        0  queue.o(i.prvIsQueueEmpty)
    prvIsQueueEmpty                          0x08001a19   Thumb Code    26  queue.o(i.prvIsQueueEmpty)
    i.prvIsQueueFull                         0x08001a32   Section        0  queue.o(i.prvIsQueueFull)
    prvIsQueueFull                           0x08001a33   Thumb Code    30  queue.o(i.prvIsQueueFull)
    i.prvProcessExpiredTimer                 0x08001a50   Section        0  timers.o(i.prvProcessExpiredTimer)
    prvProcessExpiredTimer                   0x08001a51   Thumb Code    94  timers.o(i.prvProcessExpiredTimer)
    i.prvProcessReceivedCommands             0x08001ab4   Section        0  timers.o(i.prvProcessReceivedCommands)
    prvProcessReceivedCommands               0x08001ab5   Thumb Code   240  timers.o(i.prvProcessReceivedCommands)
    i.prvProcessTimerOrBlockTask             0x08001ba8   Section        0  timers.o(i.prvProcessTimerOrBlockTask)
    prvProcessTimerOrBlockTask               0x08001ba9   Thumb Code   102  timers.o(i.prvProcessTimerOrBlockTask)
    i.prvResetNextTaskUnblockTime            0x08001c1c   Section        0  tasks.o(i.prvResetNextTaskUnblockTime)
    prvResetNextTaskUnblockTime              0x08001c1d   Thumb Code    42  tasks.o(i.prvResetNextTaskUnblockTime)
    i.prvSampleTimeNow                       0x08001c50   Section        0  timers.o(i.prvSampleTimeNow)
    prvSampleTimeNow                         0x08001c51   Thumb Code    40  timers.o(i.prvSampleTimeNow)
    i.prvSwitchTimerLists                    0x08001c7c   Section        0  timers.o(i.prvSwitchTimerLists)
    prvSwitchTimerLists                      0x08001c7d   Thumb Code   150  timers.o(i.prvSwitchTimerLists)
    i.prvTaskExitError                       0x08001d1c   Section        0  port.o(i.prvTaskExitError)
    prvTaskExitError                         0x08001d1d   Thumb Code    60  port.o(i.prvTaskExitError)
    i.prvTimerTask                           0x08001d5c   Section        0  timers.o(i.prvTimerTask)
    prvTimerTask                             0x08001d5d   Thumb Code    26  timers.o(i.prvTimerTask)
    i.prvUnlockQueue                         0x08001d76   Section        0  queue.o(i.prvUnlockQueue)
    prvUnlockQueue                           0x08001d77   Thumb Code   126  queue.o(i.prvUnlockQueue)
    i.pvPortMalloc                           0x08001df4   Section        0  heap_2.o(i.pvPortMalloc)
    i.pvTaskIncrementMutexHeldCount          0x08001eac   Section        0  tasks.o(i.pvTaskIncrementMutexHeldCount)
    i.pxPortInitialiseStack                  0x08001ecc   Section        0  port.o(i.pxPortInitialiseStack)
    i.stderr_putchar                         0x08001ef8   Section        0  retarget_io.o(i.stderr_putchar)
    stderr_putchar                           0x08001ef9   Thumb Code    12  retarget_io.o(i.stderr_putchar)
    i.stdout_putchar                         0x08001f04   Section        0  retarget_io.o(i.stdout_putchar)
    stdout_putchar                           0x08001f05   Thumb Code    12  retarget_io.o(i.stdout_putchar)
    i.uxListRemove                           0x08001f10   Section        0  list.o(i.uxListRemove)
    i.vListInitialise                        0x08001f38   Section        0  list.o(i.vListInitialise)
    i.vListInitialiseItem                    0x08001f52   Section        0  list.o(i.vListInitialiseItem)
    i.vListInsert                            0x08001f58   Section        0  list.o(i.vListInsert)
    i.vListInsertEnd                         0x08001f8c   Section        0  list.o(i.vListInsertEnd)
    i.vPortEnterCritical                     0x08001fa4   Section        0  port.o(i.vPortEnterCritical)
    i.vPortExitCritical                      0x08001ff8   Section        0  port.o(i.vPortExitCritical)
    i.vPortFree                              0x08002034   Section        0  heap_2.o(i.vPortFree)
    i.vPortSetupTimerInterrupt               0x08002074   Section        0  port.o(i.vPortSetupTimerInterrupt)
    i.vPortValidateInterruptPriority         0x0800209c   Section        0  port.o(i.vPortValidateInterruptPriority)
    i.vQueueAddToRegistry                    0x08002114   Section        0  queue.o(i.vQueueAddToRegistry)
    i.vQueueWaitForMessageRestricted         0x08002140   Section        0  queue.o(i.vQueueWaitForMessageRestricted)
    i.vTaskDelay                             0x0800218c   Section        0  tasks.o(i.vTaskDelay)
    i.vTaskInternalSetTimeOutState           0x080021e8   Section        0  tasks.o(i.vTaskInternalSetTimeOutState)
    i.vTaskMissedYield                       0x08002200   Section        0  tasks.o(i.vTaskMissedYield)
    i.vTaskPlaceOnEventList                  0x0800220c   Section        0  tasks.o(i.vTaskPlaceOnEventList)
    i.vTaskPlaceOnEventListRestricted        0x08002244   Section        0  tasks.o(i.vTaskPlaceOnEventListRestricted)
    i.vTaskPriorityDisinheritAfterTimeout    0x08002284   Section        0  tasks.o(i.vTaskPriorityDisinheritAfterTimeout)
    i.vTaskStartScheduler                    0x08002378   Section        0  tasks.o(i.vTaskStartScheduler)
    i.vTaskSuspendAll                        0x0800240c   Section        0  tasks.o(i.vTaskSuspendAll)
    i.vTaskSwitchContext                     0x0800241c   Section        0  tasks.o(i.vTaskSwitchContext)
    i.xPortStartScheduler                    0x080024a8   Section        0  port.o(i.xPortStartScheduler)
    i.xQueueCreateCountingSemaphore          0x08002610   Section        0  queue.o(i.xQueueCreateCountingSemaphore)
    i.xQueueGenericCreate                    0x0800266c   Section        0  queue.o(i.xQueueGenericCreate)
    i.xQueueGenericReset                     0x080026c4   Section        0  queue.o(i.xQueueGenericReset)
    i.xQueueGenericSend                      0x0800275c   Section        0  queue.o(i.xQueueGenericSend)
    i.xQueueGenericSendFromISR               0x08002904   Section        0  queue.o(i.xQueueGenericSendFromISR)
    i.xQueueReceive                          0x080029fc   Section        0  queue.o(i.xQueueReceive)
    i.xQueueSemaphoreTake                    0x08002b64   Section        0  queue.o(i.xQueueSemaphoreTake)
    i.xTaskCheckForTimeOut                   0x08002d1c   Section        0  tasks.o(i.xTaskCheckForTimeOut)
    i.xTaskCreate                            0x08002da8   Section        0  tasks.o(i.xTaskCreate)
    i.xTaskGetSchedulerState                 0x08002e08   Section        0  tasks.o(i.xTaskGetSchedulerState)
    i.xTaskGetTickCount                      0x08002e28   Section        0  tasks.o(i.xTaskGetTickCount)
    i.xTaskIncrementTick                     0x08002e34   Section        0  tasks.o(i.xTaskIncrementTick)
    i.xTaskPriorityDisinherit                0x08002f7c   Section        0  tasks.o(i.xTaskPriorityDisinherit)
    i.xTaskPriorityInherit                   0x08003044   Section        0  tasks.o(i.xTaskPriorityInherit)
    i.xTaskRemoveFromEventList               0x0800310c   Section        0  tasks.o(i.xTaskRemoveFromEventList)
    i.xTaskResumeAll                         0x080031a4   Section        0  tasks.o(i.xTaskResumeAll)
    i.xTimerCreateTimerTask                  0x080032a8   Section        0  timers.o(i.xTimerCreateTimerTask)
    i.xTimerGenericCommand                   0x08003300   Section        0  timers.o(i.xTimerGenericCommand)
    x$fpl$fpinit                             0x08003384   Section       10  fpinit.o(x$fpl$fpinit)
    $v0                                      0x08003384   Number         0  fpinit.o(x$fpl$fpinit)
    .constdata                               0x0800338e   Section       23  retarget_io.o(.constdata)
    .data                                    0x20000000   Section        8  main.o(.data)
    .data                                    0x20000008   Section       60  tasks.o(.data)
    pxDelayedTaskList                        0x2000000c   Data           4  tasks.o(.data)
    pxOverflowDelayedTaskList                0x20000010   Data           4  tasks.o(.data)
    uxDeletedTasksWaitingCleanUp             0x20000014   Data           4  tasks.o(.data)
    uxCurrentNumberOfTasks                   0x20000018   Data           4  tasks.o(.data)
    xTickCount                               0x2000001c   Data           4  tasks.o(.data)
    uxTopReadyPriority                       0x20000020   Data           4  tasks.o(.data)
    xSchedulerRunning                        0x20000024   Data           4  tasks.o(.data)
    uxPendedTicks                            0x20000028   Data           4  tasks.o(.data)
    xYieldPending                            0x2000002c   Data           4  tasks.o(.data)
    xNumOfOverflows                          0x20000030   Data           4  tasks.o(.data)
    uxTaskNumber                             0x20000034   Data           4  tasks.o(.data)
    xNextTaskUnblockTime                     0x20000038   Data           4  tasks.o(.data)
    xIdleTaskHandle                          0x2000003c   Data           4  tasks.o(.data)
    uxSchedulerSuspended                     0x20000040   Data           4  tasks.o(.data)
    .data                                    0x20000044   Section       20  timers.o(.data)
    pxCurrentTimerList                       0x20000044   Data           4  timers.o(.data)
    pxOverflowTimerList                      0x20000048   Data           4  timers.o(.data)
    xTimerQueue                              0x2000004c   Data           4  timers.o(.data)
    xTimerTaskHandle                         0x20000050   Data           4  timers.o(.data)
    xLastTime                                0x20000054   Data           4  timers.o(.data)
    .data                                    0x20000058   Section       24  heap_2.o(.data)
    xStart                                   0x20000058   Data           8  heap_2.o(.data)
    xEnd                                     0x20000060   Data           8  heap_2.o(.data)
    xFreeBytesRemaining                      0x20000068   Data           4  heap_2.o(.data)
    xHeapHasBeenInitialised                  0x2000006c   Data           4  heap_2.o(.data)
    .data                                    0x20000070   Section       12  port.o(.data)
    uxCriticalNesting                        0x20000070   Data           4  port.o(.data)
    ucMaxSysCallPriority                     0x20000074   Data           1  port.o(.data)
    ulMaxPRIGROUPValue                       0x20000078   Data           4  port.o(.data)
    .data                                    0x2000007c   Section        4  system_stm32f4xx.o(.data)
    .data                                    0x20000080   Section        4  stdio_streams.o(.data)
    .data                                    0x20000084   Section        4  stdio_streams.o(.data)
    .data                                    0x20000088   Section        4  stdio_streams.o(.data)
    .bss                                     0x2000008c   Section       64  queue.o(.bss)
    .bss                                     0x200000cc   Section      200  tasks.o(.bss)
    pxReadyTasksLists                        0x200000cc   Data         100  tasks.o(.bss)
    xDelayedTaskList1                        0x20000130   Data          20  tasks.o(.bss)
    xDelayedTaskList2                        0x20000144   Data          20  tasks.o(.bss)
    xPendingReadyList                        0x20000158   Data          20  tasks.o(.bss)
    xTasksWaitingTermination                 0x2000016c   Data          20  tasks.o(.bss)
    xSuspendedTaskList                       0x20000180   Data          20  tasks.o(.bss)
    .bss                                     0x20000194   Section       40  timers.o(.bss)
    xActiveTimerList1                        0x20000194   Data          20  timers.o(.bss)
    xActiveTimerList2                        0x200001a8   Data          20  timers.o(.bss)
    .bss                                     0x200001bc   Section    76800  heap_2.o(.bss)
    ucHeap                                   0x200001bc   Data       76800  heap_2.o(.bss)
    .bss                                     0x20012dbc   Section       84  stdio_streams.o(.bss)
    .bss                                     0x20012e10   Section       84  stdio_streams.o(.bss)
    .bss                                     0x20012e64   Section       84  stdio_streams.o(.bss)
    .bss                                     0x20012eb8   Section       96  libspace.o(.bss)
    HEAP                                     0x20012f18   Section      512  startup_stm32f407xx.o(HEAP)
    Heap_Mem                                 0x20012f18   Data         512  startup_stm32f407xx.o(HEAP)
    STACK                                    0x20013118   Section     1024  startup_stm32f407xx.o(STACK)
    Stack_Mem                                0x20013118   Data        1024  startup_stm32f407xx.o(STACK)
    __initial_sp                             0x20013518   Data           0  startup_stm32f407xx.o(STACK)

    Global Symbols

    Symbol Name                              Value     Ov Type        Size  Object(Section)

    BuildAttributes$$THM_ISAv4$E$P$D$K$B$S$7EM$VFPi3$EXTD16$VFPS$VFMA$PE$A:L22UL41UL21$X:L11$S22US41US21$IEEE1$IW$USESV6$~STKCKD$USESV7$~SHL$OTIME$ROPI$EBA8$UX$STANDARDLIB$REQ8$PRES8$EABIv2 0x00000000   Number         0  anon$$obj.o ABSOLUTE
    __ARM_use_no_argv                        0x00000000   Number         0  main.o ABSOLUTE
    __ARM_exceptions_init                     - Undefined Weak Reference
    __alloca_initialize                       - Undefined Weak Reference
    __arm_preinit_                            - Undefined Weak Reference
    __cpp_initialize__aeabi_                  - Undefined Weak Reference
    __cxa_finalize                            - Undefined Weak Reference
    __rt_locale                               - Undefined Weak Reference
    __sigvec_lookup                           - Undefined Weak Reference
    __user_heap_extent                        - Undefined Weak Reference
    _atexit_init                              - Undefined Weak Reference
    _call_atexit_fns                          - Undefined Weak Reference
    _clock_init                               - Undefined Weak Reference
    _fp_trap_init                             - Undefined Weak Reference
    _fp_trap_shutdown                         - Undefined Weak Reference
    _get_lc_collate                           - Undefined Weak Reference
    _get_lc_ctype                             - Undefined Weak Reference
    _get_lc_monetary                          - Undefined Weak Reference
    _get_lc_numeric                           - Undefined Weak Reference
    _get_lc_time                              - Undefined Weak Reference
    _getenv_init                              - Undefined Weak Reference
    _handle_redirection                       - Undefined Weak Reference
    _mutex_acquire                            - Undefined Weak Reference
    _mutex_free                               - Undefined Weak Reference
    _mutex_release                            - Undefined Weak Reference
    _printf_post_padding                      - Undefined Weak Reference
    _printf_pre_padding                       - Undefined Weak Reference
    _printf_truncate_signed                   - Undefined Weak Reference
    _printf_truncate_unsigned                 - Undefined Weak Reference
    _rand_init                                - Undefined Weak Reference
    _signal_finish                            - Undefined Weak Reference
    _signal_init                              - Undefined Weak Reference
    __Vectors_Size                           0x00000188   Number         0  startup_stm32f407xx.o ABSOLUTE
    __Vectors                                0x08000000   Data           4  startup_stm32f407xx.o(RESET)
    __Vectors_End                            0x08000188   Data           0  startup_stm32f407xx.o(RESET)
    __main                                   0x08000189   Thumb Code     8  __main.o(!!!main)
    __scatterload                            0x08000191   Thumb Code     0  __scatter.o(!!!scatter)
    __scatterload_rt2                        0x08000191   Thumb Code    44  __scatter.o(!!!scatter)
    __scatterload_rt2_thumb_only             0x08000191   Thumb Code     0  __scatter.o(!!!scatter)
    __scatterload_null                       0x0800019f   Thumb Code     0  __scatter.o(!!!scatter)
    __scatterload_copy                       0x080001c5   Thumb Code    26  __scatter_copy.o(!!handler_copy)
    __scatterload_zeroinit                   0x080001e1   Thumb Code    28  __scatter_zi.o(!!handler_zi)
    _printf_d                                0x080001fd   Thumb Code     0  _printf_d.o(.ARM.Collect$$_printf_percent$$00000009)
    _printf_percent                          0x080001fd   Thumb Code     0  _printf_percent.o(.ARM.Collect$$_printf_percent$$00000000)
    _printf_percent_end                      0x08000203   Thumb Code     0  _printf_percent_end.o(.ARM.Collect$$_printf_percent$$00000017)
    __rt_lib_init                            0x08000207   Thumb Code     0  libinit.o(.ARM.Collect$$libinit$$00000000)
    __rt_lib_init_fp_1                       0x08000209   Thumb Code     0  libinit2.o(.ARM.Collect$$libinit$$00000001)
    __rt_lib_init_heap_2                     0x0800020d   Thumb Code     0  libinit2.o(.ARM.Collect$$libinit$$00000005)
    __rt_lib_init_preinit_1                  0x0800020d   Thumb Code     0  libinit2.o(.ARM.Collect$$libinit$$00000004)
    __rt_lib_init_atexit_1                   0x08000215   Thumb Code     0  libinit2.o(.ARM.Collect$$libinit$$0000001B)
    __rt_lib_init_clock_1                    0x08000215   Thumb Code     0  libinit2.o(.ARM.Collect$$libinit$$00000021)
    __rt_lib_init_fp_trap_1                  0x08000215   Thumb Code     0  libinit2.o(.ARM.Collect$$libinit$$0000001F)
    __rt_lib_init_getenv_1                   0x08000215   Thumb Code     0  libinit2.o(.ARM.Collect$$libinit$$00000023)
    __rt_lib_init_heap_1                     0x08000215   Thumb Code     0  libinit2.o(.ARM.Collect$$libinit$$0000000A)
    __rt_lib_init_lc_collate_1               0x08000215   Thumb Code     0  libinit2.o(.ARM.Collect$$libinit$$00000011)
    __rt_lib_init_lc_ctype_1                 0x08000215   Thumb Code     0  libinit2.o(.ARM.Collect$$libinit$$00000013)
    __rt_lib_init_lc_monetary_1              0x08000215   Thumb Code     0  libinit2.o(.ARM.Collect$$libinit$$00000015)
    __rt_lib_init_lc_numeric_1               0x08000215   Thumb Code     0  libinit2.o(.ARM.Collect$$libinit$$00000017)
    __rt_lib_init_lc_time_1                  0x08000215   Thumb Code     0  libinit2.o(.ARM.Collect$$libinit$$00000019)
    __rt_lib_init_rand_1                     0x08000215   Thumb Code     0  libinit2.o(.ARM.Collect$$libinit$$0000000E)
    __rt_lib_init_signal_1                   0x08000215   Thumb Code     0  libinit2.o(.ARM.Collect$$libinit$$0000001D)
    __rt_lib_init_stdio_2                    0x08000215   Thumb Code     0  libinit2.o(.ARM.Collect$$libinit$$00000024)
    __rt_lib_init_user_alloc_1               0x08000215   Thumb Code     0  libinit2.o(.ARM.Collect$$libinit$$0000000C)
    __rt_lib_init_alloca_1                   0x08000219   Thumb Code     0  libinit2.o(.ARM.Collect$$libinit$$0000002E)
    __rt_lib_init_argv_1                     0x08000219   Thumb Code     0  libinit2.o(.ARM.Collect$$libinit$$0000002C)
    __rt_lib_init_cpp_1                      0x08000219   Thumb Code     0  libinit2.o(.ARM.Collect$$libinit$$00000032)
    __rt_lib_init_exceptions_1               0x08000219   Thumb Code     0  libinit2.o(.ARM.Collect$$libinit$$00000030)
    __rt_lib_init_return                     0x08000219   Thumb Code     0  libinit2.o(.ARM.Collect$$libinit$$00000033)
    __rt_lib_init_stdio_1                    0x08000219   Thumb Code     0  libinit2.o(.ARM.Collect$$libinit$$00000025)
    __rt_lib_shutdown                        0x0800021b   Thumb Code     0  libshutdown.o(.ARM.Collect$$libshutdown$$00000000)
    __rt_lib_shutdown_cpp_1                  0x0800021d   Thumb Code     0  libshutdown2.o(.ARM.Collect$$libshutdown$$00000002)
    __rt_lib_shutdown_stdio_2                0x0800021d   Thumb Code     0  libshutdown2.o(.ARM.Collect$$libshutdown$$00000003)
    __rt_lib_shutdown_fp_trap_1              0x08000221   Thumb Code     0  libshutdown2.o(.ARM.Collect$$libshutdown$$00000007)
    __rt_lib_shutdown_heap_1                 0x08000221   Thumb Code     0  libshutdown2.o(.ARM.Collect$$libshutdown$$0000000F)
    __rt_lib_shutdown_return                 0x08000221   Thumb Code     0  libshutdown2.o(.ARM.Collect$$libshutdown$$00000010)
    __rt_lib_shutdown_signal_1               0x08000221   Thumb Code     0  libshutdown2.o(.ARM.Collect$$libshutdown$$0000000A)
    __rt_lib_shutdown_stdio_1                0x08000221   Thumb Code     0  libshutdown2.o(.ARM.Collect$$libshutdown$$00000004)
    __rt_lib_shutdown_user_alloc_1           0x08000221   Thumb Code     0  libshutdown2.o(.ARM.Collect$$libshutdown$$0000000C)
    __rt_entry                               0x08000223   Thumb Code     0  __rtentry.o(.ARM.Collect$$rtentry$$00000000)
    __rt_entry_presh_1                       0x08000223   Thumb Code     0  __rtentry2.o(.ARM.Collect$$rtentry$$00000002)
    __rt_entry_sh                            0x08000223   Thumb Code     0  __rtentry4.o(.ARM.Collect$$rtentry$$00000004)
    __rt_entry_li                            0x08000229   Thumb Code     0  __rtentry2.o(.ARM.Collect$$rtentry$$0000000A)
    __rt_entry_postsh_1                      0x08000229   Thumb Code     0  __rtentry2.o(.ARM.Collect$$rtentry$$00000009)
    __rt_entry_main                          0x0800022d   Thumb Code     0  __rtentry2.o(.ARM.Collect$$rtentry$$0000000D)
    __rt_entry_postli_1                      0x0800022d   Thumb Code     0  __rtentry2.o(.ARM.Collect$$rtentry$$0000000C)
    __rt_exit                                0x08000235   Thumb Code     0  rtexit.o(.ARM.Collect$$rtexit$$00000000)
    __rt_exit_ls                             0x08000237   Thumb Code     0  rtexit2.o(.ARM.Collect$$rtexit$$00000003)
    __rt_exit_prels_1                        0x08000237   Thumb Code     0  rtexit2.o(.ARM.Collect$$rtexit$$00000002)
    __rt_exit_exit                           0x0800023b   Thumb Code     0  rtexit2.o(.ARM.Collect$$rtexit$$00000004)
    SVC_Handler                              0x08000241   Thumb Code    28  port.o(.emb_text)
    __asm___6_port_c_39a90d8d__prvStartFirstTask 0x08000261   Thumb Code    36  port.o(.emb_text)
    __asm___6_port_c_39a90d8d__prvEnableVFP  0x08000289   Thumb Code    16  port.o(.emb_text)
    PendSV_Handler                           0x0800029d   Thumb Code    88  port.o(.emb_text)
    vPortGetIPSR                             0x080002f9   Thumb Code     6  port.o(.emb_text)
    Reset_Handler                            0x08000301   Thumb Code     8  startup_stm32f407xx.o(.text)
    _maybe_terminate_alloc                   0x08000301   Thumb Code     0  maybetermalloc1.o(.emb_text)
    NMI_Handler                              0x08000309   Thumb Code     2  startup_stm32f407xx.o(.text)
    HardFault_Handler                        0x0800030b   Thumb Code     2  startup_stm32f407xx.o(.text)
    MemManage_Handler                        0x0800030d   Thumb Code     2  startup_stm32f407xx.o(.text)
    BusFault_Handler                         0x0800030f   Thumb Code     2  startup_stm32f407xx.o(.text)
    UsageFault_Handler                       0x08000311   Thumb Code     2  startup_stm32f407xx.o(.text)
    DebugMon_Handler                         0x08000315   Thumb Code     2  startup_stm32f407xx.o(.text)
    ADC_IRQHandler                           0x0800031b   Thumb Code     0  startup_stm32f407xx.o(.text)
    CAN1_RX0_IRQHandler                      0x0800031b   Thumb Code     0  startup_stm32f407xx.o(.text)
    CAN1_RX1_IRQHandler                      0x0800031b   Thumb Code     0  startup_stm32f407xx.o(.text)
    CAN1_SCE_IRQHandler                      0x0800031b   Thumb Code     0  startup_stm32f407xx.o(.text)
    CAN1_TX_IRQHandler                       0x0800031b   Thumb Code     0  startup_stm32f407xx.o(.text)
    CAN2_RX0_IRQHandler                      0x0800031b   Thumb Code     0  startup_stm32f407xx.o(.text)
    CAN2_RX1_IRQHandler                      0x0800031b   Thumb Code     0  startup_stm32f407xx.o(.text)
    CAN2_SCE_IRQHandler                      0x0800031b   Thumb Code     0  startup_stm32f407xx.o(.text)
    CAN2_TX_IRQHandler                       0x0800031b   Thumb Code     0  startup_stm32f407xx.o(.text)
    DCMI_IRQHandler                          0x0800031b   Thumb Code     0  startup_stm32f407xx.o(.text)
    DMA1_Stream0_IRQHandler                  0x0800031b   Thumb Code     0  startup_stm32f407xx.o(.text)
    DMA1_Stream1_IRQHandler                  0x0800031b   Thumb Code     0  startup_stm32f407xx.o(.text)
    DMA1_Stream2_IRQHandler                  0x0800031b   Thumb Code     0  startup_stm32f407xx.o(.text)
    DMA1_Stream3_IRQHandler                  0x0800031b   Thumb Code     0  startup_stm32f407xx.o(.text)
    DMA1_Stream4_IRQHandler                  0x0800031b   Thumb Code     0  startup_stm32f407xx.o(.text)
    DMA1_Stream5_IRQHandler                  0x0800031b   Thumb Code     0  startup_stm32f407xx.o(.text)
    DMA1_Stream6_IRQHandler                  0x0800031b   Thumb Code     0  startup_stm32f407xx.o(.text)
    DMA1_Stream7_IRQHandler                  0x0800031b   Thumb Code     0  startup_stm32f407xx.o(.text)
    DMA2_Stream0_IRQHandler                  0x0800031b   Thumb Code     0  startup_stm32f407xx.o(.text)
    DMA2_Stream1_IRQHandler                  0x0800031b   Thumb Code     0  startup_stm32f407xx.o(.text)
    DMA2_Stream2_IRQHandler                  0x0800031b   Thumb Code     0  startup_stm32f407xx.o(.text)
    DMA2_Stream3_IRQHandler                  0x0800031b   Thumb Code     0  startup_stm32f407xx.o(.text)
    DMA2_Stream4_IRQHandler                  0x0800031b   Thumb Code     0  startup_stm32f407xx.o(.text)
    DMA2_Stream5_IRQHandler                  0x0800031b   Thumb Code     0  startup_stm32f407xx.o(.text)
    DMA2_Stream6_IRQHandler                  0x0800031b   Thumb Code     0  startup_stm32f407xx.o(.text)
    DMA2_Stream7_IRQHandler                  0x0800031b   Thumb Code     0  startup_stm32f407xx.o(.text)
    ETH_IRQHandler                           0x0800031b   Thumb Code     0  startup_stm32f407xx.o(.text)
    ETH_WKUP_IRQHandler                      0x0800031b   Thumb Code     0  startup_stm32f407xx.o(.text)
    EXTI0_IRQHandler                         0x0800031b   Thumb Code     0  startup_stm32f407xx.o(.text)
    EXTI15_10_IRQHandler                     0x0800031b   Thumb Code     0  startup_stm32f407xx.o(.text)
    EXTI1_IRQHandler                         0x0800031b   Thumb Code     0  startup_stm32f407xx.o(.text)
    EXTI2_IRQHandler                         0x0800031b   Thumb Code     0  startup_stm32f407xx.o(.text)
    EXTI3_IRQHandler                         0x0800031b   Thumb Code     0  startup_stm32f407xx.o(.text)
    EXTI4_IRQHandler                         0x0800031b   Thumb Code     0  startup_stm32f407xx.o(.text)
    EXTI9_5_IRQHandler                       0x0800031b   Thumb Code     0  startup_stm32f407xx.o(.text)
    FLASH_IRQHandler                         0x0800031b   Thumb Code     0  startup_stm32f407xx.o(.text)
    FMC_IRQHandler                           0x0800031b   Thumb Code     0  startup_stm32f407xx.o(.text)
    FPU_IRQHandler                           0x0800031b   Thumb Code     0  startup_stm32f407xx.o(.text)
    HASH_RNG_IRQHandler                      0x0800031b   Thumb Code     0  startup_stm32f407xx.o(.text)
    I2C1_ER_IRQHandler                       0x0800031b   Thumb Code     0  startup_stm32f407xx.o(.text)
    I2C1_EV_IRQHandler                       0x0800031b   Thumb Code     0  startup_stm32f407xx.o(.text)
    I2C2_ER_IRQHandler                       0x0800031b   Thumb Code     0  startup_stm32f407xx.o(.text)
    I2C2_EV_IRQHandler                       0x0800031b   Thumb Code     0  startup_stm32f407xx.o(.text)
    I2C3_ER_IRQHandler                       0x0800031b   Thumb Code     0  startup_stm32f407xx.o(.text)
    I2C3_EV_IRQHandler                       0x0800031b   Thumb Code     0  startup_stm32f407xx.o(.text)
    OTG_FS_IRQHandler                        0x0800031b   Thumb Code     0  startup_stm32f407xx.o(.text)
    OTG_FS_WKUP_IRQHandler                   0x0800031b   Thumb Code     0  startup_stm32f407xx.o(.text)
    OTG_HS_EP1_IN_IRQHandler                 0x0800031b   Thumb Code     0  startup_stm32f407xx.o(.text)
    OTG_HS_EP1_OUT_IRQHandler                0x0800031b   Thumb Code     0  startup_stm32f407xx.o(.text)
    OTG_HS_IRQHandler                        0x0800031b   Thumb Code     0  startup_stm32f407xx.o(.text)
    OTG_HS_WKUP_IRQHandler                   0x0800031b   Thumb Code     0  startup_stm32f407xx.o(.text)
    PVD_IRQHandler                           0x0800031b   Thumb Code     0  startup_stm32f407xx.o(.text)
    RCC_IRQHandler                           0x0800031b   Thumb Code     0  startup_stm32f407xx.o(.text)
    RTC_Alarm_IRQHandler                     0x0800031b   Thumb Code     0  startup_stm32f407xx.o(.text)
    RTC_WKUP_IRQHandler                      0x0800031b   Thumb Code     0  startup_stm32f407xx.o(.text)
    SDIO_IRQHandler                          0x0800031b   Thumb Code     0  startup_stm32f407xx.o(.text)
    SPI1_IRQHandler                          0x0800031b   Thumb Code     0  startup_stm32f407xx.o(.text)
    SPI2_IRQHandler                          0x0800031b   Thumb Code     0  startup_stm32f407xx.o(.text)
    SPI3_IRQHandler                          0x0800031b   Thumb Code     0  startup_stm32f407xx.o(.text)
    TAMP_STAMP_IRQHandler                    0x0800031b   Thumb Code     0  startup_stm32f407xx.o(.text)
    TIM1_BRK_TIM9_IRQHandler                 0x0800031b   Thumb Code     0  startup_stm32f407xx.o(.text)
    TIM1_CC_IRQHandler                       0x0800031b   Thumb Code     0  startup_stm32f407xx.o(.text)
    TIM1_TRG_COM_TIM11_IRQHandler            0x0800031b   Thumb Code     0  startup_stm32f407xx.o(.text)
    TIM1_UP_TIM10_IRQHandler                 0x0800031b   Thumb Code     0  startup_stm32f407xx.o(.text)
    TIM2_IRQHandler                          0x0800031b   Thumb Code     0  startup_stm32f407xx.o(.text)
    TIM3_IRQHandler                          0x0800031b   Thumb Code     0  startup_stm32f407xx.o(.text)
    TIM4_IRQHandler                          0x0800031b   Thumb Code     0  startup_stm32f407xx.o(.text)
    TIM5_IRQHandler                          0x0800031b   Thumb Code     0  startup_stm32f407xx.o(.text)
    TIM6_DAC_IRQHandler                      0x0800031b   Thumb Code     0  startup_stm32f407xx.o(.text)
    TIM7_IRQHandler                          0x0800031b   Thumb Code     0  startup_stm32f407xx.o(.text)
    TIM8_BRK_TIM12_IRQHandler                0x0800031b   Thumb Code     0  startup_stm32f407xx.o(.text)
    TIM8_CC_IRQHandler                       0x0800031b   Thumb Code     0  startup_stm32f407xx.o(.text)
    TIM8_TRG_COM_TIM14_IRQHandler            0x0800031b   Thumb Code     0  startup_stm32f407xx.o(.text)
    TIM8_UP_TIM13_IRQHandler                 0x0800031b   Thumb Code     0  startup_stm32f407xx.o(.text)
    UART4_IRQHandler                         0x0800031b   Thumb Code     0  startup_stm32f407xx.o(.text)
    UART5_IRQHandler                         0x0800031b   Thumb Code     0  startup_stm32f407xx.o(.text)
    USART1_IRQHandler                        0x0800031b   Thumb Code     0  startup_stm32f407xx.o(.text)
    USART2_IRQHandler                        0x0800031b   Thumb Code     0  startup_stm32f407xx.o(.text)
    USART3_IRQHandler                        0x0800031b   Thumb Code     0  startup_stm32f407xx.o(.text)
    USART6_IRQHandler                        0x0800031b   Thumb Code     0  startup_stm32f407xx.o(.text)
    WWDG_IRQHandler                          0x0800031b   Thumb Code     0  startup_stm32f407xx.o(.text)
    __user_initial_stackheap                 0x0800031d   Thumb Code     0  startup_stm32f407xx.o(.text)
    __2printf                                0x08000341   Thumb Code    20  noretval__2printf.o(.text)
    __printf                                 0x08000359   Thumb Code   104  __printf.o(.text)
    _printf_int_dec                          0x080003c1   Thumb Code   104  _printf_dec.o(.text)
    __aeabi_memcpy                           0x08000439   Thumb Code     0  rt_memcpy_v6.o(.text)
    __rt_memcpy                              0x08000439   Thumb Code   138  rt_memcpy_v6.o(.text)
    _memcpy_lastbytes                        0x0800049f   Thumb Code     0  rt_memcpy_v6.o(.text)
    __aeabi_memset                           0x080004c3   Thumb Code    16  aeabi_memset.o(.text)
    __aeabi_memclr4                          0x080004d3   Thumb Code     0  rt_memclr_w.o(.text)
    __aeabi_memclr8                          0x080004d3   Thumb Code     0  rt_memclr_w.o(.text)
    __rt_memclr_w                            0x080004d3   Thumb Code    78  rt_memclr_w.o(.text)
    _memset_w                                0x080004d7   Thumb Code     0  rt_memclr_w.o(.text)
    strcmp                                   0x08000521   Thumb Code   128  strcmpv7m.o(.text)
    __use_two_region_memory                  0x080005a1   Thumb Code     2  heapauxi.o(.text)
    __rt_heap_escrow                         0x080005a3   Thumb Code     2  heapauxi.o(.text)
    __rt_heap_expand                         0x080005a5   Thumb Code     2  heapauxi.o(.text)
    _printf_int_common                       0x080005a7   Thumb Code   178  _printf_intcommon.o(.text)
    _printf_char_file                        0x08000659   Thumb Code    32  _printf_char_file.o(.text)
    __aeabi_memcpy4                          0x0800067d   Thumb Code     0  rt_memcpy_w.o(.text)
    __aeabi_memcpy8                          0x0800067d   Thumb Code     0  rt_memcpy_w.o(.text)
    __rt_memcpy_w                            0x0800067d   Thumb Code   100  rt_memcpy_w.o(.text)
    _memcpy_lastbytes_aligned                0x080006c5   Thumb Code     0  rt_memcpy_w.o(.text)
    __aeabi_memclr                           0x080006e1   Thumb Code     0  rt_memclr.o(.text)
    __rt_memclr                              0x080006e1   Thumb Code    68  rt_memclr.o(.text)
    _memset                                  0x080006e5   Thumb Code     0  rt_memclr.o(.text)
    _printf_char_common                      0x0800072f   Thumb Code    32  _printf_char_common.o(.text)
    ferror                                   0x08000755   Thumb Code     8  ferror.o(.text)
    _initio                                  0x0800075d   Thumb Code   210  initio.o(.text)
    _terminateio                             0x0800082f   Thumb Code    56  initio.o(.text)
    __user_setup_stackheap                   0x08000895   Thumb Code    74  sys_stackheap_outer.o(.text)
    free                                     0x080008df   Thumb Code    78  h1_free.o(.text)
    __flsbuf                                 0x0800092d   Thumb Code   470  flsbuf.o(.text)
    __flsbuf_byte                            0x0800092d   Thumb Code     0  flsbuf.o(.text)
    __flsbuf_wide                            0x0800092d   Thumb Code     0  flsbuf.o(.text)
    setvbuf                                  0x08000b03   Thumb Code    70  setvbuf.o(.text)
    freopen                                  0x08000b49   Thumb Code   158  fopen.o(.text)
    fopen                                    0x08000be7   Thumb Code    74  fopen.o(.text)
    _fclose_internal                         0x08000c35   Thumb Code    76  fclose.o(.text)
    fclose                                   0x08000c35   Thumb Code     0  fclose.o(.text)
    exit                                     0x08000c81   Thumb Code    18  exit.o(.text)
    __rt_SIGRTRED                            0x08000c93   Thumb Code    14  defsig_rtred_outer.o(.text)
    __user_libspace                          0x08000ca1   Thumb Code     8  libspace.o(.text)
    __user_perproc_libspace                  0x08000ca1   Thumb Code     0  libspace.o(.text)
    __user_perthread_libspace                0x08000ca1   Thumb Code     0  libspace.o(.text)
    __rt_heap_descriptor                     0x08000ca9   Thumb Code     8  rt_heap_descriptor_intlibspace.o(.text)
    __use_no_heap                            0x08000cb1   Thumb Code     2  hguard.o(.text)
    __heap$guard                             0x08000cb3   Thumb Code     2  hguard.o(.text)
    _terminate_user_alloc                    0x08000cb5   Thumb Code     2  init_alloc.o(.text)
    _init_user_alloc                         0x08000cb7   Thumb Code     2  init_alloc.o(.text)
    __Heap_Full                              0x08000cb9   Thumb Code    34  init_alloc.o(.text)
    __Heap_Broken                            0x08000cdb   Thumb Code     6  init_alloc.o(.text)
    _init_alloc                              0x08000ce1   Thumb Code    94  init_alloc.o(.text)
    malloc                                   0x08000d3f   Thumb Code    94  h1_alloc.o(.text)
    _fseek                                   0x08000d9d   Thumb Code   242  fseek.o(.text)
    fseek                                    0x08000d9d   Thumb Code     0  fseek.o(.text)
    _seterr                                  0x08000e95   Thumb Code    20  stdio.o(.text)
    _writebuf                                0x08000ea9   Thumb Code    84  stdio.o(.text)
    _fflush                                  0x08000efd   Thumb Code    70  stdio.o(.text)
    _deferredlazyseek                        0x08000f43   Thumb Code    60  stdio.o(.text)
    __sig_exit                               0x08000f85   Thumb Code    10  defsig_exit.o(.text)
    __rt_SIGRTRED_inner                      0x08000f91   Thumb Code    14  defsig_rtred_inner.o(.text)
    _sys_exit                                0x08000fc5   Thumb Code     8  sys_exit.o(.text)
    __Heap_Initialize                        0x08000fd1   Thumb Code    10  h1_init.o(.text)
    __Heap_DescSize                          0x08000fdb   Thumb Code     4  h1_init.o(.text)
    __Heap_ProvideMemory                     0x08000fdf   Thumb Code    52  h1_extend.o(.text)
    _ftell_internal                          0x08001013   Thumb Code    66  ftell.o(.text)
    ftell                                    0x08001013   Thumb Code     0  ftell.o(.text)
    __default_signal_display                 0x08001055   Thumb Code    50  defsig_general.o(.text)
    __rt_SIGRTMEM                            0x08001087   Thumb Code    14  defsig_rtmem_outer.o(.text)
    _ttywrch                                 0x08001095   Thumb Code    14  sys_wrch.o(.text)
    __I$use$semihosting                      0x080010a3   Thumb Code     0  use_no_semi.o(.text)
    __use_no_semihosting_swi                 0x080010a3   Thumb Code     2  use_no_semi.o(.text)
    __aeabi_errno_addr                       0x080010a5   Thumb Code     8  rt_errno_addr_intlibspace.o(.text)
    __errno$intlibspace                      0x080010a5   Thumb Code     0  rt_errno_addr_intlibspace.o(.text)
    __rt_errno_addr$intlibspace              0x080010a5   Thumb Code     0  rt_errno_addr_intlibspace.o(.text)
    __semihosting_library_function           0x080010a5   Thumb Code     0  indicate_semi.o(.text)
    __rt_SIGRTMEM_inner                      0x080010ad   Thumb Code    22  defsig_rtmem_inner.o(.text)
    ITM_SendChar                             0x080010fd   Thumb Code    42  retarget_io.o(i.ITM_SendChar)
    SysTick_Handler                          0x0800112d   Thumb Code    46  port.o(i.SysTick_Handler)
    SystemInit                               0x08001161   Thumb Code    82  system_stm32f4xx.o(i.SystemInit)
    _sys_close                               0x080011c5   Thumb Code    38  retarget_io.o(i._sys_close)
    _sys_flen                                0x080011eb   Thumb Code    36  retarget_io.o(i._sys_flen)
    _sys_istty                               0x0800120f   Thumb Code    36  retarget_io.o(i._sys_istty)
    _sys_open                                0x08001235   Thumb Code    80  retarget_io.o(i._sys_open)
    _sys_seek                                0x0800129d   Thumb Code    44  retarget_io.o(i._sys_seek)
    _sys_write                               0x080012c9   Thumb Code    88  retarget_io.o(i._sys_write)
    consumerTask                             0x08001321   Thumb Code    62  main.o(i.consumerTask)
    fputc                                    0x08001399   Thumb Code    26  fputc.o(i.fputc)
    main                                     0x080013b5   Thumb Code   126  main.o(i.main)
    producerTask                             0x080014b9   Thumb Code    74  main.o(i.producerTask)
    pvPortMalloc                             0x08001df5   Thumb Code   164  heap_2.o(i.pvPortMalloc)
    pvTaskIncrementMutexHeldCount            0x08001ead   Thumb Code    26  tasks.o(i.pvTaskIncrementMutexHeldCount)
    pxPortInitialiseStack                    0x08001ecd   Thumb Code    38  port.o(i.pxPortInitialiseStack)
    uxListRemove                             0x08001f11   Thumb Code    40  list.o(i.uxListRemove)
    vListInitialise                          0x08001f39   Thumb Code    26  list.o(i.vListInitialise)
    vListInitialiseItem                      0x08001f53   Thumb Code     6  list.o(i.vListInitialiseItem)
    vListInsert                              0x08001f59   Thumb Code    52  list.o(i.vListInsert)
    vListInsertEnd                           0x08001f8d   Thumb Code    24  list.o(i.vListInsertEnd)
    vPortEnterCritical                       0x08001fa5   Thumb Code    76  port.o(i.vPortEnterCritical)
    vPortExitCritical                        0x08001ff9   Thumb Code    56  port.o(i.vPortExitCritical)
    vPortFree                                0x08002035   Thumb Code    56  heap_2.o(i.vPortFree)
    vPortSetupTimerInterrupt                 0x08002075   Thumb Code    36  port.o(i.vPortSetupTimerInterrupt)
    vPortValidateInterruptPriority           0x0800209d   Thumb Code   106  port.o(i.vPortValidateInterruptPriority)
    vQueueAddToRegistry                      0x08002115   Thumb Code    38  queue.o(i.vQueueAddToRegistry)
    vQueueWaitForMessageRestricted           0x08002141   Thumb Code    74  queue.o(i.vQueueWaitForMessageRestricted)
    vTaskDelay                               0x0800218d   Thumb Code    82  tasks.o(i.vTaskDelay)
    vTaskInternalSetTimeOutState             0x080021e9   Thumb Code    14  tasks.o(i.vTaskInternalSetTimeOutState)
    vTaskMissedYield                         0x08002201   Thumb Code     8  tasks.o(i.vTaskMissedYield)
    vTaskPlaceOnEventList                    0x0800220d   Thumb Code    52  tasks.o(i.vTaskPlaceOnEventList)
    vTaskPlaceOnEventListRestricted          0x08002245   Thumb Code    60  tasks.o(i.vTaskPlaceOnEventListRestricted)
    vTaskPriorityDisinheritAfterTimeout      0x08002285   Thumb Code   230  tasks.o(i.vTaskPriorityDisinheritAfterTimeout)
    vTaskStartScheduler                      0x08002379   Thumb Code   118  tasks.o(i.vTaskStartScheduler)
    vTaskSuspendAll                          0x0800240d   Thumb Code    12  tasks.o(i.vTaskSuspendAll)
    vTaskSwitchContext                       0x0800241d   Thumb Code   118  tasks.o(i.vTaskSwitchContext)
    xPortStartScheduler                      0x080024a9   Thumb Code   330  port.o(i.xPortStartScheduler)
    xQueueCreateCountingSemaphore            0x08002611   Thumb Code    92  queue.o(i.xQueueCreateCountingSemaphore)
    xQueueGenericCreate                      0x0800266d   Thumb Code    88  queue.o(i.xQueueGenericCreate)
    xQueueGenericReset                       0x080026c5   Thumb Code   146  queue.o(i.xQueueGenericReset)
    xQueueGenericSend                        0x0800275d   Thumb Code   420  queue.o(i.xQueueGenericSend)
    xQueueGenericSendFromISR                 0x08002905   Thumb Code   248  queue.o(i.xQueueGenericSendFromISR)
    xQueueReceive                            0x080029fd   Thumb Code   356  queue.o(i.xQueueReceive)
    xQueueSemaphoreTake                      0x08002b65   Thumb Code   434  queue.o(i.xQueueSemaphoreTake)
    xTaskCheckForTimeOut                     0x08002d1d   Thumb Code   132  tasks.o(i.xTaskCheckForTimeOut)
    xTaskCreate                              0x08002da9   Thumb Code    96  tasks.o(i.xTaskCreate)
    xTaskGetSchedulerState                   0x08002e09   Thumb Code    24  tasks.o(i.xTaskGetSchedulerState)
    xTaskGetTickCount                        0x08002e29   Thumb Code     6  tasks.o(i.xTaskGetTickCount)
    xTaskIncrementTick                       0x08002e35   Thumb Code   282  tasks.o(i.xTaskIncrementTick)
    xTaskPriorityDisinherit                  0x08002f7d   Thumb Code   188  tasks.o(i.xTaskPriorityDisinherit)
    xTaskPriorityInherit                     0x08003045   Thumb Code   186  tasks.o(i.xTaskPriorityInherit)
    xTaskRemoveFromEventList                 0x0800310d   Thumb Code   128  tasks.o(i.xTaskRemoveFromEventList)
    xTaskResumeAll                           0x080031a5   Thumb Code   224  tasks.o(i.xTaskResumeAll)
    xTimerCreateTimerTask                    0x080032a9   Thumb Code    66  timers.o(i.xTimerCreateTimerTask)
    xTimerGenericCommand                     0x08003301   Thumb Code   126  timers.o(i.xTimerGenericCommand)
    _fp_init                                 0x08003385   Thumb Code    10  fpinit.o(x$fpl$fpinit)
    __fplib_config_fpu_vfp                   0x0800338d   Thumb Code     0  fpinit.o(x$fpl$fpinit)
    __fplib_config_pureend_doubles           0x0800338d   Thumb Code     0  fpinit.o(x$fpl$fpinit)
    __stdin_name                             0x0800338e   Data           7  retarget_io.o(.constdata)
    __stdout_name                            0x08003395   Data           8  retarget_io.o(.constdata)
    __stderr_name                            0x0800339d   Data           8  retarget_io.o(.constdata)
    Region$$Table$$Base                      0x080033a8   Number         0  anon$$obj.o(Region$$Table)
    Region$$Table$$Limit                     0x080033c8   Number         0  anon$$obj.o(Region$$Table)
    countingSemaphore                        0x20000000   Data           4  main.o(.data)
    queue                                    0x20000004   Data           4  main.o(.data)
    pxCurrentTCB                             0x20000008   Data           4  tasks.o(.data)
    SystemCoreClock                          0x2000007c   Data           4  system_stm32f4xx.o(.data)
    __aeabi_stdin                            0x20000080   Data           4  stdio_streams.o(.data)
    __aeabi_stdout                           0x20000084   Data           4  stdio_streams.o(.data)
    __aeabi_stderr                           0x20000088   Data           4  stdio_streams.o(.data)
    xQueueRegistry                           0x2000008c   Data          64  queue.o(.bss)
    __stdin                                  0x20012dbc   Data          84  stdio_streams.o(.bss)
    __stdout                                 0x20012e10   Data          84  stdio_streams.o(.bss)
    __stderr                                 0x20012e64   Data          84  stdio_streams.o(.bss)
    __libspace_start                         0x20012eb8   Data          96  libspace.o(.bss)
    __temporary_stack_top$libspace           0x20012f18   Data           0  libspace.o(.bss)



==============================================================================

Memory Map of the image

  Image Entry point : 0x08000301

  Load Region LR_1 (Base: 0x08000000, Size: 0x00003454, Max: 0xffffffff, ABSOLUTE)

    Execution Region ER_RO (Base: 0x08000000, Size: 0x000033c8, Max: 0xffffffff, ABSOLUTE)

    Base Addr    Size         Type   Attr      Idx    E Section Name        Object

    0x08000000   0x00000188   Data   RO         1349    RESET               startup_stm32f407xx.o
    0x08000188   0x00000008   Code   RO         1435  * !!!main             c_w.l(__main.o)
    0x08000190   0x00000034   Code   RO         1777    !!!scatter          c_w.l(__scatter.o)
    0x080001c4   0x0000001a   Code   RO         1779    !!handler_copy      c_w.l(__scatter_copy.o)
    0x080001de   0x00000002   PAD
    0x080001e0   0x0000001c   Code   RO         1781    !!handler_zi        c_w.l(__scatter_zi.o)
    0x080001fc   0x00000000   Code   RO         1422    .ARM.Collect$$_printf_percent$$00000000  c_w.l(_printf_percent.o)
    0x080001fc   0x00000006   Code   RO         1421    .ARM.Collect$$_printf_percent$$00000009  c_w.l(_printf_d.o)
    0x08000202   0x00000004   Code   RO         1442    .ARM.Collect$$_printf_percent$$00000017  c_w.l(_printf_percent_end.o)
    0x08000206   0x00000002   Code   RO         1570    .ARM.Collect$$libinit$$00000000  c_w.l(libinit.o)
    0x08000208   0x00000004   Code   RO         1571    .ARM.Collect$$libinit$$00000001  c_w.l(libinit2.o)
    0x0800020c   0x00000000   Code   RO         1574    .ARM.Collect$$libinit$$00000004  c_w.l(libinit2.o)
    0x0800020c   0x00000008   Code   RO         1575    .ARM.Collect$$libinit$$00000005  c_w.l(libinit2.o)
    0x08000214   0x00000000   Code   RO         1577    .ARM.Collect$$libinit$$0000000A  c_w.l(libinit2.o)
    0x08000214   0x00000000   Code   RO         1579    .ARM.Collect$$libinit$$0000000C  c_w.l(libinit2.o)
    0x08000214   0x00000000   Code   RO         1581    .ARM.Collect$$libinit$$0000000E  c_w.l(libinit2.o)
    0x08000214   0x00000000   Code   RO         1584    .ARM.Collect$$libinit$$00000011  c_w.l(libinit2.o)
    0x08000214   0x00000000   Code   RO         1586    .ARM.Collect$$libinit$$00000013  c_w.l(libinit2.o)
    0x08000214   0x00000000   Code   RO         1588    .ARM.Collect$$libinit$$00000015  c_w.l(libinit2.o)
    0x08000214   0x00000000   Code   RO         1590    .ARM.Collect$$libinit$$00000017  c_w.l(libinit2.o)
    0x08000214   0x00000000   Code   RO         1592    .ARM.Collect$$libinit$$00000019  c_w.l(libinit2.o)
    0x08000214   0x00000000   Code   RO         1594    .ARM.Collect$$libinit$$0000001B  c_w.l(libinit2.o)
    0x08000214   0x00000000   Code   RO         1596    .ARM.Collect$$libinit$$0000001D  c_w.l(libinit2.o)
    0x08000214   0x00000000   Code   RO         1598    .ARM.Collect$$libinit$$0000001F  c_w.l(libinit2.o)
    0x08000214   0x00000000   Code   RO         1600    .ARM.Collect$$libinit$$00000021  c_w.l(libinit2.o)
    0x08000214   0x00000000   Code   RO         1602    .ARM.Collect$$libinit$$00000023  c_w.l(libinit2.o)
    0x08000214   0x00000004   Code   RO         1603    .ARM.Collect$$libinit$$00000024  c_w.l(libinit2.o)
    0x08000218   0x00000000   Code   RO         1604    .ARM.Collect$$libinit$$00000025  c_w.l(libinit2.o)
    0x08000218   0x00000000   Code   RO         1608    .ARM.Collect$$libinit$$0000002C  c_w.l(libinit2.o)
    0x08000218   0x00000000   Code   RO         1610    .ARM.Collect$$libinit$$0000002E  c_w.l(libinit2.o)
    0x08000218   0x00000000   Code   RO         1612    .ARM.Collect$$libinit$$00000030  c_w.l(libinit2.o)
    0x08000218   0x00000000   Code   RO         1614    .ARM.Collect$$libinit$$00000032  c_w.l(libinit2.o)
    0x08000218   0x00000002   Code   RO         1615    .ARM.Collect$$libinit$$00000033  c_w.l(libinit2.o)
    0x0800021a   0x00000002   Code   RO         1756    .ARM.Collect$$libshutdown$$00000000  c_w.l(libshutdown.o)
    0x0800021c   0x00000000   Code   RO         1617    .ARM.Collect$$libshutdown$$00000002  c_w.l(libshutdown2.o)
    0x0800021c   0x00000004   Code   RO         1618    .ARM.Collect$$libshutdown$$00000003  c_w.l(libshutdown2.o)
    0x08000220   0x00000000   Code   RO         1619    .ARM.Collect$$libshutdown$$00000004  c_w.l(libshutdown2.o)
    0x08000220   0x00000000   Code   RO         1622    .ARM.Collect$$libshutdown$$00000007  c_w.l(libshutdown2.o)
    0x08000220   0x00000000   Code   RO         1625    .ARM.Collect$$libshutdown$$0000000A  c_w.l(libshutdown2.o)
    0x08000220   0x00000000   Code   RO         1627    .ARM.Collect$$libshutdown$$0000000C  c_w.l(libshutdown2.o)
    0x08000220   0x00000000   Code   RO         1630    .ARM.Collect$$libshutdown$$0000000F  c_w.l(libshutdown2.o)
    0x08000220   0x00000002   Code   RO         1631    .ARM.Collect$$libshutdown$$00000010  c_w.l(libshutdown2.o)
    0x08000222   0x00000000   Code   RO         1437    .ARM.Collect$$rtentry$$00000000  c_w.l(__rtentry.o)
    0x08000222   0x00000000   Code   RO         1454    .ARM.Collect$$rtentry$$00000002  c_w.l(__rtentry2.o)
    0x08000222   0x00000006   Code   RO         1466    .ARM.Collect$$rtentry$$00000004  c_w.l(__rtentry4.o)
    0x08000228   0x00000000   Code   RO         1456    .ARM.Collect$$rtentry$$00000009  c_w.l(__rtentry2.o)
    0x08000228   0x00000004   Code   RO         1457    .ARM.Collect$$rtentry$$0000000A  c_w.l(__rtentry2.o)
    0x0800022c   0x00000000   Code   RO         1459    .ARM.Collect$$rtentry$$0000000C  c_w.l(__rtentry2.o)
    0x0800022c   0x00000008   Code   RO         1460    .ARM.Collect$$rtentry$$0000000D  c_w.l(__rtentry2.o)
    0x08000234   0x00000002   Code   RO         1637    .ARM.Collect$$rtexit$$00000000  c_w.l(rtexit.o)
    0x08000236   0x00000000   Code   RO         1691    .ARM.Collect$$rtexit$$00000002  c_w.l(rtexit2.o)
    0x08000236   0x00000004   Code   RO         1692    .ARM.Collect$$rtexit$$00000003  c_w.l(rtexit2.o)
    0x0800023a   0x00000006   Code   RO         1693    .ARM.Collect$$rtexit$$00000004  c_w.l(rtexit2.o)
    0x08000240   0x000000be   Code   RO         1175    .emb_text           port.o
    0x080002fe   0x00000002   PAD
    0x08000300   0x00000000   Code   RO         1697    .emb_text           c_w.l(maybetermalloc1.o)
    0x08000300   0x00000040   Code   RO         1350  * .text               startup_stm32f407xx.o
    0x08000340   0x00000018   Code   RO         1395    .text               c_w.l(noretval__2printf.o)
    0x08000358   0x00000068   Code   RO         1397    .text               c_w.l(__printf.o)
    0x080003c0   0x00000078   Code   RO         1399    .text               c_w.l(_printf_dec.o)
    0x08000438   0x0000008a   Code   RO         1423    .text               c_w.l(rt_memcpy_v6.o)
    0x080004c2   0x00000010   Code   RO         1427    .text               c_w.l(aeabi_memset.o)
    0x080004d2   0x0000004e   Code   RO         1429    .text               c_w.l(rt_memclr_w.o)
    0x08000520   0x00000080   Code   RO         1431    .text               c_w.l(strcmpv7m.o)
    0x080005a0   0x00000006   Code   RO         1433    .text               c_w.l(heapauxi.o)
    0x080005a6   0x000000b2   Code   RO         1438    .text               c_w.l(_printf_intcommon.o)
    0x08000658   0x00000024   Code   RO         1440    .text               c_w.l(_printf_char_file.o)
    0x0800067c   0x00000064   Code   RO         1449    .text               c_w.l(rt_memcpy_w.o)
    0x080006e0   0x00000044   Code   RO         1451    .text               c_w.l(rt_memclr.o)
    0x08000724   0x00000030   Code   RO         1468    .text               c_w.l(_printf_char_common.o)
    0x08000754   0x00000008   Code   RO         1470    .text               c_w.l(ferror.o)
    0x0800075c   0x00000138   Code   RO         1476    .text               c_w.l(initio.o)
    0x08000894   0x0000004a   Code   RO         1486    .text               c_w.l(sys_stackheap_outer.o)
    0x080008de   0x0000004e   Code   RO         1490    .text               c_w.l(h1_free.o)
    0x0800092c   0x000001d6   Code   RO         1546    .text               c_w.l(flsbuf.o)
    0x08000b02   0x00000046   Code   RO         1548    .text               c_w.l(setvbuf.o)
    0x08000b48   0x000000ec   Code   RO         1551    .text               c_w.l(fopen.o)
    0x08000c34   0x0000004c   Code   RO         1553    .text               c_w.l(fclose.o)
    0x08000c80   0x00000012   Code   RO         1559    .text               c_w.l(exit.o)
    0x08000c92   0x0000000e   Code   RO         1561    .text               c_w.l(defsig_rtred_outer.o)
    0x08000ca0   0x00000008   Code   RO         1634    .text               c_w.l(libspace.o)
    0x08000ca8   0x00000008   Code   RO         1644    .text               c_w.l(rt_heap_descriptor_intlibspace.o)
    0x08000cb0   0x00000004   Code   RO         1646    .text               c_w.l(hguard.o)
    0x08000cb4   0x0000008a   Code   RO         1648    .text               c_w.l(init_alloc.o)
    0x08000d3e   0x0000005e   Code   RO         1654    .text               c_w.l(h1_alloc.o)
    0x08000d9c   0x000000f8   Code   RO         1670    .text               c_w.l(fseek.o)
    0x08000e94   0x000000f0   Code   RO         1672    .text               c_w.l(stdio.o)
    0x08000f84   0x0000000a   Code   RO         1678    .text               c_w.l(defsig_exit.o)
    0x08000f8e   0x00000002   PAD
    0x08000f90   0x00000034   Code   RO         1680    .text               c_w.l(defsig_rtred_inner.o)
    0x08000fc4   0x0000000c   Code   RO         1688    .text               c_w.l(sys_exit.o)
    0x08000fd0   0x0000000e   Code   RO         1699    .text               c_w.l(h1_init.o)
    0x08000fde   0x00000034   Code   RO         1701    .text               c_w.l(h1_extend.o)
    0x08001012   0x00000042   Code   RO         1711    .text               c_w.l(ftell.o)
    0x08001054   0x00000032   Code   RO         1719    .text               c_w.l(defsig_general.o)
    0x08001086   0x0000000e   Code   RO         1721    .text               c_w.l(defsig_rtmem_outer.o)
    0x08001094   0x0000000e   Code   RO         1734    .text               c_w.l(sys_wrch.o)
    0x080010a2   0x00000002   Code   RO         1738    .text               c_w.l(use_no_semi.o)
    0x080010a4   0x00000000   Code   RO         1740    .text               c_w.l(indicate_semi.o)
    0x080010a4   0x00000008   Code   RO         1744    .text               c_w.l(rt_errno_addr_intlibspace.o)
    0x080010ac   0x00000050   Code   RO         1750    .text               c_w.l(defsig_rtmem_inner.o)
    0x080010fc   0x00000030   Code   RO         1253    i.ITM_SendChar      retarget_io.o
    0x0800112c   0x00000034   Code   RO         1176    i.SysTick_Handler   port.o
    0x08001160   0x00000064   Code   RO         1358    i.SystemInit        system_stm32f4xx.o
    0x080011c4   0x00000026   Code   RO         1254    i._sys_close        retarget_io.o
    0x080011ea   0x00000024   Code   RO         1255    i._sys_flen         retarget_io.o
    0x0800120e   0x00000024   Code   RO         1256    i._sys_istty        retarget_io.o
    0x08001232   0x00000002   PAD
    0x08001234   0x00000068   Code   RO         1257    i._sys_open         retarget_io.o
    0x0800129c   0x0000002c   Code   RO         1259    i._sys_seek         retarget_io.o
    0x080012c8   0x00000058   Code   RO         1260    i._sys_write        retarget_io.o
    0x08001320   0x00000078   Code   RO            4    i.consumerTask      main.o
    0x08001398   0x0000001a   Code   RO         1473    i.fputc             c_w.l(fputc.o)
    0x080013b2   0x00000002   PAD
    0x080013b4   0x00000104   Code   RO            5    i.main              main.o
    0x080014b8   0x00000070   Code   RO            6    i.producerTask      main.o
    0x08001528   0x00000098   Code   RO          646    i.prvAddCurrentTaskToDelayedList  tasks.o
    0x080015c0   0x000000b8   Code   RO          647    i.prvAddNewTaskToReadyList  tasks.o
    0x08001678   0x00000064   Code   RO          995    i.prvCheckForValidListAndQueue  timers.o
    0x080016dc   0x00000048   Code   RO          648    i.prvCheckTasksWaitingTermination  tasks.o
    0x08001724   0x0000002a   Code   RO          278    i.prvCopyDataFromQueue  queue.o
    0x0800174e   0x0000007c   Code   RO          279    i.prvCopyDataToQueue  queue.o
    0x080017ca   0x00000012   Code   RO          649    i.prvDeleteTCB      tasks.o
    0x080017dc   0x00000014   Code   RO          280    i.prvGetDisinheritPriorityAfterTimeout  queue.o
    0x080017f0   0x00000028   Code   RO          996    i.prvGetNextExpireTime  timers.o
    0x08001818   0x00000038   Code   RO         1137    i.prvHeapInit       heap_2.o
    0x08001850   0x00000028   Code   RO          650    i.prvIdleTask       tasks.o
    0x08001878   0x0000002a   Code   RO          282    i.prvInitialiseNewQueue  queue.o
    0x080018a2   0x000000b4   Code   RO          651    i.prvInitialiseNewTask  tasks.o
    0x08001956   0x00000002   PAD
    0x08001958   0x00000068   Code   RO          652    i.prvInitialiseTaskLists  tasks.o
    0x080019c0   0x00000058   Code   RO          998    i.prvInsertTimerInActiveList  timers.o
    0x08001a18   0x0000001a   Code   RO          283    i.prvIsQueueEmpty   queue.o
    0x08001a32   0x0000001e   Code   RO          284    i.prvIsQueueFull    queue.o
    0x08001a50   0x00000064   Code   RO          999    i.prvProcessExpiredTimer  timers.o
    0x08001ab4   0x000000f4   Code   RO         1000    i.prvProcessReceivedCommands  timers.o
    0x08001ba8   0x00000074   Code   RO         1001    i.prvProcessTimerOrBlockTask  timers.o
    0x08001c1c   0x00000034   Code   RO          654    i.prvResetNextTaskUnblockTime  tasks.o
    0x08001c50   0x0000002c   Code   RO         1002    i.prvSampleTimeNow  timers.o
    0x08001c7c   0x000000a0   Code   RO         1003    i.prvSwitchTimerLists  timers.o
    0x08001d1c   0x00000040   Code   RO         1177    i.prvTaskExitError  port.o
    0x08001d5c   0x0000001a   Code   RO         1004    i.prvTimerTask      timers.o
    0x08001d76   0x0000007e   Code   RO          285    i.prvUnlockQueue    queue.o
    0x08001df4   0x000000b8   Code   RO         1138    i.pvPortMalloc      heap_2.o
    0x08001eac   0x00000020   Code   RO          657    i.pvTaskIncrementMutexHeldCount  tasks.o
    0x08001ecc   0x0000002c   Code   RO         1178    i.pxPortInitialiseStack  port.o
    0x08001ef8   0x0000000c   Code   RO         1261    i.stderr_putchar    retarget_io.o
    0x08001f04   0x0000000c   Code   RO         1263    i.stdout_putchar    retarget_io.o
    0x08001f10   0x00000028   Code   RO          238    i.uxListRemove      list.o
    0x08001f38   0x0000001a   Code   RO          239    i.vListInitialise   list.o
    0x08001f52   0x00000006   Code   RO          240    i.vListInitialiseItem  list.o
    0x08001f58   0x00000034   Code   RO          241    i.vListInsert       list.o
    0x08001f8c   0x00000018   Code   RO          242    i.vListInsertEnd    list.o
    0x08001fa4   0x00000054   Code   RO         1180    i.vPortEnterCritical  port.o
    0x08001ff8   0x0000003c   Code   RO         1181    i.vPortExitCritical  port.o
    0x08002034   0x00000040   Code   RO         1139    i.vPortFree         heap_2.o
    0x08002074   0x00000028   Code   RO         1182    i.vPortSetupTimerInterrupt  port.o
    0x0800209c   0x00000078   Code   RO         1183    i.vPortValidateInterruptPriority  port.o
    0x08002114   0x0000002c   Code   RO          291    i.vQueueAddToRegistry  queue.o
    0x08002140   0x0000004a   Code   RO          295    i.vQueueWaitForMessageRestricted  queue.o
    0x0800218a   0x00000002   PAD
    0x0800218c   0x0000005c   Code   RO          665    i.vTaskDelay        tasks.o
    0x080021e8   0x00000018   Code   RO          670    i.vTaskInternalSetTimeOutState  tasks.o
    0x08002200   0x0000000c   Code   RO          671    i.vTaskMissedYield  tasks.o
    0x0800220c   0x00000038   Code   RO          673    i.vTaskPlaceOnEventList  tasks.o
    0x08002244   0x00000040   Code   RO          674    i.vTaskPlaceOnEventListRestricted  tasks.o
    0x08002284   0x000000f4   Code   RO          676    i.vTaskPriorityDisinheritAfterTimeout  tasks.o
    0x08002378   0x00000094   Code   RO          682    i.vTaskStartScheduler  tasks.o
    0x0800240c   0x00000010   Code   RO          684    i.vTaskSuspendAll   tasks.o
    0x0800241c   0x0000008c   Code   RO          685    i.vTaskSwitchContext  tasks.o
    0x080024a8   0x00000168   Code   RO         1184    i.xPortStartScheduler  port.o
    0x08002610   0x0000005c   Code   RO          296    i.xQueueCreateCountingSemaphore  queue.o
    0x0800266c   0x00000058   Code   RO          298    i.xQueueGenericCreate  queue.o
    0x080026c4   0x00000098   Code   RO          299    i.xQueueGenericReset  queue.o
    0x0800275c   0x000001a8   Code   RO          300    i.xQueueGenericSend  queue.o
    0x08002904   0x000000f8   Code   RO          301    i.xQueueGenericSendFromISR  queue.o
    0x080029fc   0x00000168   Code   RO          308    i.xQueueReceive     queue.o
    0x08002b64   0x000001b8   Code   RO          310    i.xQueueSemaphoreTake  queue.o
    0x08002d1c   0x0000008c   Code   RO          686    i.xTaskCheckForTimeOut  tasks.o
    0x08002da8   0x00000060   Code   RO          687    i.xTaskCreate       tasks.o
    0x08002e08   0x00000020   Code   RO          691    i.xTaskGetSchedulerState  tasks.o
    0x08002e28   0x0000000c   Code   RO          692    i.xTaskGetTickCount  tasks.o
    0x08002e34   0x00000148   Code   RO          694    i.xTaskIncrementTick  tasks.o
    0x08002f7c   0x000000c8   Code   RO          697    i.xTaskPriorityDisinherit  tasks.o
    0x08003044   0x000000c8   Code   RO          698    i.xTaskPriorityInherit  tasks.o
    0x0800310c   0x00000098   Code   RO          699    i.xTaskRemoveFromEventList  tasks.o
    0x080031a4   0x00000104   Code   RO          700    i.xTaskResumeAll    tasks.o
    0x080032a8   0x00000058   Code   RO         1010    i.xTimerCreateTimerTask  timers.o
    0x08003300   0x00000084   Code   RO         1011    i.xTimerGenericCommand  timers.o
    0x08003384   0x0000000a   Code   RO         1686    x$fpl$fpinit        fz_wm.l(fpinit.o)
    0x0800338e   0x00000017   Data   RO         1264    .constdata          retarget_io.o
    0x080033a5   0x00000003   PAD
    0x080033a8   0x00000020   Data   RO         1775    Region$$Table       anon$$obj.o


    Execution Region ER_RW (Base: 0x20000000, Size: 0x0000008c, Max: 0xffffffff, ABSOLUTE)

    Base Addr    Size         Type   Attr      Idx    E Section Name        Object

    0x20000000   0x00000008   Data   RW            7    .data               main.o
    0x20000008   0x0000003c   Data   RW          703    .data               tasks.o
    0x20000044   0x00000014   Data   RW         1017    .data               timers.o
    0x20000058   0x00000018   Data   RW         1143    .data               heap_2.o
    0x20000070   0x0000000c   Data   RW         1185    .data               port.o
    0x2000007c   0x00000004   Data   RW         1360    .data               system_stm32f4xx.o
    0x20000080   0x00000004   Data   RW         1446    .data               c_w.l(stdio_streams.o)
    0x20000084   0x00000004   Data   RW         1447    .data               c_w.l(stdio_streams.o)
    0x20000088   0x00000004   Data   RW         1448    .data               c_w.l(stdio_streams.o)


    Execution Region ER_ZI (Base: 0x2000008c, Size: 0x0001348c, Max: 0xffffffff, ABSOLUTE)

    Base Addr    Size         Type   Attr      Idx    E Section Name        Object

    0x2000008c   0x00000040   Zero   RW          312    .bss                queue.o
    0x200000cc   0x000000c8   Zero   RW          702    .bss                tasks.o
    0x20000194   0x00000028   Zero   RW         1016    .bss                timers.o
    0x200001bc   0x00012c00   Zero   RW         1142    .bss                heap_2.o
    0x20012dbc   0x00000054   Zero   RW         1443    .bss                c_w.l(stdio_streams.o)
    0x20012e10   0x00000054   Zero   RW         1444    .bss                c_w.l(stdio_streams.o)
    0x20012e64   0x00000054   Zero   RW         1445    .bss                c_w.l(stdio_streams.o)
    0x20012eb8   0x00000060   Zero   RW         1635    .bss                c_w.l(libspace.o)
    0x20012f18   0x00000200   Zero   RW         1348    HEAP                startup_stm32f407xx.o
    0x20013118   0x00000400   Zero   RW         1347    STACK               startup_stm32f407xx.o


==============================================================================

Image component sizes


      Code (inc. data)   RO Data    RW Data    ZI Data      Debug   Object Name

         0          0          0          0          0      12036   event_groups.o
       304         46          0         24      76800       3843   heap_2.o
       148          0          0          0          0       3470   list.o
       492        230          0          8          0      18603   main.o
      1014         92          0         12          0      12209   port.o
      2332         26          0          0         64      17140   queue.o
       418         30         23          0          0       7454   retarget_io.o
        64         26        392          0       1536        908   startup_stm32f407xx.o
       100         18          0          4          0       1429   system_stm32f4xx.o
      3050        382          0         60        200      24743   tasks.o
      1138        116          0         20         40      18059   timers.o

    ----------------------------------------------------------------------
      9068        966        450        128      78640     119894   Object Totals
         0          0         32          0          0          0   (incl. Generated)
         8          0          3          0          0          0   (incl. Padding)

    ----------------------------------------------------------------------

      Code (inc. data)   RO Data    RW Data    ZI Data      Debug   Library Member Name

         8          0          0          0          0         68   __main.o
       104          0          0          0          0         84   __printf.o
         0          0          0          0          0          0   __rtentry.o
        12          0          0          0          0          0   __rtentry2.o
         6          0          0          0          0          0   __rtentry4.o
        52          8          0          0          0          0   __scatter.o
        26          0          0          0          0          0   __scatter_copy.o
        28          0          0          0          0          0   __scatter_zi.o
        48          6          0          0          0         96   _printf_char_common.o
        36          4          0          0          0         80   _printf_char_file.o
         6          0          0          0          0          0   _printf_d.o
       120         16          0          0          0         92   _printf_dec.o
       178          0          0          0          0         88   _printf_intcommon.o
         0          0          0          0          0          0   _printf_percent.o
         4          0          0          0          0          0   _printf_percent_end.o
        16          0          0          0          0         68   aeabi_memset.o
        10          0          0          0          0         68   defsig_exit.o
        50          0          0          0          0         88   defsig_general.o
        80         58          0          0          0         76   defsig_rtmem_inner.o
        14          0          0          0          0         80   defsig_rtmem_outer.o
        52         38          0          0          0         76   defsig_rtred_inner.o
        14          0          0          0          0         80   defsig_rtred_outer.o
        18          0          0          0          0         80   exit.o
        76          0          0          0          0         88   fclose.o
         8          0          0          0          0         68   ferror.o
       470          0          0          0          0         88   flsbuf.o
       236          4          0          0          0        128   fopen.o
        26          0          0          0          0         68   fputc.o
       248          6          0          0          0         84   fseek.o
        66          0          0          0          0         76   ftell.o
        94          0          0          0          0         80   h1_alloc.o
        52          0          0          0          0         68   h1_extend.o
        78          0          0          0          0         80   h1_free.o
        14          0          0          0          0         84   h1_init.o
         6          0          0          0          0        152   heapauxi.o
         4          0          0          0          0        136   hguard.o
         0          0          0          0          0          0   indicate_semi.o
       138          0          0          0          0        168   init_alloc.o
       312         46          0          0          0        112   initio.o
         2          0          0          0          0          0   libinit.o
        18          0          0          0          0          0   libinit2.o
         2          0          0          0          0          0   libshutdown.o
         6          0          0          0          0          0   libshutdown2.o
         8          4          0          0         96         68   libspace.o
         0          0          0          0          0          0   maybetermalloc1.o
        24          4          0          0          0         84   noretval__2printf.o
         8          4          0          0          0         68   rt_errno_addr_intlibspace.o
         8          4          0          0          0         68   rt_heap_descriptor_intlibspace.o
        68          0          0          0          0         68   rt_memclr.o
        78          0          0          0          0         80   rt_memclr_w.o
       138          0          0          0          0         68   rt_memcpy_v6.o
       100          0          0          0          0         80   rt_memcpy_w.o
         2          0          0          0          0          0   rtexit.o
        10          0          0          0          0          0   rtexit2.o
        70          0          0          0          0         80   setvbuf.o
       240          6          0          0          0        156   stdio.o
         0          0          0         12        252          0   stdio_streams.o
       128          0          0          0          0         68   strcmpv7m.o
        12          4          0          0          0         68   sys_exit.o
        74          0          0          0          0         80   sys_stackheap_outer.o
        14          0          0          0          0         76   sys_wrch.o
         2          0          0          0          0         68   use_no_semi.o
        10          0          0          0          0        116   fpinit.o

    ----------------------------------------------------------------------
      3738        212          0         12        348       3900   Library Totals
         6          0          0          0          0          0   (incl. Padding)

    ----------------------------------------------------------------------

      Code (inc. data)   RO Data    RW Data    ZI Data      Debug   Library Name

      3722        212          0         12        348       3784   c_w.l
        10          0          0          0          0        116   fz_wm.l

    ----------------------------------------------------------------------
      3738        212          0         12        348       3900   Library Totals

    ----------------------------------------------------------------------

==============================================================================


      Code (inc. data)   RO Data    RW Data    ZI Data      Debug   

     12806       1178        450        140      78988     113662   Grand Totals
     12806       1178        450        140      78988     113662   ELF Image Totals
     12806       1178        450        140          0          0   ROM Totals

==============================================================================

    Total RO  Size (Code + RO Data)                13256 (  12.95kB)
    Total RW  Size (RW Data + ZI Data)             79128 (  77.27kB)
    Total ROM Size (Code + RO Data + RW Data)      13396 (  13.08kB)

==============================================================================

