Component: ARM Compiler 5.06 update 3 (build 300) Tool: armlink [4d35c9]

==============================================================================

Section Cross References

    main.o(i.main) refers to queue.o(i.xQueueCreateMutex) for xQueueCreateMutex
    main.o(i.main) refers to tasks.o(i.xTaskCreate) for xTaskCreate
    main.o(i.main) refers to tasks.o(i.vTaskStartScheduler) for vTaskStartScheduler
    main.o(i.main) refers to noretval__2printf.o(.text) for __2printf
    main.o(i.main) refers to main.o(.data) for mutex
    main.o(i.main) refers to main.o(i.printingTask) for printingTask
    main.o(i.printingTask) refers to _printf_percent.o(.ARM.Collect$$_printf_percent$$00000000) for _printf_percent
    main.o(i.printingTask) refers to _printf_s.o(.ARM.Collect$$_printf_percent$$00000014) for _printf_s
    main.o(i.printingTask) refers to _printf_str.o(.text) for _printf_str
    main.o(i.printingTask) refers to queue.o(i.xQueueSemaphoreTake) for xQueueSemaphoreTake
    main.o(i.printingTask) refers to noretval__2printf.o(.text) for __2printf
    main.o(i.printingTask) refers to queue.o(i.xQueueGenericSend) for xQueueGenericSend
    main.o(i.printingTask) refers to main.o(.data) for mutex
    event_groups.o(i.vEventGroupClearBitsCallback) refers to event_groups.o(i.xEventGroupClearBits) for xEventGroupClearBits
    event_groups.o(i.vEventGroupDelete) refers to tasks.o(i.vTaskSuspendAll) for vTaskSuspendAll
    event_groups.o(i.vEventGroupDelete) refers to tasks.o(i.vTaskRemoveFromUnorderedEventList) for vTaskRemoveFromUnorderedEventList
    event_groups.o(i.vEventGroupDelete) refers to heap_2.o(i.vPortFree) for vPortFree
    event_groups.o(i.vEventGroupDelete) refers to tasks.o(i.xTaskResumeAll) for xTaskResumeAll
    event_groups.o(i.vEventGroupSetBitsCallback) refers to event_groups.o(i.xEventGroupSetBits) for xEventGroupSetBits
    event_groups.o(i.xEventGroupClearBits) refers to port.o(i.vPortEnterCritical) for vPortEnterCritical
    event_groups.o(i.xEventGroupClearBits) refers to port.o(i.vPortExitCritical) for vPortExitCritical
    event_groups.o(i.xEventGroupCreate) refers to heap_2.o(i.pvPortMalloc) for pvPortMalloc
    event_groups.o(i.xEventGroupCreate) refers to list.o(i.vListInitialise) for vListInitialise
    event_groups.o(i.xEventGroupSetBits) refers to tasks.o(i.vTaskSuspendAll) for vTaskSuspendAll
    event_groups.o(i.xEventGroupSetBits) refers to tasks.o(i.vTaskRemoveFromUnorderedEventList) for vTaskRemoveFromUnorderedEventList
    event_groups.o(i.xEventGroupSetBits) refers to tasks.o(i.xTaskResumeAll) for xTaskResumeAll
    event_groups.o(i.xEventGroupSync) refers to tasks.o(i.xTaskGetSchedulerState) for xTaskGetSchedulerState
    event_groups.o(i.xEventGroupSync) refers to tasks.o(i.vTaskSuspendAll) for vTaskSuspendAll
    event_groups.o(i.xEventGroupSync) refers to event_groups.o(i.xEventGroupSetBits) for xEventGroupSetBits
    event_groups.o(i.xEventGroupSync) refers to tasks.o(i.vTaskPlaceOnUnorderedEventList) for vTaskPlaceOnUnorderedEventList
    event_groups.o(i.xEventGroupSync) refers to tasks.o(i.xTaskResumeAll) for xTaskResumeAll
    event_groups.o(i.xEventGroupSync) refers to tasks.o(i.uxTaskResetEventItemValue) for uxTaskResetEventItemValue
    event_groups.o(i.xEventGroupSync) refers to port.o(i.vPortEnterCritical) for vPortEnterCritical
    event_groups.o(i.xEventGroupSync) refers to port.o(i.vPortExitCritical) for vPortExitCritical
    event_groups.o(i.xEventGroupWaitBits) refers to tasks.o(i.xTaskGetSchedulerState) for xTaskGetSchedulerState
    event_groups.o(i.xEventGroupWaitBits) refers to tasks.o(i.vTaskSuspendAll) for vTaskSuspendAll
    event_groups.o(i.xEventGroupWaitBits) refers to event_groups.o(i.prvTestWaitCondition) for prvTestWaitCondition
    event_groups.o(i.xEventGroupWaitBits) refers to tasks.o(i.vTaskPlaceOnUnorderedEventList) for vTaskPlaceOnUnorderedEventList
    event_groups.o(i.xEventGroupWaitBits) refers to tasks.o(i.xTaskResumeAll) for xTaskResumeAll
    event_groups.o(i.xEventGroupWaitBits) refers to tasks.o(i.uxTaskResetEventItemValue) for uxTaskResetEventItemValue
    event_groups.o(i.xEventGroupWaitBits) refers to port.o(i.vPortEnterCritical) for vPortEnterCritical
    event_groups.o(i.xEventGroupWaitBits) refers to port.o(i.vPortExitCritical) for vPortExitCritical
    queue.o(i.pcQueueGetName) refers to queue.o(.bss) for xQueueRegistry
    queue.o(i.prvCopyDataFromQueue) refers to rt_memcpy_v6.o(.text) for __aeabi_memcpy
    queue.o(i.prvCopyDataToQueue) refers to tasks.o(i.xTaskPriorityDisinherit) for xTaskPriorityDisinherit
    queue.o(i.prvCopyDataToQueue) refers to rt_memcpy_v6.o(.text) for __aeabi_memcpy
    queue.o(i.prvInitialiseMutex) refers to queue.o(i.xQueueGenericSend) for xQueueGenericSend
    queue.o(i.prvInitialiseNewQueue) refers to queue.o(i.xQueueGenericReset) for xQueueGenericReset
    queue.o(i.prvIsQueueEmpty) refers to port.o(i.vPortEnterCritical) for vPortEnterCritical
[...]
    ../clib/stdio.c                          0x00000000   Number         0  fwritefast_locked.o ABSOLUTE
    ../clib/stdio.c                          0x00000000   Number         0  fwritefast.o ABSOLUTE
    ../clib/stdio.c                          0x00000000   Number         0  stdio.o ABSOLUTE
    ../clib/stdio.c                          0x00000000   Number         0  fseek.o ABSOLUTE
    ../clib/stdio.c                          0x00000000   Number         0  fopen.o ABSOLUTE
    ../clib/stdio.c                          0x00000000   Number         0  fclose.o ABSOLUTE
    ../clib/stdio.c                          0x00000000   Number         0  setvbuf_locked.o ABSOLUTE
    ../clib/stdio.c                          0x00000000   Number         0  fopen_locked.o ABSOLUTE
    ../clib/stdlib.c                         0x00000000   Number         0  exit.o ABSOLUTE
    ../clib/wchar.c                          0x00000000   Number         0  flsbuf_fwide.o ABSOLUTE
    ../fplib/fpinit.s                        0x00000000   Number         0  fpinit.o ABSOLUTE
    C:\Keil_v5\ARM\PACK\Keil\ARM_Compiler\1.1.1\Source\retarget_io.c 0x00000000   Number         0  retarget_io.o ABSOLUTE
    FreeRTOS\Source\croutine.c               0x00000000   Number         0  croutine.o ABSOLUTE
    FreeRTOS\Source\event_groups.c           0x00000000   Number         0  event_groups.o ABSOLUTE
    FreeRTOS\Source\list.c                   0x00000000   Number         0  list.o ABSOLUTE
    FreeRTOS\Source\portable\MemMang\heap_2.c 0x00000000   Number         0  heap_2.o ABSOLUTE
    FreeRTOS\Source\portable\RVDS\ARM_CM4F\port.c 0x00000000   Number         0  port.o ABSOLUTE
    FreeRTOS\Source\queue.c                  0x00000000   Number         0  queue.o ABSOLUTE
    FreeRTOS\Source\stream_buffer.c          0x00000000   Number         0  stream_buffer.o ABSOLUTE
    FreeRTOS\Source\tasks.c                  0x00000000   Number         0  tasks.o ABSOLUTE
    FreeRTOS\Source\timers.c                 0x00000000   Number         0  timers.o ABSOLUTE
    FreeRTOS\\Source\\portable\\RVDS\\ARM_CM4F\\port.c 0x00000000   Number         0  port.o ABSOLUTE
    RTE\Device\STM32F407VGTx\startup_stm32f407xx.s 0x00000000   Number         0  startup_stm32f407xx.o ABSOLUTE
    RTE\Device\STM32F407VGTx\system_stm32f4xx.c 0x00000000   Number         0  system_stm32f4xx.o ABSOLUTE
    RTE\\Device\\STM32F407VGTx\\system_stm32f4xx.c 0x00000000   Number         0  system_stm32f4xx.o ABSOLUTE
    Src\\main.c                              0x00000000   Number         0  main.o ABSOLUTE
    Src\main.c                               0x00000000   Number         0  main.o ABSOLUTE
    dc.s                                     0x00000000   Number         0  dc.o ABSOLUTE
    RESET                                    0x08000000   Section      392  startup_stm32f407xx.o(RESET)
    !!!main                                  0x08000188   Section        8  __main.o(!!!main)
    !!!scatter                               0x08000190   Section       52  __scatter.o(!!!scatter)
    !!handler_copy                           0x080001c4   Section       26  __scatter_copy.o(!!handler_copy)
    !!handler_zi                             0x080001e0   Section       28  __scatter_zi.o(!!handler_zi)
    .ARM.Collect$$_printf_percent$$00000000  0x080001fc   Section        0  _printf_percent.o(.ARM.Collect$$_printf_percent$$00000000)
    .ARM.Collect$$_printf_percent$$00000014  0x080001fc   Section        6  _printf_s.o(.ARM.Collect$$_printf_percent$$00000014)
    .ARM.Collect$$_printf_percent$$00000017  0x08000202   Section        4  _printf_percent_end.o(.ARM.Collect$$_printf_percent$$00000017)
    .ARM.Collect$$libinit$$00000000          0x08000206   Section        2  libinit.o(.ARM.Collect$$libinit$$00000000)
    .ARM.Collect$$libinit$$00000001          0x08000208   Section        4  libinit2.o(.ARM.Collect$$libinit$$00000001)
    .ARM.Collect$$libinit$$00000004          0x0800020c   Section        0  libinit2.o(.ARM.Collect$$libinit$$00000004)
    .ARM.Collect$$libinit$$00000005          0x0800020c   Section        8  libinit2.o(.ARM.Collect$$libinit$$00000005)
    .ARM.Collect$$libinit$$0000000A          0x08000214   Section        0  libinit2.o(.ARM.Collect$$libinit$$0000000A)
    .ARM.Collect$$libinit$$0000000C          0x08000214   Section        0  libinit2.o(.ARM.Collect$$libinit$$0000000C)
    .ARM.Collect$$libinit$$0000000E          0x08000214   Section        0  libinit2.o(.ARM.Collect$$libinit$$0000000E)
    .ARM.Collect$$libinit$$00000011          0x08000214   Section        0  libinit2.o(.ARM.Collect$$libinit$$00000011)
    .ARM.Collect$$libinit$$00000013          0x08000214   Section        0  libinit2.o(.ARM.Collect$$libinit$$00000013)
    .ARM.Collect$$libinit$$00000015          0x08000214   Section        0  libinit2.o(.ARM.Collect$$libinit$$00000015)
    .ARM.Collect$$libinit$$00000017          0x08000214   Section        0  libinit2.o(.ARM.Collect$$libinit$$00000017)
    .ARM.Collect$$libinit$$00000019          0x08000214   Section        0  libinit2.o(.ARM.Collect$$libinit$$00000019)
    .ARM.Collect$$libinit$$0000001B          0x08000214   Section        0  libinit2.o(.ARM.Collect$$libinit$$0000001B)
    .ARM.Collect$$libinit$$0000001D          0x08000214   Section        0  libinit2.o(.ARM.Collect$$libinit$$0000001D)
    .ARM.Collect$$libinit$$0000001F          0x08000214   Section        0  libinit2.o(.ARM.Collect$$libinit$$0000001F)
    .ARM.Collect$$libinit$$00000021          0x08000214   Section        0  libinit2.o(.ARM.Collect$$libinit$$00000021)
    .ARM.Collect$$libinit$$00000023          0x08000214   Section        0  libinit2.o(.ARM.Collect$$libinit$$00000023)
    .ARM.Collect$$libinit$$00000024          0x08000214   Section        4  libinit2.o(.ARM.Collect$$libinit$$00000024)
    .ARM.Collect$$libinit$$00000025          0x08000218   Section        0  libinit2.o(.ARM.Collect$$libinit$$00000025)
    .ARM.Collect$$libinit$$0000002C          0x08000218   Section        0  libinit2.o(.ARM.Collect$$libinit$$0000002C)
    .ARM.Collect$$libinit$$0000002E          0x08000218   Section        0  libinit2.o(.ARM.Collect$$libinit$$0000002E)
    .ARM.Collect$$libinit$$00000030          0x08000218   Section        0  libinit2.o(.ARM.Collect$$libinit$$00000030)
    .ARM.Collect$$libinit$$00000032          0x08000218   Section        0  libinit2.o(.ARM.Collect$$libinit$$00000032)
    .ARM.Collect$$libinit$$00000033          0x08000218   Section        2  libinit2.o(.ARM.Collect$$libinit$$00000033)
    .ARM.Collect$$libshutdown$$00000000      0x0800021a   Section        2  libshutdown.o(.ARM.Collect$$libshutdown$$00000000)
    .ARM.Collect$$libshutdown$$00000002      0x0800021c   Section        0  libshutdown2.o(.ARM.Collect$$libshutdown$$00000002)
    .ARM.Collect$$libshutdown$$00000003      0x0800021c   Section        4  libshutdown2.o(.ARM.Collect$$libshutdown$$00000003)
    .ARM.Collect$$libshutdown$$00000004      0x08000220   Section        0  libshutdown2.o(.ARM.Collect$$libshutdown$$00000004)
    .ARM.Collect$$libshutdown$$00000007      0x08000220   Section        0  libshutdown2.o(.ARM.Collect$$libshutdown$$00000007)
    .ARM.Collect$$libshutdown$$0000000A      0x08000220   Section        0  libshutdown2.o(.ARM.Collect$$libshutdown$$0000000A)
    .ARM.Collect$$libshutdown$$0000000C      0x08000220   Section        0  libshutdown2.o(.ARM.Collect$$libshutdown$$0000000C)
    .ARM.Collect$$libshutdown$$0000000F      0x08000220   Section        0  libshutdown2.o(.ARM.Collect$$libshutdown$$0000000F)
    .ARM.Collect$$libshutdown$$00000010      0x08000220   Section        2  libshutdown2.o(.ARM.Collect$$libshutdown$$00000010)
    .ARM.Collect$$rtentry$$00000000          0x08000222   Section        0  __rtentry.o(.ARM.Collect$$rtentry$$00000000)
    .ARM.Collect$$rtentry$$00000002          0x08000222   Section        0  __rtentry2.o(.ARM.Collect$$rtentry$$00000002)
    .ARM.Collect$$rtentry$$00000004          0x08000222   Section        6  __rtentry4.o(.ARM.Collect$$rtentry$$00000004)
    .ARM.Collect$$rtentry$$00000009          0x08000228   Section        0  __rtentry2.o(.ARM.Collect$$rtentry$$00000009)
    .ARM.Collect$$rtentry$$0000000A          0x08000228   Section        4  __rtentry2.o(.ARM.Collect$$rtentry$$0000000A)
    .ARM.Collect$$rtentry$$0000000C          0x0800022c   Section        0  __rtentry2.o(.ARM.Collect$$rtentry$$0000000C)
    .ARM.Collect$$rtentry$$0000000D          0x0800022c   Section        8  __rtentry2.o(.ARM.Collect$$rtentry$$0000000D)
    .ARM.Collect$$rtexit$$00000000           0x08000234   Section        2  rtexit.o(.ARM.Collect$$rtexit$$00000000)
    .ARM.Collect$$rtexit$$00000002           0x08000236   Section        0  rtexit2.o(.ARM.Collect$$rtexit$$00000002)
    .ARM.Collect$$rtexit$$00000003           0x08000236   Section        4  rtexit2.o(.ARM.Collect$$rtexit$$00000003)
    .ARM.Collect$$rtexit$$00000004           0x0800023a   Section        6  rtexit2.o(.ARM.Collect$$rtexit$$00000004)
    .emb_text                                0x08000240   Section      190  port.o(.emb_text)
    $v0                                      0x08000240   Number         0  port.o(.emb_text)
    .emb_text                                0x08000300   Section        0  maybetermalloc1.o(.emb_text)
    .text                                    0x08000300   Section       64  startup_stm32f407xx.o(.text)
    $v0                                      0x08000300   Number         0  startup_stm32f407xx.o(.text)
    .text                                    0x08000340   Section        0  noretval__2printf.o(.text)
    .text                                    0x08000358   Section        0  __printf.o(.text)
    .text                                    0x080003c0   Section        0  _printf_str.o(.text)
    .text                                    0x08000412   Section      138  rt_memcpy_v6.o(.text)
    .text                                    0x0800049c   Section       16  aeabi_memset.o(.text)
    .text                                    0x080004ac   Section       78  rt_memclr_w.o(.text)
    .text                                    0x080004fc   Section      128  strcmpv7m.o(.text)
    .text                                    0x0800057c   Section        0  heapauxi.o(.text)
    .text                                    0x08000582   Section        0  _printf_char.o(.text)
    .text                                    0x080005b0   Section        0  _printf_char_file.o(.text)
    .text                                    0x080005d4   Section      100  rt_memcpy_w.o(.text)
    .text                                    0x08000638   Section       68  rt_memclr.o(.text)
    .text                                    0x0800067c   Section        0  _printf_char_common.o(.text)
    _printf_input_char                       0x0800067d   Thumb Code    10  _printf_char_common.o(.text)
    .text                                    0x080006ac   Section        0  ferror.o(.text)
    .text                                    0x080006b4   Section        0  initio.o(.text)
    .text                                    0x080007ec   Section       74  sys_stackheap_outer.o(.text)
    .text                                    0x08000836   Section        0  h1_free.o(.text)
    .text                                    0x08000884   Section        0  flsbuf.o(.text)
    .text                                    0x08000a5a   Section        0  setvbuf.o(.text)
    .text                                    0x08000aa0   Section        0  fopen.o(.text)
    _freopen_locked                          0x08000aa1   Thumb Code     0  fopen.o(.text)
    .text                                    0x08000b8c   Section        0  fclose.o(.text)
    .text                                    0x08000bd8   Section        0  exit.o(.text)
    .text                                    0x08000bea   Section        0  defsig_rtred_outer.o(.text)
    .text                                    0x08000bf8   Section        8  libspace.o(.text)
    .text                                    0x08000c00   Section        8  rt_heap_descriptor_intlibspace.o(.text)
    .text                                    0x08000c08   Section        0  hguard.o(.text)
    .text                                    0x08000c0c   Section        0  init_alloc.o(.text)
    .text                                    0x08000c96   Section        0  h1_alloc.o(.text)
    .text                                    0x08000cf4   Section        0  fseek.o(.text)
    .text                                    0x08000dec   Section        0  stdio.o(.text)
    .text                                    0x08000edc   Section        0  defsig_exit.o(.text)
    .text                                    0x08000ee8   Section        0  defsig_rtred_inner.o(.text)
    .text                                    0x08000f1c   Section        0  sys_exit.o(.text)
    .text                                    0x08000f28   Section        0  h1_init.o(.text)
    .text                                    0x08000f36   Section        0  h1_extend.o(.text)
    .text                                    0x08000f6a   Section        0  ftell.o(.text)
    .text                                    0x08000fac   Section        0  defsig_general.o(.text)
    .text                                    0x08000fde   Section        0  defsig_rtmem_outer.o(.text)
    .text                                    0x08000fec   Section        0  sys_wrch.o(.text)
    .text                                    0x08000ffa   Section        2  use_no_semi.o(.text)
    .text                                    0x08000ffc   Section        0  indicate_semi.o(.text)
    .text                                    0x08000ffc   Section        8  rt_errno_addr_intlibspace.o(.text)
    .text                                    0x08001004   Section        0  defsig_rtmem_inner.o(.text)
    i.ITM_SendChar                           0x08001054   Section        0  retarget_io.o(i.ITM_SendChar)
    i.SysTick_Handler                        0x08001084   Section        0  port.o(i.SysTick_Handler)
    i.SystemInit                             0x080010b8   Section        0  system_stm32f4xx.o(i.SystemInit)
    i._sys_close                             0x0800111c   Section        0  retarget_io.o(i._sys_close)
    i._sys_flen                              0x08001142   Section        0  retarget_io.o(i._sys_flen)
    i._sys_istty                             0x08001166   Section        0  retarget_io.o(i._sys_istty)
    i._sys_open                              0x0800118c   Section        0  retarget_io.o(i._sys_open)
    i._sys_seek                              0x080011f4   Section        0  retarget_io.o(i._sys_seek)
    i._sys_write                             0x08001220   Section        0  retarget_io.o(i._sys_write)
    i.fputc                                  0x08001278   Section        0  fputc.o(i.fputc)
    i.main                                   0x08001294   Section        0  main.o(i.main)
    i.printingTask                           0x08001338   Section        0  main.o(i.printingTask)
    i.prvAddCurrentTaskToDelayedList         0x0800136c   Section        0  tasks.o(i.prvAddCurrentTaskToDelayedList)
    prvAddCurrentTaskToDelayedList           0x0800136d   Thumb Code   124  tasks.o(i.prvAddCurrentTaskToDelayedList)
    i.prvAddNewTaskToReadyList               0x08001404   Section        0  tasks.o(i.prvAddNewTaskToReadyList)
    prvAddNewTaskToReadyList                 0x08001405   Thumb Code   156  tasks.o(i.prvAddNewTaskToReadyList)
    i.prvCheckForValidListAndQueue           0x080014bc   Section        0  timers.o(i.prvCheckForValidListAndQueue)
    prvCheckForValidListAndQueue             0x080014bd   Thumb Code    72  timers.o(i.prvCheckForValidListAndQueue)
    i.prvCheckTasksWaitingTermination        0x08001520   Section        0  tasks.o(i.prvCheckTasksWaitingTermination)
    prvCheckTasksWaitingTermination          0x08001521   Thumb Code    60  tasks.o(i.prvCheckTasksWaitingTermination)
    i.prvCopyDataFromQueue                   0x08001568   Section        0  queue.o(i.prvCopyDataFromQueue)
    prvCopyDataFromQueue                     0x08001569   Thumb Code    42  queue.o(i.prvCopyDataFromQueue)
    i.prvCopyDataToQueue                     0x08001592   Section        0  queue.o(i.prvCopyDataToQueue)
    prvCopyDataToQueue                       0x08001593   Thumb Code   124  queue.o(i.prvCopyDataToQueue)
    i.prvDeleteTCB                           0x0800160e   Section        0  tasks.o(i.prvDeleteTCB)
    prvDeleteTCB                             0x0800160f   Thumb Code    18  tasks.o(i.prvDeleteTCB)
    i.prvGetDisinheritPriorityAfterTimeout   0x08001620   Section        0  queue.o(i.prvGetDisinheritPriorityAfterTimeout)
    prvGetDisinheritPriorityAfterTimeout     0x08001621   Thumb Code    20  queue.o(i.prvGetDisinheritPriorityAfterTimeout)
    i.prvGetNextExpireTime                   0x08001634   Section        0  timers.o(i.prvGetNextExpireTime)
    prvGetNextExpireTime                     0x08001635   Thumb Code    36  timers.o(i.prvGetNextExpireTime)
    i.prvHeapInit                            0x0800165c   Section        0  heap_2.o(i.prvHeapInit)
    prvHeapInit                              0x0800165d   Thumb Code    38  heap_2.o(i.prvHeapInit)
    i.prvIdleTask                            0x08001694   Section        0  tasks.o(i.prvIdleTask)
    prvIdleTask                              0x08001695   Thumb Code    32  tasks.o(i.prvIdleTask)
    i.prvInitialiseMutex                     0x080016bc   Section        0  queue.o(i.prvInitialiseMutex)
    prvInitialiseMutex                       0x080016bd   Thumb Code    28  queue.o(i.prvInitialiseMutex)
    i.prvInitialiseNewQueue                  0x080016d8   Section        0  queue.o(i.prvInitialiseNewQueue)
    prvInitialiseNewQueue                    0x080016d9   Thumb Code    42  queue.o(i.prvInitialiseNewQueue)
    i.prvInitialiseNewTask                   0x08001702   Section        0  tasks.o(i.prvInitialiseNewTask)
    prvInitialiseNewTask                     0x08001703   Thumb Code   180  tasks.o(i.prvInitialiseNewTask)
    i.prvInitialiseTaskLists                 0x080017b8   Section        0  tasks.o(i.prvInitialiseTaskLists)
    prvInitialiseTaskLists                   0x080017b9   Thumb Code    70  tasks.o(i.prvInitialiseTaskLists)
    i.prvInsertTimerInActiveList             0x08001820   Section        0  timers.o(i.prvInsertTimerInActiveList)
    prvInsertTimerInActiveList               0x08001821   Thumb Code    80  timers.o(i.prvInsertTimerInActiveList)
    i.prvIsQueueEmpty                        0x08001878   Section        0  queue.o(i.prvIsQueueEmpty)
    prvIsQueueEmpty                          0x08001879   Thumb Code    26  queue.o(i.prvIsQueueEmpty)
    i.prvIsQueueFull                         0x08001892   Section        0  queue.o(i.prvIsQueueFull)
    prvIsQueueFull                           0x08001893   Thumb Code    30  queue.o(i.prvIsQueueFull)
    i.prvProcessExpiredTimer                 0x080018b0   Section        0  timers.o(i.prvProcessExpiredTimer)
    prvProcessExpiredTimer                   0x080018b1   Thumb Code    94  timers.o(i.prvProcessExpiredTimer)
    i.prvProcessReceivedCommands             0x08001914   Section        0  timers.o(i.prvProcessReceivedCommands)
    prvProcessReceivedCommands               0x08001915   Thumb Code   240  timers.o(i.prvProcessReceivedCommands)
    i.prvProcessTimerOrBlockTask             0x08001a08   Section        0  timers.o(i.prvProcessTimerOrBlockTask)
    prvProcessTimerOrBlockTask               0x08001a09   Thumb Code   102  timers.o(i.prvProcessTimerOrBlockTask)
    i.prvResetNextTaskUnblockTime            0x08001a7c   Section        0  tasks.o(i.prvResetNextTaskUnblockTime)
    prvResetNextTaskUnblockTime              0x08001a7d   Thumb Code    42  tasks.o(i.prvResetNextTaskUnblockTime)
    i.prvSampleTimeNow                       0x08001ab0   Section        0  timers.o(i.prvSampleTimeNow)
    prvSampleTimeNow                         0x08001ab1   Thumb Code    40  timers.o(i.prvSampleTimeNow)
    i.prvSwitchTimerLists                    0x08001adc   Section        0  timers.o(i.prvSwitchTimerLists)
    prvSwitchTimerLists                      0x08001add   Thumb Code   150  timers.o(i.prvSwitchTimerLists)
    i.prvTaskExitError                       0x08001b7c   Section        0  port.o(i.prvTaskExitError)
    prvTaskExitError                         0x08001b7d   Thumb Code    60  port.o(i.prvTaskExitError)
    i.prvTimerTask                           0x08001bbc   Section        0  timers.o(i.prvTimerTask)
    prvTimerTask                             0x08001bbd   Thumb Code    26  timers.o(i.prvTimerTask)
    i.prvUnlockQueue                         0x08001bd6   Section        0  queue.o(i.prvUnlockQueue)
    prvUnlockQueue                           0x08001bd7   Thumb Code   126  queue.o(i.prvUnlockQueue)
    i.pvPortMalloc                           0x08001c54   Section        0  heap_2.o(i.pvPortMalloc)
    i.pvTaskIncrementMutexHeldCount          0x08001d0c   Section        0  tasks.o(i.pvTaskIncrementMutexHeldCount)
    i.pxPortInitialiseStack                  0x08001d2c   Section        0  port.o(i.pxPortInitialiseStack)
    i.stderr_putchar                         0x08001d58   Section        0  retarget_io.o(i.stderr_putchar)
    stderr_putchar                           0x08001d59   Thumb Code    12  retarget_io.o(i.stderr_putchar)
    i.stdout_putchar                         0x08001d64   Section        0  retarget_io.o(i.stdout_putchar)
    stdout_putchar                           0x08001d65   Thumb Code    12  retarget_io.o(i.stdout_putchar)
    i.uxListRemove                           0x08001d70   Section        0  list.o(i.uxListRemove)
    i.vListInitialise                        0x08001d98   Section        0  list.o(i.vListInitialise)
    i.vListInitialiseItem                    0x08001db2   Section        0  list.o(i.vListInitialiseItem)
    i.vListInsert                            0x08001db8   Section        0  list.o(i.vListInsert)
    i.vListInsertEnd                         0x08001dec   Section        0  list.o(i.vListInsertEnd)
    i.vPortEnterCritical                     0x08001e04   Section        0  port.o(i.vPortEnterCritical)
    i.vPortExitCritical                      0x08001e58   Section        0  port.o(i.vPortExitCritical)
    i.vPortFree                              0x08001e94   Section        0  heap_2.o(i.vPortFree)
    i.vPortSetupTimerInterrupt               0x08001ed4   Section        0  port.o(i.vPortSetupTimerInterrupt)
    i.vPortValidateInterruptPriority         0x08001efc   Section        0  port.o(i.vPortValidateInterruptPriority)
    i.vQueueAddToRegistry                    0x08001f74   Section        0  queue.o(i.vQueueAddToRegistry)
    i.vQueueWaitForMessageRestricted         0x08001fa0   Section        0  queue.o(i.vQueueWaitForMessageRestricted)
    i.vTaskInternalSetTimeOutState           0x08001fec   Section        0  tasks.o(i.vTaskInternalSetTimeOutState)
    i.vTaskMissedYield                       0x08002004   Section        0  tasks.o(i.vTaskMissedYield)
    i.vTaskPlaceOnEventList                  0x08002010   Section        0  tasks.o(i.vTaskPlaceOnEventList)
    i.vTaskPlaceOnEventListRestricted        0x08002048   Section        0  tasks.o(i.vTaskPlaceOnEventListRestricted)
    i.vTaskPriorityDisinheritAfterTimeout    0x08002088   Section        0  tasks.o(i.vTaskPriorityDisinheritAfterTimeout)
    i.vTaskStartScheduler                    0x0800217c   Section        0  tasks.o(i.vTaskStartScheduler)
    i.vTaskSuspendAll                        0x08002210   Section        0  tasks.o(i.vTaskSuspendAll)
    i.vTaskSwitchContext                     0x08002220   Section        0  tasks.o(i.vTaskSwitchContext)
    i.xPortStartScheduler                    0x080022ac   Section        0  port.o(i.xPortStartScheduler)
    i.xQueueCreateMutex                      0x08002414   Section        0  queue.o(i.xQueueCreateMutex)
    i.xQueueGenericCreate                    0x08002436   Section        0  queue.o(i.xQueueGenericCreate)
    i.xQueueGenericReset                     0x08002490   Section        0  queue.o(i.xQueueGenericReset)
    i.xQueueGenericSend                      0x08002528   Section        0  queue.o(i.xQueueGenericSend)
    i.xQueueGenericSendFromISR               0x080026d0   Section        0  queue.o(i.xQueueGenericSendFromISR)
    i.xQueueReceive                          0x080027c8   Section        0  queue.o(i.xQueueReceive)
    i.xQueueSemaphoreTake                    0x08002930   Section        0  queue.o(i.xQueueSemaphoreTake)
    i.xTaskCheckForTimeOut                   0x08002ae8   Section        0  tasks.o(i.xTaskCheckForTimeOut)
    i.xTaskCreate                            0x08002b74   Section        0  tasks.o(i.xTaskCreate)
    i.xTaskGetSchedulerState                 0x08002bd4   Section        0  tasks.o(i.xTaskGetSchedulerState)
    i.xTaskGetTickCount                      0x08002bf4   Section        0  tasks.o(i.xTaskGetTickCount)
    i.xTaskIncrementTick                     0x08002c00   Section        0  tasks.o(i.xTaskIncrementTick)
    i.xTaskPriorityDisinherit                0x08002d48   Section        0  tasks.o(i.xTaskPriorityDisinherit)
    i.xTaskPriorityInherit                   0x08002e10   Section        0  tasks.o(i.xTaskPriorityInherit)
    i.xTaskRemoveFromEventList               0x08002ed8   Section        0  tasks.o(i.xTaskRemoveFromEventList)
    i.xTaskResumeAll                         0x08002f70   Section        0  tasks.o(i.xTaskResumeAll)
    i.xTimerCreateTimerTask                  0x08003074   Section        0  timers.o(i.xTimerCreateTimerTask)
    i.xTimerGenericCommand                   0x080030cc   Section        0  timers.o(i.xTimerGenericCommand)
    x$fpl$fpinit                             0x08003150   Section       10  fpinit.o(x$fpl$fpinit)
    $v0                                      0x08003150   Number         0  fpinit.o(x$fpl$fpinit)
    .constdata                               0x0800315a   Section       23  retarget_io.o(.constdata)
    .data                                    0x20000000   Section        4  main.o(.data)
    .data                                    0x20000004   Section       60  tasks.o(.data)
    pxDelayedTaskList                        0x20000008   Data           4  tasks.o(.data)
    pxOverflowDelayedTaskList                0x2000000c   Data           4  tasks.o(.data)
    uxDeletedTasksWaitingCleanUp             0x20000010   Data           4  tasks.o(.data)
    uxCurrentNumberOfTasks                   0x20000014   Data           4  tasks.o(.data)
    xTickCount                               0x20000018   Data           4  tasks.o(.data)
    uxTopReadyPriority                       0x2000001c   Data           4  tasks.o(.data)
    xSchedulerRunning                        0x20000020   Data           4  tasks.o(.data)
    uxPendedTicks                            0x20000024   Data           4  tasks.o(.data)
    xYieldPending                            0x20000028   Data           4  tasks.o(.data)
    xNumOfOverflows                          0x2000002c   Data           4  tasks.o(.data)
    uxTaskNumber                             0x20000030   Data           4  tasks.o(.data)
    xNextTaskUnblockTime                     0x20000034   Data           4  tasks.o(.data)
    xIdleTaskHandle                          0x20000038   Data           4  tasks.o(.data)
    uxSchedulerSuspended                     0x2000003c   Data           4  tasks.o(.data)
    .data                                    0x20000040   Section       20  timers.o(.data)
    pxCurrentTimerList                       0x20000040   Data           4  timers.o(.data)
    pxOverflowTimerList                      0x20000044   Data           4  timers.o(.data)
    xTimerQueue                              0x20000048   Data           4  timers.o(.data)
    xTimerTaskHandle                         0x2000004c   Data           4  timers.o(.data)
    xLastTime                                0x20000050   Data           4  timers.o(.data)
    .data                                    0x20000054   Section       24  heap_2.o(.data)
    xStart                                   0x20000054   Data           8  heap_2.o(.data)
    xEnd                                     0x2000005c   Data           8  heap_2.o(.data)
    xFreeBytesRemaining                      0x20000064   Data           4  heap_2.o(.data)
    xHeapHasBeenInitialised                  0x20000068   Data           4  heap_2.o(.data)
    .data                                    0x2000006c   Section       12  port.o(.data)
    uxCriticalNesting                        0x2000006c   Data           4  port.o(.data)
    ucMaxSysCallPriority                     0x20000070   Data           1  port.o(.data)
    ulMaxPRIGROUPValue                       0x20000074   Data           4  port.o(.data)
    .data                                    0x20000078   Section        4  system_stm32f4xx.o(.data)
    .data                                    0x2000007c   Section        4  stdio_streams.o(.data)
    .data                                    0x20000080   Section        4  stdio_streams.o(.data)
    .data                                    0x20000084   Section        4  stdio_streams.o(.data)
    .bss                                     0x20000088   Section       64  queue.o(.bss)
    .bss                                     0x200000c8   Section      200  tasks.o(.bss)
    pxReadyTasksLists                        0x200000c8   Data         100  tasks.o(.bss)
    xDelayedTaskList1                        0x2000012c   Data          20  tasks.o(.bss)
    xDelayedTaskList2                        0x20000140   Data          20  tasks.o(.bss)
    xPendingReadyList                        0x20000154   Data          20  tasks.o(.bss)
    xTasksWaitingTermination                 0x20000168   Data          20  tasks.o(.bss)
    xSuspendedTaskList                       0x2000017c   Data          20  tasks.o(.bss)
    .bss                                     0x20000190   Section       40  timers.o(.bss)
    xActiveTimerList1                        0x20000190   Data          20  timers.o(.bss)
    xActiveTimerList2                        0x200001a4   Data          20  timers.o(.bss)
    .bss                                     0x200001b8   Section    76800  heap_2.o(.bss)
    ucHeap                                   0x200001b8   Data       76800  heap_2.o(.bss)
    .bss                                     0x20012db8   Section       84  stdio_streams.o(.bss)
    .bss                                     0x20012e0c   Section       84  stdio_streams.o(.bss)
    .bss                                     0x20012e60   Section       84  stdio_streams.o(.bss)
    .bss                                     0x20012eb4   Section       96  libspace.o(.bss)
    HEAP                                     0x20012f18   Section      512  startup_stm32f407xx.o(HEAP)
    Heap_Mem                                 0x20012f18   Data         512  startup_stm32f407xx.o(HEAP)
    STACK                                    0x20013118   Section     1024  startup_stm32f407xx.o(STACK)
    Stack_Mem                                0x20013118   Data        1024  startup_stm32f407xx.o(STACK)
    __initial_sp                             0x20013518   Data           0  startup_stm32f407xx.o(STACK)

    Global Symbols

    Symbol Name                              Value     Ov Type        Size  Object(Section)

    BuildAttributes$$THM_ISAv4$E$P$D$K$B$S$7EM$VFPi3$EXTD16$VFPS$VFMA$PE$A:L22UL41UL21$X:L11$S22US41US21$IEEE1$IW$USESV6$~STKCKD$USESV7$~SHL$OTIME$ROPI$EBA8$UX$STANDARDLIB$REQ8$PRES8$EABIv2 0x00000000   Number         0  anon$$obj.o ABSOLUTE
    __ARM_use_no_argv                        0x00000000   Number         0  main.o ABSOLUTE
    __ARM_exceptions_init                     - Undefined Weak Reference
    __alloca_initialize                       - Undefined Weak Reference
    __arm_preinit_                            - Undefined Weak Reference
    __cpp_initialize__aeabi_                  - Undefined Weak Reference
    __cxa_finalize                            - Undefined Weak Reference
    __rt_locale                               - Undefined Weak Reference
    __sigvec_lookup                           - Undefined Weak Reference
    __user_heap_extent                        - Undefined Weak Reference
    _atexit_init                              - Undefined Weak Reference
    _call_atexit_fns                          - Undefined Weak Reference
    _clock_init                               - Undefined Weak Reference
    _fp_trap_init                             - Undefined Weak Reference
    _fp_trap_shutdown                         - Undefined Weak Reference
    _get_lc_collate                           - Undefined Weak Reference
    _get_lc_ctype                             - Undefined Weak Reference
    _get_lc_monetary                          - Undefined Weak Reference
    _get_lc_numeric                           - Undefined Weak Reference
    _get_lc_time                              - Undefined Weak Reference
    _getenv_init                              - Undefined Weak Reference
    _handle_redirection                       - Undefined Weak Reference
    _mutex_acquire                            - Undefined Weak Reference
    _mutex_free                               - Undefined Weak Reference
    _mutex_release                            - Undefined Weak Reference
    _printf_mbtowc                            - Undefined Weak Reference
    _printf_post_padding                      - Undefined Weak Reference
    _printf_pre_padding                       - Undefined Weak Reference
    _rand_init                                - Undefined Weak Reference
    _signal_finish                            - Undefined Weak Reference
    _signal_init                              - Undefined Weak Reference
    __Vectors_Size                           0x00000188   Number         0  startup_stm32f407xx.o ABSOLUTE
    __Vectors                                0x08000000   Data           4  startup_stm32f407xx.o(RESET)
    __Vectors_End                            0x08000188   Data           0  startup_stm32f407xx.o(RESET)
    __main                                   0x08000189   Thumb Code     8  __main.o(!!!main)
    __scatterload                            0x08000191   Thumb Code     0  __scatter.o(!!!scatter)
    __scatterload_rt2                        0x08000191   Thumb Code    44  __scatter.o(!!!scatter)
    __scatterload_rt2_thumb_only             0x08000191   Thumb Code     0  __scatter.o(!!!scatter)
    __scatterload_null                       0x0800019f   Thumb Code     0  __scatter.o(!!!scatter)
    __scatterload_copy                       0x080001c5   Thumb Code    26  __scatter_copy.o(!!handler_copy)
    __scatterload_zeroinit                   0x080001e1   Thumb Code    28  __scatter_zi.o(!!handler_zi)
    _printf_percent                          0x080001fd   Thumb Code     0  _printf_percent.o(.ARM.Collect$$_printf_percent$$00000000)
    _printf_s                                0x080001fd   Thumb Code     0  _printf_s.o(.ARM.Collect$$_printf_percent$$00000014)
    _printf_percent_end                      0x08000203   Thumb Code     0  _printf_percent_end.o(.ARM.Collect$$_printf_percent$$00000017)
    __rt_lib_init                            0x08000207   Thumb Code     0  libinit.o(.ARM.Collect$$libinit$$00000000)
    __rt_lib_init_fp_1                       0x08000209   Thumb Code     0  libinit2.o(.ARM.Collect$$libinit$$00000001)
    __rt_lib_init_heap_2                     0x0800020d   Thumb Code     0  libinit2.o(.ARM.Collect$$libinit$$00000005)
    __rt_lib_init_preinit_1                  0x0800020d   Thumb Code     0  libinit2.o(.ARM.Collect$$libinit$$00000004)
    __rt_lib_init_atexit_1                   0x08000215   Thumb Code     0  libinit2.o(.ARM.Collect$$libinit$$0000001B)
    __rt_lib_init_clock_1                    0x08000215   Thumb Code     0  libinit2.o(.ARM.Collect$$libinit$$00000021)
    __rt_lib_init_fp_trap_1                  0x08000215   Thumb Code     0  libinit2.o(.ARM.Collect$$libinit$$0000001F)
    __rt_lib_init_getenv_1                   0x08000215   Thumb Code     0  libinit2.o(.ARM.Collect$$libinit$$00000023)
    __rt_lib_init_heap_1                     0x08000215   Thumb Code     0  libinit2.o(.ARM.Collect$$libinit$$0000000A)
    __rt_lib_init_lc_collate_1               0x08000215   Thumb Code     0  libinit2.o(.ARM.Collect$$libinit$$00000011)
    __rt_lib_init_lc_ctype_1                 0x08000215   Thumb Code     0  libinit2.o(.ARM.Collect$$libinit$$00000013)
    __rt_lib_init_lc_monetary_1              0x08000215   Thumb Code     0  libinit2.o(.ARM.Collect$$libinit$$00000015)
    __rt_lib_init_lc_numeric_1               0x08000215   Thumb Code     0  libinit2.o(.ARM.Collect$$libinit$$00000017)
    __rt_lib_init_lc_time_1                  0x08000215   Thumb Code     0  libinit2.o(.ARM.Collect$$libinit$$00000019)
    __rt_lib_init_rand_1                     0x08000215   Thumb Code     0  libinit2.o(.ARM.Collect$$libinit$$0000000E)
    __rt_lib_init_signal_1                   0x08000215   Thumb Code     0  libinit2.o(.ARM.Collect$$libinit$$0000001D)
    __rt_lib_init_stdio_2                    0x08000215   Thumb Code     0  libinit2.o(.ARM.Collect$$libinit$$00000024)
    __rt_lib_init_user_alloc_1               0x08000215   Thumb Code     0  libinit2.o(.ARM.Collect$$libinit$$0000000C)
    __rt_lib_init_alloca_1                   0x08000219   Thumb Code     0  libinit2.o(.ARM.Collect$$libinit$$0000002E)
    __rt_lib_init_argv_1                     0x08000219   Thumb Code     0  libinit2.o(.ARM.Collect$$libinit$$0000002C)
    __rt_lib_init_cpp_1                      0x08000219   Thumb Code     0  libinit2.o(.ARM.Collect$$libinit$$00000032)
    __rt_lib_init_exceptions_1               0x08000219   Thumb Code     0  libinit2.o(.ARM.Collect$$libinit$$00000030)
    __rt_lib_init_return                     0x08000219   Thumb Code     0  libinit2.o(.ARM.Collect$$libinit$$00000033)
    __rt_lib_init_stdio_1                    0x08000219   Thumb Code     0  libinit2.o(.ARM.Collect$$libinit$$00000025)
    __rt_lib_shutdown                        0x0800021b   Thumb Code     0  libshutdown.o(.ARM.Collect$$libshutdown$$00000000)
    __rt_lib_shutdown_cpp_1                  0x0800021d   Thumb Code     0  libshutdown2.o(.ARM.Collect$$libshutdown$$00000002)
    __rt_lib_shutdown_stdio_2                0x0800021d   Thumb Code     0  libshutdown2.o(.ARM.Collect$$libshutdown$$00000003)
    __rt_lib_shutdown_fp_trap_1              0x08000221   Thumb Code     0  libshutdown2.o(.ARM.Collect$$libshutdown$$00000007)
    __rt_lib_shutdown_heap_1                 0x08000221   Thumb Code     0  libshutdown2.o(.ARM.Collect$$libshutdown$$0000000F)
    __rt_lib_shutdown_return                 0x08000221   Thumb Code     0  libshutdown2.o(.ARM.Collect$$libshutdown$$00000010)
    __rt_lib_shutdown_signal_1               0x08000221   Thumb Code     0  libshutdown2.o(.ARM.Collect$$libshutdown$$0000000A)
    __rt_lib_shutdown_stdio_1                0x08000221   Thumb Code     0  libshutdown2.o(.ARM.Collect$$libshutdown$$00000004)
    __rt_lib_shutdown_user_alloc_1           0x08000221   Thumb Code     0  libshutdown2.o(.ARM.Collect$$libshutdown$$0000000C)
    __rt_entry                               0x08000223   Thumb Code     0  __rtentry.o(.ARM.Collect$$rtentry$$00000000)
    __rt_entry_presh_1                       0x08000223   Thumb Code     0  __rtentry2.o(.ARM.Collect$$rtentry$$00000002)
    __rt_entry_sh                            0x08000223   Thumb Code     0  __rtentry4.o(.ARM.Collect$$rtentry$$00000004)
    __rt_entry_li                            0x08000229   Thumb Code     0  __rtentry2.o(.ARM.Collect$$rtentry$$0000000A)
    __rt_entry_postsh_1                      0x08000229   Thumb Code     0  __rtentry2.o(.ARM.Collect$$rtentry$$00000009)
    __rt_entry_main                          0x0800022d   Thumb Code     0  __rtentry2.o(.ARM.Collect$$rtentry$$0000000D)
    __rt_entry_postli_1                      0x0800022d   Thumb Code     0  __rtentry2.o(.ARM.Collect$$rtentry$$0000000C)
    __rt_exit                                0x08000235   Thumb Code     0  rtexit.o(.ARM.Collect$$rtexit$$00000000)
    __rt_exit_ls                             0x08000237   Thumb Code     0  rtexit2.o(.ARM.Collect$$rtexit$$00000003)
    __rt_exit_prels_1                        0x08000237   Thumb Code     0  rtexit2.o(.ARM.Collect$$rtexit$$00000002)
    __rt_exit_exit                           0x0800023b   Thumb Code     0  rtexit2.o(.ARM.Collect$$rtexit$$00000004)
    SVC_Handler                              0x08000241   Thumb Code    28  port.o(.emb_text)
    __asm___6_port_c_39a90d8d__prvStartFirstTask 0x08000261   Thumb Code    36  port.o(.emb_text)
    __asm___6_port_c_39a90d8d__prvEnableVFP  0x08000289   Thumb Code    16  port.o(.emb_text)
    PendSV_Handler                           0x0800029d   Thumb Code    88  port.o(.emb_text)
    vPortGetIPSR                             0x080002f9   Thumb Code     6  port.o(.emb_text)
    Reset_Handler                            0x08000301   Thumb Code     8  startup_stm32f407xx.o(.text)
    _maybe_terminate_alloc                   0x08000301   Thumb Code     0  maybetermalloc1.o(.emb_text)
    NMI_Handler                              0x08000309   Thumb Code     2  startup_stm32f407xx.o(.text)
    HardFault_Handler                        0x0800030b   Thumb Code     2  startup_stm32f407xx.o(.text)
    MemManage_Handler                        0x0800030d   Thumb Code     2  startup_stm32f407xx.o(.text)
    BusFault_Handler                         0x0800030f   Thumb Code     2  startup_stm32f407xx.o(.text)
    UsageFault_Handler                       0x08000311   Thumb Code     2  startup_stm32f407xx.o(.text)
    DebugMon_Handler                         0x08000315   Thumb Code     2  startup_stm32f407xx.o(.text)
    ADC_IRQHandler                           0x0800031b   Thumb Code     0  startup_stm32f407xx.o(.text)
    CAN1_RX0_IRQHandler                      0x0800031b   Thumb Code     0  startup_stm32f407xx.o(.text)
    CAN1_RX1_IRQHandler                      0x0800031b   Thumb Code     0  startup_stm32f407xx.o(.text)
    CAN1_SCE_IRQHandler                      0x0800031b   Thumb Code     0  startup_stm32f407xx.o(.text)
    CAN1_TX_IRQHandler                       0x0800031b   Thumb Code     0  startup_stm32f407xx.o(.text)
    CAN2_RX0_IRQHandler                      0x0800031b   Thumb Code     0  startup_stm32f407xx.o(.text)
    CAN2_RX1_IRQHandler                      0x0800031b   Thumb Code     0  startup_stm32f407xx.o(.text)
    CAN2_SCE_IRQHandler                      0x0800031b   Thumb Code     0  startup_stm32f407xx.o(.text)
    CAN2_TX_IRQHandler                       0x0800031b   Thumb Code     0  startup_stm32f407xx.o(.text)
    DCMI_IRQHandler                          0x0800031b   Thumb Code     0  startup_stm32f407xx.o(.text)
    DMA1_Stream0_IRQHandler                  0x0800031b   Thumb Code     0  startup_stm32f407xx.o(.text)
    DMA1_Stream1_IRQHandler                  0x0800031b   Thumb Code     0  startup_stm32f407xx.o(.text)
    DMA1_Stream2_IRQHandler                  0x0800031b   Thumb Code     0  startup_stm32f407xx.o(.text)
    DMA1_Stream3_IRQHandler                  0x0800031b   Thumb Code     0  startup_stm32f407xx.o(.text)
    DMA1_Stream4_IRQHandler                  0x0800031b   Thumb Code     0  startup_stm32f407xx.o(.text)
    DMA1_Stream5_IRQHandler                  0x0800031b   Thumb Code     0  startup_stm32f407xx.o(.text)
    DMA1_Stream6_IRQHandler                  0x0800031b   Thumb Code     0  startup_stm32f407xx.o(.text)
    DMA1_Stream7_IRQHandler                  0x0800031b   Thumb Code     0  startup_stm32f407xx.o(.text)
    DMA2_Stream0_IRQHandler                  0x0800031b   Thumb Code     0  startup_stm32f407xx.o(.text)
    DMA2_Stream1_IRQHandler                  0x0800031b   Thumb Code     0  startup_stm32f407xx.o(.text)
    DMA2_Stream2_IRQHandler                  0x0800031b   Thumb Code     0  startup_stm32f407xx.o(.text)
    DMA2_Stream3_IRQHandler                  0x0800031b   Thumb Code     0  startup_stm32f407xx.o(.text)
    DMA2_Stream4_IRQHandler                  0x0800031b   Thumb Code     0  startup_stm32f407xx.o(.text)
    DMA2_Stream5_IRQHandler                  0x0800031b   Thumb Code     0  startup_stm32f407xx.o(.text)
    DMA2_Stream6_IRQHandler                  0x0800031b   Thumb Code     0  startup_stm32f407xx.o(.text)
    DMA2_Stream7_IRQHandler                  0x0800031b   Thumb Code     0  startup_stm32f407xx.o(.text)
    ETH_IRQHandler                           0x0800031b   Thumb Code     0  startup_stm32f407xx.o(.text)
    ETH_WKUP_IRQHandler                      0x0800031b   Thumb Code     0  startup_stm32f407xx.o(.text)
    EXTI0_IRQHandler                         0x0800031b   Thumb Code     0  startup_stm32f407xx.o(.text)
    EXTI15_10_IRQHandler                     0x0800031b   Thumb Code     0  startup_stm32f407xx.o(.text)
    EXTI1_IRQHandler                         0x0800031b   Thumb Code     0  startup_stm32f407xx.o(.text)
    EXTI2_IRQHandler                         0x0800031b   Thumb Code     0  startup_stm32f407xx.o(.text)
    EXTI3_IRQHandler                         0x0800031b   Thumb Code     0  startup_stm32f407xx.o(.text)
    EXTI4_IRQHandler                         0x0800031b   Thumb Code     0  startup_stm32f407xx.o(.text)
    EXTI9_5_IRQHandler                       0x0800031b   Thumb Code     0  startup_stm32f407xx.o(.text)
    FLASH_IRQHandler                         0x0800031b   Thumb Code     0  startup_stm32f407xx.o(.text)
    FMC_IRQHandler                           0x0800031b   Thumb Code     0  startup_stm32f407xx.o(.text)
    FPU_IRQHandler                           0x0800031b   Thumb Code     0  startup_stm32f407xx.o(.text)
    HASH_RNG_IRQHandler                      0x0800031b   Thumb Code     0  startup_stm32f407xx.o(.text)
    I2C1_ER_IRQHandler                       0x0800031b   Thumb Code     0  startup_stm32f407xx.o(.text)
    I2C1_EV_IRQHandler                       0x0800031b   Thumb Code     0  startup_stm32f407xx.o(.text)
    I2C2_ER_IRQHandler                       0x0800031b   Thumb Code     0  startup_stm32f407xx.o(.text)
    I2C2_EV_IRQHandler                       0x0800031b   Thumb Code     0  startup_stm32f407xx.o(.text)
    I2C3_ER_IRQHandler                       0x0800031b   Thumb Code     0  startup_stm32f407xx.o(.text)
    I2C3_EV_IRQHandler                       0x0800031b   Thumb Code     0  startup_stm32f407xx.o(.text)
    OTG_FS_IRQHandler                        0x0800031b   Thumb Code     0  startup_stm32f407xx.o(.text)
    OTG_FS_WKUP_IRQHandler                   0x0800031b   Thumb Code     0  startup_stm32f407xx.o(.text)
    OTG_HS_EP1_IN_IRQHandler                 0x0800031b   Thumb Code     0  startup_stm32f407xx.o(.text)
    OTG_HS_EP1_OUT_IRQHandler                0x0800031b   Thumb Code     0  startup_stm32f407xx.o(.text)
    OTG_HS_IRQHandler                        0x0800031b   Thumb Code     0  startup_stm32f407xx.o(.text)
    OTG_HS_WKUP_IRQHandler                   0x0800031b   Thumb Code     0  startup_stm32f407xx.o(.text)
    PVD_IRQHandler                           0x0800031b   Thumb Code     0  startup_stm32f407xx.o(.text)
    RCC_IRQHandler                           0x0800031b   Thumb Code     0  startup_stm32f407xx.o(.text)
    RTC_Alarm_IRQHandler                     0x0800031b   Thumb Code     0  startup_stm32f407xx.o(.text)
    RTC_WKUP_IRQHandler                      0x0800031b   Thumb Code     0  startup_stm32f407xx.o(.text)
    SDIO_IRQHandler                          0x0800031b   Thumb Code     0  startup_stm32f407xx.o(.text)
    SPI1_IRQHandler                          0x0800031b   Thumb Code     0  startup_stm32f407xx.o(.text)
    SPI2_IRQHandler                          0x0800031b   Thumb Code     0  startup_stm32f407xx.o(.text)
    SPI3_IRQHandler                          0x0800031b   Thumb Code     0  startup_stm32f407xx.o(.text)
    TAMP_STAMP_IRQHandler                    0x0800031b   Thumb Code     0  startup_stm32f407xx.o(.text)
    TIM1_BRK_TIM9_IRQHandler                 0x0800031b   Thumb Code     0  startup_stm32f407xx.o(.text)
    TIM1_CC_IRQHandler                       0x0800031b   Thumb Code     0  startup_stm32f407xx.o(.text)
    TIM1_TRG_COM_TIM11_IRQHandler            0x0800031b   Thumb Code     0  startup_stm32f407xx.o(.text)
    TIM1_UP_TIM10_IRQHandler                 0x0800031b   Thumb Code     0  startup_stm32f407xx.o(.text)
    TIM2_IRQHandler                          0x0800031b   Thumb Code     0  startup_stm32f407xx.o(.text)
    TIM3_IRQHandler                          0x0800031b   Thumb Code     0  startup_stm32f407xx.o(.text)
    TIM4_IRQHandler                          0x0800031b   Thumb Code     0  startup_stm32f407xx.o(.text)
    TIM5_IRQHandler                          0x0800031b   Thumb Code     0  startup_stm32f407xx.o(.text)
    TIM6_DAC_IRQHandler                      0x0800031b   Thumb Code     0  startup_stm32f407xx.o(.text)
    TIM7_IRQHandler                          0x0800031b   Thumb Code     0  startup_stm32f407xx.o(.text)
    TIM8_BRK_TIM12_IRQHandler                0x0800031b   Thumb Code     0  startup_stm32f407xx.o(.text)
    TIM8_CC_IRQHandler                       0x0800031b   Thumb Code     0  startup_stm32f407xx.o(.text)
    TIM8_TRG_COM_TIM14_IRQHandler            0x0800031b   Thumb Code     0  startup_stm32f407xx.o(.text)
    TIM8_UP_TIM13_IRQHandler                 0x0800031b   Thumb Code     0  startup_stm32f407xx.o(.text)
    UART4_IRQHandler                         0x0800031b   Thumb Code     0  startup_stm32f407xx.o(.text)
    UART5_IRQHandler                         0x0800031b   Thumb Code     0  startup_stm32f407xx.o(.text)
    USART1_IRQHandler                        0x0800031b   Thumb Code     0  startup_stm32f407xx.o(.text)
    USART2_IRQHandler                        0x0800031b   Thumb Code     0  startup_stm32f407xx.o(.text)
    USART3_IRQHandler                        0x0800031b   Thumb Code     0  startup_stm32f407xx.o(.text)
    USART6_IRQHandler                        0x0800031b   Thumb Code     0  startup_stm32f407xx.o(.text)
    WWDG_IRQHandler                          0x0800031b   Thumb Code     0  startup_stm32f407xx.o(.text)
    __user_initial_stackheap                 0x0800031d   Thumb Code     0  startup_stm32f407xx.o(.text)
    __2printf                                0x08000341   Thumb Code    20  noretval__2printf.o(.text)
    __printf                                 0x08000359   Thumb Code   104  __printf.o(.text)
    _printf_str                              0x080003c1   Thumb Code    82  _printf_str.o(.text)
    __aeabi_memcpy                           0x08000413   Thumb Code     0  rt_memcpy_v6.o(.text)
    __rt_memcpy                              0x08000413   Thumb Code   138  rt_memcpy_v6.o(.text)
    _memcpy_lastbytes                        0x08000479   Thumb Code     0  rt_memcpy_v6.o(.text)
    __aeabi_memset                           0x0800049d   Thumb Code    16  aeabi_memset.o(.text)
    __aeabi_memclr4                          0x080004ad   Thumb Code     0  rt_memclr_w.o(.text)
    __aeabi_memclr8                          0x080004ad   Thumb Code     0  rt_memclr_w.o(.text)
    __rt_memclr_w                            0x080004ad   Thumb Code    78  rt_memclr_w.o(.text)
    _memset_w                                0x080004b1   Thumb Code     0  rt_memclr_w.o(.text)
    strcmp                                   0x080004fd   Thumb Code   128  strcmpv7m.o(.text)
    __use_two_region_memory                  0x0800057d   Thumb Code     2  heapauxi.o(.text)
    __rt_heap_escrow                         0x0800057f   Thumb Code     2  heapauxi.o(.text)
    __rt_heap_expand                         0x08000581   Thumb Code     2  heapauxi.o(.text)
    _printf_cs_common                        0x08000583   Thumb Code    20  _printf_char.o(.text)
    _printf_char                             0x08000597   Thumb Code    16  _printf_char.o(.text)
    _printf_string                           0x080005a7   Thumb Code     8  _printf_char.o(.text)
    _printf_char_file                        0x080005b1   Thumb Code    32  _printf_char_file.o(.text)
    __aeabi_memcpy4                          0x080005d5   Thumb Code     0  rt_memcpy_w.o(.text)
    __aeabi_memcpy8                          0x080005d5   Thumb Code     0  rt_memcpy_w.o(.text)
    __rt_memcpy_w                            0x080005d5   Thumb Code   100  rt_memcpy_w.o(.text)
    _memcpy_lastbytes_aligned                0x0800061d   Thumb Code     0  rt_memcpy_w.o(.text)
    __aeabi_memclr                           0x08000639   Thumb Code     0  rt_memclr.o(.text)
    __rt_memclr                              0x08000639   Thumb Code    68  rt_memclr.o(.text)
    _memset                                  0x0800063d   Thumb Code     0  rt_memclr.o(.text)
    _printf_char_common                      0x08000687   Thumb Code    32  _printf_char_common.o(.text)
    ferror                                   0x080006ad   Thumb Code     8  ferror.o(.text)
    _initio                                  0x080006b5   Thumb Code   210  initio.o(.text)
    _terminateio                             0x08000787   Thumb Code    56  initio.o(.text)
    __user_setup_stackheap                   0x080007ed   Thumb Code    74  sys_stackheap_outer.o(.text)
    free                                     0x08000837   Thumb Code    78  h1_free.o(.text)
    __flsbuf                                 0x08000885   Thumb Code   470  flsbuf.o(.text)
    __flsbuf_byte                            0x08000885   Thumb Code     0  flsbuf.o(.text)
    __flsbuf_wide                            0x08000885   Thumb Code     0  flsbuf.o(.text)
    setvbuf                                  0x08000a5b   Thumb Code    70  setvbuf.o(.text)
    freopen                                  0x08000aa1   Thumb Code   158  fopen.o(.text)
    fopen                                    0x08000b3f   Thumb Code    74  fopen.o(.text)
    _fclose_internal                         0x08000b8d   Thumb Code    76  fclose.o(.text)
    fclose                                   0x08000b8d   Thumb Code     0  fclose.o(.text)
    exit                                     0x08000bd9   Thumb Code    18  exit.o(.text)
    __rt_SIGRTRED                            0x08000beb   Thumb Code    14  defsig_rtred_outer.o(.text)
    __user_libspace                          0x08000bf9   Thumb Code     8  libspace.o(.text)
    __user_perproc_libspace                  0x08000bf9   Thumb Code     0  libspace.o(.text)
    __user_perthread_libspace                0x08000bf9   Thumb Code     0  libspace.o(.text)
    __rt_heap_descriptor                     0x08000c01   Thumb Code     8  rt_heap_descriptor_intlibspace.o(.text)
    __use_no_heap                            0x08000c09   Thumb Code     2  hguard.o(.text)
    __heap$guard                             0x08000c0b   Thumb Code     2  hguard.o(.text)
    _terminate_user_alloc                    0x08000c0d   Thumb Code     2  init_alloc.o(.text)
    _init_user_alloc                         0x08000c0f   Thumb Code     2  init_alloc.o(.text)
    __Heap_Full                              0x08000c11   Thumb Code    34  init_alloc.o(.text)
    __Heap_Broken                            0x08000c33   Thumb Code     6  init_alloc.o(.text)
    _init_alloc                              0x08000c39   Thumb Code    94  init_alloc.o(.text)
    malloc                                   0x08000c97   Thumb Code    94  h1_alloc.o(.text)
    _fseek                                   0x08000cf5   Thumb Code   242  fseek.o(.text)
    fseek                                    0x08000cf5   Thumb Code     0  fseek.o(.text)
    _seterr                                  0x08000ded   Thumb Code    20  stdio.o(.text)
    _writebuf                                0x08000e01   Thumb Code    84  stdio.o(.text)
    _fflush                                  0x08000e55   Thumb Code    70  stdio.o(.text)
    _deferredlazyseek                        0x08000e9b   Thumb Code    60  stdio.o(.text)
    __sig_exit                               0x08000edd   Thumb Code    10  defsig_exit.o(.text)
    __rt_SIGRTRED_inner                      0x08000ee9   Thumb Code    14  defsig_rtred_inner.o(.text)
    _sys_exit                                0x08000f1d   Thumb Code     8  sys_exit.o(.text)
    __Heap_Initialize                        0x08000f29   Thumb Code    10  h1_init.o(.text)
    __Heap_DescSize                          0x08000f33   Thumb Code     4  h1_init.o(.text)
    __Heap_ProvideMemory                     0x08000f37   Thumb Code    52  h1_extend.o(.text)
    _ftell_internal                          0x08000f6b   Thumb Code    66  ftell.o(.text)
    ftell                                    0x08000f6b   Thumb Code     0  ftell.o(.text)
    __default_signal_display                 0x08000fad   Thumb Code    50  defsig_general.o(.text)
    __rt_SIGRTMEM                            0x08000fdf   Thumb Code    14  defsig_rtmem_outer.o(.text)
    _ttywrch                                 0x08000fed   Thumb Code    14  sys_wrch.o(.text)
    __I$use$semihosting                      0x08000ffb   Thumb Code     0  use_no_semi.o(.text)
    __use_no_semihosting_swi                 0x08000ffb   Thumb Code     2  use_no_semi.o(.text)
    __aeabi_errno_addr                       0x08000ffd   Thumb Code     8  rt_errno_addr_intlibspace.o(.text)
    __errno$intlibspace                      0x08000ffd   Thumb Code     0  rt_errno_addr_intlibspace.o(.text)
    __rt_errno_addr$intlibspace              0x08000ffd   Thumb Code     0  rt_errno_addr_intlibspace.o(.text)
    __semihosting_library_function           0x08000ffd   Thumb Code     0  indicate_semi.o(.text)
    __rt_SIGRTMEM_inner                      0x08001005   Thumb Code    22  defsig_rtmem_inner.o(.text)
    ITM_SendChar                             0x08001055   Thumb Code    42  retarget_io.o(i.ITM_SendChar)
    SysTick_Handler                          0x08001085   Thumb Code    46  port.o(i.SysTick_Handler)
    SystemInit                               0x080010b9   Thumb Code    82  system_stm32f4xx.o(i.SystemInit)
    _sys_close                               0x0800111d   Thumb Code    38  retarget_io.o(i._sys_close)
    _sys_flen                                0x08001143   Thumb Code    36  retarget_io.o(i._sys_flen)
    _sys_istty                               0x08001167   Thumb Code    36  retarget_io.o(i._sys_istty)
    _sys_open                                0x0800118d   Thumb Code    80  retarget_io.o(i._sys_open)
    _sys_seek                                0x080011f5   Thumb Code    44  retarget_io.o(i._sys_seek)
    _sys_write                               0x08001221   Thumb Code    88  retarget_io.o(i._sys_write)
    fputc                                    0x08001279   Thumb Code    26  fputc.o(i.fputc)
    main                                     0x08001295   Thumb Code    74  main.o(i.main)
    printingTask                             0x08001339   Thumb Code    42  main.o(i.printingTask)
    pvPortMalloc                             0x08001c55   Thumb Code   164  heap_2.o(i.pvPortMalloc)
    pvTaskIncrementMutexHeldCount            0x08001d0d   Thumb Code    26  tasks.o(i.pvTaskIncrementMutexHeldCount)
    pxPortInitialiseStack                    0x08001d2d   Thumb Code    38  port.o(i.pxPortInitialiseStack)
    uxListRemove                             0x08001d71   Thumb Code    40  list.o(i.uxListRemove)
    vListInitialise                          0x08001d99   Thumb Code    26  list.o(i.vListInitialise)
    vListInitialiseItem                      0x08001db3   Thumb Code     6  list.o(i.vListInitialiseItem)
    vListInsert                              0x08001db9   Thumb Code    52  list.o(i.vListInsert)
    vListInsertEnd                           0x08001ded   Thumb Code    24  list.o(i.vListInsertEnd)
    vPortEnterCritical                       0x08001e05   Thumb Code    76  port.o(i.vPortEnterCritical)
    vPortExitCritical                        0x08001e59   Thumb Code    56  port.o(i.vPortExitCritical)
    vPortFree                                0x08001e95   Thumb Code    56  heap_2.o(i.vPortFree)
    vPortSetupTimerInterrupt                 0x08001ed5   Thumb Code    36  port.o(i.vPortSetupTimerInterrupt)
    vPortValidateInterruptPriority           0x08001efd   Thumb Code   106  port.o(i.vPortValidateInterruptPriority)
    vQueueAddToRegistry                      0x08001f75   Thumb Code    38  queue.o(i.vQueueAddToRegistry)
    vQueueWaitForMessageRestricted           0x08001fa1   Thumb Code    74  queue.o(i.vQueueWaitForMessageRestricted)
    vTaskInternalSetTimeOutState             0x08001fed   Thumb Code    14  tasks.o(i.vTaskInternalSetTimeOutState)
    vTaskMissedYield                         0x08002005   Thumb Code     8  tasks.o(i.vTaskMissedYield)
    vTaskPlaceOnEventList                    0x08002011   Thumb Code    52  tasks.o(i.vTaskPlaceOnEventList)
    vTaskPlaceOnEventListRestricted          0x08002049   Thumb Code    60  tasks.o(i.vTaskPlaceOnEventListRestricted)
    vTaskPriorityDisinheritAfterTimeout      0x08002089   Thumb Code   230  tasks.o(i.vTaskPriorityDisinheritAfterTimeout)
    vTaskStartScheduler                      0x0800217d   Thumb Code   118  tasks.o(i.vTaskStartScheduler)
    vTaskSuspendAll                          0x08002211   Thumb Code    12  tasks.o(i.vTaskSuspendAll)
    vTaskSwitchContext                       0x08002221   Thumb Code   118  tasks.o(i.vTaskSwitchContext)
    xPortStartScheduler                      0x080022ad   Thumb Code   330  port.o(i.xPortStartScheduler)
    xQueueCreateMutex                        0x08002415   Thumb Code    34  queue.o(i.xQueueCreateMutex)
    xQueueGenericCreate                      0x08002437   Thumb Code    88  queue.o(i.xQueueGenericCreate)
    xQueueGenericReset                       0x08002491   Thumb Code   146  queue.o(i.xQueueGenericReset)
    xQueueGenericSend                        0x08002529   Thumb Code   420  queue.o(i.xQueueGenericSend)
    xQueueGenericSendFromISR                 0x080026d1   Thumb Code   248  queue.o(i.xQueueGenericSendFromISR)
    xQueueReceive                            0x080027c9   Thumb Code   356  queue.o(i.xQueueReceive)
    xQueueSemaphoreTake                      0x08002931   Thumb Code   434  queue.o(i.xQueueSemaphoreTake)
    xTaskCheckForTimeOut                     0x08002ae9   Thumb Code   132  tasks.o(i.xTaskCheckForTimeOut)
    xTaskCreate                              0x08002b75   Thumb Code    96  tasks.o(i.xTaskCreate)
    xTaskGetSchedulerState                   0x08002bd5   Thumb Code    24  tasks.o(i.xTaskGetSchedulerState)
    xTaskGetTickCount                        0x08002bf5   Thumb Code     6  tasks.o(i.xTaskGetTickCount)
    xTaskIncrementTick                       0x08002c01   Thumb Code   282  tasks.o(i.xTaskIncrementTick)
    xTaskPriorityDisinherit                  0x08002d49   Thumb Code   188  tasks.o(i.xTaskPriorityDisinherit)
    xTaskPriorityInherit                     0x08002e11   Thumb Code   186  tasks.o(i.xTaskPriorityInherit)
    xTaskRemoveFromEventList                 0x08002ed9   Thumb Code   128  tasks.o(i.xTaskRemoveFromEventList)
    xTaskResumeAll                           0x08002f71   Thumb Code   224  tasks.o(i.xTaskResumeAll)
    xTimerCreateTimerTask                    0x08003075   Thumb Code    66  timers.o(i.xTimerCreateTimerTask)
    xTimerGenericCommand                     0x080030cd   Thumb Code   126  timers.o(i.xTimerGenericCommand)
    _fp_init                                 0x08003151   Thumb Code    10  fpinit.o(x$fpl$fpinit)
    __fplib_config_fpu_vfp                   0x08003159   Thumb Code     0  fpinit.o(x$fpl$fpinit)
    __fplib_config_pureend_doubles           0x08003159   Thumb Code     0  fpinit.o(x$fpl$fpinit)
    __stdin_name                             0x0800315a   Data           7  retarget_io.o(.constdata)
    __stdout_name                            0x08003161   Data           8  retarget_io.o(.constdata)
    __stderr_name                            0x08003169   Data           8  retarget_io.o(.constdata)
    Region$$Table$$Base                      0x08003174   Number         0  anon$$obj.o(Region$$Table)
    Region$$Table$$Limit                     0x08003194   Number         0  anon$$obj.o(Region$$Table)
    mutex                                    0x20000000   Data           4  main.o(.data)
    pxCurrentTCB                             0x20000004   Data           4  tasks.o(.data)
    SystemCoreClock                          0x20000078   Data           4  system_stm32f4xx.o(.data)
    __aeabi_stdin                            0x2000007c   Data           4  stdio_streams.o(.data)
    __aeabi_stdout                           0x20000080   Data           4  stdio_streams.o(.data)
    __aeabi_stderr                           0x20000084   Data           4  stdio_streams.o(.data)
    xQueueRegistry                           0x20000088   Data          64  queue.o(.bss)
    __stdin                                  0x20012db8   Data          84  stdio_streams.o(.bss)
    __stdout                                 0x20012e0c   Data          84  stdio_streams.o(.bss)
    __stderr                                 0x20012e60   Data          84  stdio_streams.o(.bss)
    __libspace_start                         0x20012eb4   Data          96  libspace.o(.bss)
    __temporary_stack_top$libspace           0x20012f14   Data           0  libspace.o(.bss)



==============================================================================

Memory Map of the image

  Image Entry point : 0x08000301

  Load Region LR_1 (Base: 0x08000000, Size: 0x0000321c, Max: 0xffffffff, ABSOLUTE)

    Execution Region ER_RO (Base: 0x08000000, Size: 0x00003194, Max: 0xffffffff, ABSOLUTE)

    Base Addr    Size         Type   Attr      Idx    E Section Name        Object

    0x08000000   0x00000188   Data   RO         1343    RESET               startup_stm32f407xx.o
    0x08000188   0x00000008   Code   RO         1429  * !!!main             c_w.l(__main.o)
    0x08000190   0x00000034   Code   RO         1771    !!!scatter          c_w.l(__scatter.o)
    0x080001c4   0x0000001a   Code   RO         1773    !!handler_copy      c_w.l(__scatter_copy.o)
    0x080001de   0x00000002   PAD
    0x080001e0   0x0000001c   Code   RO         1775    !!handler_zi        c_w.l(__scatter_zi.o)
    0x080001fc   0x00000000   Code   RO         1416    .ARM.Collect$$_printf_percent$$00000000  c_w.l(_printf_percent.o)
    0x080001fc   0x00000006   Code   RO         1415    .ARM.Collect$$_printf_percent$$00000014  c_w.l(_printf_s.o)
    0x08000202   0x00000004   Code   RO         1436    .ARM.Collect$$_printf_percent$$00000017  c_w.l(_printf_percent_end.o)
    0x08000206   0x00000002   Code   RO         1564    .ARM.Collect$$libinit$$00000000  c_w.l(libinit.o)
    0x08000208   0x00000004   Code   RO         1565    .ARM.Collect$$libinit$$00000001  c_w.l(libinit2.o)
    0x0800020c   0x00000000   Code   RO         1568    .ARM.Collect$$libinit$$00000004  c_w.l(libinit2.o)
    0x0800020c   0x00000008   Code   RO         1569    .ARM.Collect$$libinit$$00000005  c_w.l(libinit2.o)
    0x08000214   0x00000000   Code   RO         1571    .ARM.Collect$$libinit$$0000000A  c_w.l(libinit2.o)
    0x08000214   0x00000000   Code   RO         1573    .ARM.Collect$$libinit$$0000000C  c_w.l(libinit2.o)
    0x08000214   0x00000000   Code   RO         1575    .ARM.Collect$$libinit$$0000000E  c_w.l(libinit2.o)
    0x08000214   0x00000000   Code   RO         1578    .ARM.Collect$$libinit$$00000011  c_w.l(libinit2.o)
    0x08000214   0x00000000   Code   RO         1580    .ARM.Collect$$libinit$$00000013  c_w.l(libinit2.o)
    0x08000214   0x00000000   Code   RO         1582    .ARM.Collect$$libinit$$00000015  c_w.l(libinit2.o)
    0x08000214   0x00000000   Code   RO         1584    .ARM.Collect$$libinit$$00000017  c_w.l(libinit2.o)
    0x08000214   0x00000000   Code   RO         1586    .ARM.Collect$$libinit$$00000019  c_w.l(libinit2.o)
    0x08000214   0x00000000   Code   RO         1588    .ARM.Collect$$libinit$$0000001B  c_w.l(libinit2.o)
    0x08000214   0x00000000   Code   RO         1590    .ARM.Collect$$libinit$$0000001D  c_w.l(libinit2.o)
    0x08000214   0x00000000   Code   RO         1592    .ARM.Collect$$libinit$$0000001F  c_w.l(libinit2.o)
    0x08000214   0x00000000   Code   RO         1594    .ARM.Collect$$libinit$$00000021  c_w.l(libinit2.o)
    0x08000214   0x00000000   Code   RO         1596    .ARM.Collect$$libinit$$00000023  c_w.l(libinit2.o)
    0x08000214   0x00000004   Code   RO         1597    .ARM.Collect$$libinit$$00000024  c_w.l(libinit2.o)
    0x08000218   0x00000000   Code   RO         1598    .ARM.Collect$$libinit$$00000025  c_w.l(libinit2.o)
    0x08000218   0x00000000   Code   RO         1602    .ARM.Collect$$libinit$$0000002C  c_w.l(libinit2.o)
    0x08000218   0x00000000   Code   RO         1604    .ARM.Collect$$libinit$$0000002E  c_w.l(libinit2.o)
    0x08000218   0x00000000   Code   RO         1606    .ARM.Collect$$libinit$$00000030  c_w.l(libinit2.o)
    0x08000218   0x00000000   Code   RO         1608    .ARM.Collect$$libinit$$00000032  c_w.l(libinit2.o)
    0x08000218   0x00000002   Code   RO         1609    .ARM.Collect$$libinit$$00000033  c_w.l(libinit2.o)
    0x0800021a   0x00000002   Code   RO         1750    .ARM.Collect$$libshutdown$$00000000  c_w.l(libshutdown.o)
    0x0800021c   0x00000000   Code   RO         1611    .ARM.Collect$$libshutdown$$00000002  c_w.l(libshutdown2.o)
    0x0800021c   0x00000004   Code   RO         1612    .ARM.Collect$$libshutdown$$00000003  c_w.l(libshutdown2.o)
    0x08000220   0x00000000   Code   RO         1613    .ARM.Collect$$libshutdown$$00000004  c_w.l(libshutdown2.o)
    0x08000220   0x00000000   Code   RO         1616    .ARM.Collect$$libshutdown$$00000007  c_w.l(libshutdown2.o)
    0x08000220   0x00000000   Code   RO         1619    .ARM.Collect$$libshutdown$$0000000A  c_w.l(libshutdown2.o)
    0x08000220   0x00000000   Code   RO         1621    .ARM.Collect$$libshutdown$$0000000C  c_w.l(libshutdown2.o)
    0x08000220   0x00000000   Code   RO         1624    .ARM.Collect$$libshutdown$$0000000F  c_w.l(libshutdown2.o)
    0x08000220   0x00000002   Code   RO         1625    .ARM.Collect$$libshutdown$$00000010  c_w.l(libshutdown2.o)
    0x08000222   0x00000000   Code   RO         1431    .ARM.Collect$$rtentry$$00000000  c_w.l(__rtentry.o)
    0x08000222   0x00000000   Code   RO         1448    .ARM.Collect$$rtentry$$00000002  c_w.l(__rtentry2.o)
    0x08000222   0x00000006   Code   RO         1460    .ARM.Collect$$rtentry$$00000004  c_w.l(__rtentry4.o)
    0x08000228   0x00000000   Code   RO         1450    .ARM.Collect$$rtentry$$00000009  c_w.l(__rtentry2.o)
    0x08000228   0x00000004   Code   RO         1451    .ARM.Collect$$rtentry$$0000000A  c_w.l(__rtentry2.o)
    0x0800022c   0x00000000   Code   RO         1453    .ARM.Collect$$rtentry$$0000000C  c_w.l(__rtentry2.o)
    0x0800022c   0x00000008   Code   RO         1454    .ARM.Collect$$rtentry$$0000000D  c_w.l(__rtentry2.o)
    0x08000234   0x00000002   Code   RO         1631    .ARM.Collect$$rtexit$$00000000  c_w.l(rtexit.o)
    0x08000236   0x00000000   Code   RO         1685    .ARM.Collect$$rtexit$$00000002  c_w.l(rtexit2.o)
    0x08000236   0x00000004   Code   RO         1686    .ARM.Collect$$rtexit$$00000003  c_w.l(rtexit2.o)
    0x0800023a   0x00000006   Code   RO         1687    .ARM.Collect$$rtexit$$00000004  c_w.l(rtexit2.o)
    0x08000240   0x000000be   Code   RO         1169    .emb_text           port.o
    0x080002fe   0x00000002   PAD
    0x08000300   0x00000000   Code   RO         1691    .emb_text           c_w.l(maybetermalloc1.o)
    0x08000300   0x00000040   Code   RO         1344  * .text               startup_stm32f407xx.o
    0x08000340   0x00000018   Code   RO         1389    .text               c_w.l(noretval__2printf.o)
    0x08000358   0x00000068   Code   RO         1391    .text               c_w.l(__printf.o)
    0x080003c0   0x00000052   Code   RO         1393    .text               c_w.l(_printf_str.o)
    0x08000412   0x0000008a   Code   RO         1417    .text               c_w.l(rt_memcpy_v6.o)
    0x0800049c   0x00000010   Code   RO         1421    .text               c_w.l(aeabi_memset.o)
    0x080004ac   0x0000004e   Code   RO         1423    .text               c_w.l(rt_memclr_w.o)
    0x080004fa   0x00000002   PAD
    0x080004fc   0x00000080   Code   RO         1425    .text               c_w.l(strcmpv7m.o)
    0x0800057c   0x00000006   Code   RO         1427    .text               c_w.l(heapauxi.o)
    0x08000582   0x0000002c   Code   RO         1432    .text               c_w.l(_printf_char.o)
    0x080005ae   0x00000002   PAD
    0x080005b0   0x00000024   Code   RO         1434    .text               c_w.l(_printf_char_file.o)
    0x080005d4   0x00000064   Code   RO         1443    .text               c_w.l(rt_memcpy_w.o)
    0x08000638   0x00000044   Code   RO         1445    .text               c_w.l(rt_memclr.o)
    0x0800067c   0x00000030   Code   RO         1462    .text               c_w.l(_printf_char_common.o)
    0x080006ac   0x00000008   Code   RO         1464    .text               c_w.l(ferror.o)
    0x080006b4   0x00000138   Code   RO         1470    .text               c_w.l(initio.o)
    0x080007ec   0x0000004a   Code   RO         1480    .text               c_w.l(sys_stackheap_outer.o)
    0x08000836   0x0000004e   Code   RO         1484    .text               c_w.l(h1_free.o)
    0x08000884   0x000001d6   Code   RO         1540    .text               c_w.l(flsbuf.o)
    0x08000a5a   0x00000046   Code   RO         1542    .text               c_w.l(setvbuf.o)
    0x08000aa0   0x000000ec   Code   RO         1545    .text               c_w.l(fopen.o)
    0x08000b8c   0x0000004c   Code   RO         1547    .text               c_w.l(fclose.o)
    0x08000bd8   0x00000012   Code   RO         1553    .text               c_w.l(exit.o)
    0x08000bea   0x0000000e   Code   RO         1555    .text               c_w.l(defsig_rtred_outer.o)
    0x08000bf8   0x00000008   Code   RO         1628    .text               c_w.l(libspace.o)
    0x08000c00   0x00000008   Code   RO         1638    .text               c_w.l(rt_heap_descriptor_intlibspace.o)
    0x08000c08   0x00000004   Code   RO         1640    .text               c_w.l(hguard.o)
    0x08000c0c   0x0000008a   Code   RO         1642    .text               c_w.l(init_alloc.o)
    0x08000c96   0x0000005e   Code   RO         1648    .text               c_w.l(h1_alloc.o)
    0x08000cf4   0x000000f8   Code   RO         1664    .text               c_w.l(fseek.o)
    0x08000dec   0x000000f0   Code   RO         1666    .text               c_w.l(stdio.o)
    0x08000edc   0x0000000a   Code   RO         1672    .text               c_w.l(defsig_exit.o)
    0x08000ee6   0x00000002   PAD
    0x08000ee8   0x00000034   Code   RO         1674    .text               c_w.l(defsig_rtred_inner.o)
    0x08000f1c   0x0000000c   Code   RO         1682    .text               c_w.l(sys_exit.o)
    0x08000f28   0x0000000e   Code   RO         1693    .text               c_w.l(h1_init.o)
    0x08000f36   0x00000034   Code   RO         1695    .text               c_w.l(h1_extend.o)
    0x08000f6a   0x00000042   Code   RO         1705    .text               c_w.l(ftell.o)
    0x08000fac   0x00000032   Code   RO         1713    .text               c_w.l(defsig_general.o)
    0x08000fde   0x0000000e   Code   RO         1715    .text               c_w.l(defsig_rtmem_outer.o)
    0x08000fec   0x0000000e   Code   RO         1728    .text               c_w.l(sys_wrch.o)
    0x08000ffa   0x00000002   Code   RO         1732    .text               c_w.l(use_no_semi.o)
    0x08000ffc   0x00000000   Code   RO         1734    .text               c_w.l(indicate_semi.o)
    0x08000ffc   0x00000008   Code   RO         1738    .text               c_w.l(rt_errno_addr_intlibspace.o)
    0x08001004   0x00000050   Code   RO         1744    .text               c_w.l(defsig_rtmem_inner.o)
    0x08001054   0x00000030   Code   RO         1247    i.ITM_SendChar      retarget_io.o
    0x08001084   0x00000034   Code   RO         1170    i.SysTick_Handler   port.o
    0x080010b8   0x00000064   Code   RO         1352    i.SystemInit        system_stm32f4xx.o
    0x0800111c   0x00000026   Code   RO         1248    i._sys_close        retarget_io.o
    0x08001142   0x00000024   Code   RO         1249    i._sys_flen         retarget_io.o
    0x08001166   0x00000024   Code   RO         1250    i._sys_istty        retarget_io.o
    0x0800118a   0x00000002   PAD
    0x0800118c   0x00000068   Code   RO         1251    i._sys_open         retarget_io.o
    0x080011f4   0x0000002c   Code   RO         1253    i._sys_seek         retarget_io.o
    0x08001220   0x00000058   Code   RO         1254    i._sys_write        retarget_io.o
    0x08001278   0x0000001a   Code   RO         1467    i.fputc             c_w.l(fputc.o)
    0x08001292   0x00000002   PAD
    0x08001294   0x000000a4   Code   RO            4    i.main              main.o
    0x08001338   0x00000034   Code   RO            5    i.printingTask      main.o
    0x0800136c   0x00000098   Code   RO          640    i.prvAddCurrentTaskToDelayedList  tasks.o
    0x08001404   0x000000b8   Code   RO          641    i.prvAddNewTaskToReadyList  tasks.o
    0x080014bc   0x00000064   Code   RO          989    i.prvCheckForValidListAndQueue  timers.o
    0x08001520   0x00000048   Code   RO          642    i.prvCheckTasksWaitingTermination  tasks.o
    0x08001568   0x0000002a   Code   RO          272    i.prvCopyDataFromQueue  queue.o
    0x08001592   0x0000007c   Code   RO          273    i.prvCopyDataToQueue  queue.o
    0x0800160e   0x00000012   Code   RO          643    i.prvDeleteTCB      tasks.o
    0x08001620   0x00000014   Code   RO          274    i.prvGetDisinheritPriorityAfterTimeout  queue.o
    0x08001634   0x00000028   Code   RO          990    i.prvGetNextExpireTime  timers.o
    0x0800165c   0x00000038   Code   RO         1131    i.prvHeapInit       heap_2.o
    0x08001694   0x00000028   Code   RO          644    i.prvIdleTask       tasks.o
    0x080016bc   0x0000001c   Code   RO          275    i.prvInitialiseMutex  queue.o
    0x080016d8   0x0000002a   Code   RO          276    i.prvInitialiseNewQueue  queue.o
    0x08001702   0x000000b4   Code   RO          645    i.prvInitialiseNewTask  tasks.o
    0x080017b6   0x00000002   PAD
    0x080017b8   0x00000068   Code   RO          646    i.prvInitialiseTaskLists  tasks.o
    0x08001820   0x00000058   Code   RO          992    i.prvInsertTimerInActiveList  timers.o
    0x08001878   0x0000001a   Code   RO          277    i.prvIsQueueEmpty   queue.o
    0x08001892   0x0000001e   Code   RO          278    i.prvIsQueueFull    queue.o
    0x080018b0   0x00000064   Code   RO          993    i.prvProcessExpiredTimer  timers.o
    0x08001914   0x000000f4   Code   RO          994    i.prvProcessReceivedCommands  timers.o
    0x08001a08   0x00000074   Code   RO          995    i.prvProcessTimerOrBlockTask  timers.o
    0x08001a7c   0x00000034   Code   RO          648    i.prvResetNextTaskUnblockTime  tasks.o
    0x08001ab0   0x0000002c   Code   RO          996    i.prvSampleTimeNow  timers.o
    0x08001adc   0x000000a0   Code   RO          997    i.prvSwitchTimerLists  timers.o
    0x08001b7c   0x00000040   Code   RO         1171    i.prvTaskExitError  port.o
    0x08001bbc   0x0000001a   Code   RO          998    i.prvTimerTask      timers.o
    0x08001bd6   0x0000007e   Code   RO          279    i.prvUnlockQueue    queue.o
    0x08001c54   0x000000b8   Code   RO         1132    i.pvPortMalloc      heap_2.o
    0x08001d0c   0x00000020   Code   RO          651    i.pvTaskIncrementMutexHeldCount  tasks.o
    0x08001d2c   0x0000002c   Code   RO         1172    i.pxPortInitialiseStack  port.o
    0x08001d58   0x0000000c   Code   RO         1255    i.stderr_putchar    retarget_io.o
    0x08001d64   0x0000000c   Code   RO         1257    i.stdout_putchar    retarget_io.o
    0x08001d70   0x00000028   Code   RO          232    i.uxListRemove      list.o
    0x08001d98   0x0000001a   Code   RO          233    i.vListInitialise   list.o
    0x08001db2   0x00000006   Code   RO          234    i.vListInitialiseItem  list.o
    0x08001db8   0x00000034   Code   RO          235    i.vListInsert       list.o
    0x08001dec   0x00000018   Code   RO          236    i.vListInsertEnd    list.o
    0x08001e04   0x00000054   Code   RO         1174    i.vPortEnterCritical  port.o
    0x08001e58   0x0000003c   Code   RO         1175    i.vPortExitCritical  port.o
    0x08001e94   0x00000040   Code   RO         1133    i.vPortFree         heap_2.o
    0x08001ed4   0x00000028   Code   RO         1176    i.vPortSetupTimerInterrupt  port.o
    0x08001efc   0x00000078   Code   RO         1177    i.vPortValidateInterruptPriority  port.o
    0x08001f74   0x0000002c   Code   RO          285    i.vQueueAddToRegistry  queue.o
    0x08001fa0   0x0000004a   Code   RO          289    i.vQueueWaitForMessageRestricted  queue.o
    0x08001fea   0x00000002   PAD
    0x08001fec   0x00000018   Code   RO          664    i.vTaskInternalSetTimeOutState  tasks.o
    0x08002004   0x0000000c   Code   RO          665    i.vTaskMissedYield  tasks.o
    0x08002010   0x00000038   Code   RO          667    i.vTaskPlaceOnEventList  tasks.o
    0x08002048   0x00000040   Code   RO          668    i.vTaskPlaceOnEventListRestricted  tasks.o
    0x08002088   0x000000f4   Code   RO          670    i.vTaskPriorityDisinheritAfterTimeout  tasks.o
    0x0800217c   0x00000094   Code   RO          676    i.vTaskStartScheduler  tasks.o
    0x08002210   0x00000010   Code   RO          678    i.vTaskSuspendAll   tasks.o
    0x08002220   0x0000008c   Code   RO          679    i.vTaskSwitchContext  tasks.o
    0x080022ac   0x00000168   Code   RO         1178    i.xPortStartScheduler  port.o
    0x08002414   0x00000022   Code   RO          291    i.xQueueCreateMutex  queue.o
    0x08002436   0x00000058   Code   RO          292    i.xQueueGenericCreate  queue.o
    0x0800248e   0x00000002   PAD
    0x08002490   0x00000098   Code   RO          293    i.xQueueGenericReset  queue.o
    0x08002528   0x000001a8   Code   RO          294    i.xQueueGenericSend  queue.o
    0x080026d0   0x000000f8   Code   RO          295    i.xQueueGenericSendFromISR  queue.o
    0x080027c8   0x00000168   Code   RO          302    i.xQueueReceive     queue.o
    0x08002930   0x000001b8   Code   RO          304    i.xQueueSemaphoreTake  queue.o
    0x08002ae8   0x0000008c   Code   RO          680    i.xTaskCheckForTimeOut  tasks.o
    0x08002b74   0x00000060   Code   RO          681    i.xTaskCreate       tasks.o
    0x08002bd4   0x00000020   Code   RO          685    i.xTaskGetSchedulerState  tasks.o
    0x08002bf4   0x0000000c   Code   RO          686    i.xTaskGetTickCount  tasks.o
    0x08002c00   0x00000148   Code   RO          688    i.xTaskIncrementTick  tasks.o
    0x08002d48   0x000000c8   Code   RO          691    i.xTaskPriorityDisinherit  tasks.o
    0x08002e10   0x000000c8   Code   RO          692    i.xTaskPriorityInherit  tasks.o
    0x08002ed8   0x00000098   Code   RO          693    i.xTaskRemoveFromEventList  tasks.o
    0x08002f70   0x00000104   Code   RO          694    i.xTaskResumeAll    tasks.o
    0x08003074   0x00000058   Code   RO         1004    i.xTimerCreateTimerTask  timers.o
    0x080030cc   0x00000084   Code   RO         1005    i.xTimerGenericCommand  timers.o
    0x08003150   0x0000000a   Code   RO         1680    x$fpl$fpinit        fz_wm.l(fpinit.o)
    0x0800315a   0x00000017   Data   RO         1258    .constdata          retarget_io.o
    0x08003171   0x00000003   PAD
    0x08003174   0x00000020   Data   RO         1769    Region$$Table       anon$$obj.o


    Execution Region ER_RW (Base: 0x20000000, Size: 0x00000088, Max: 0xffffffff, ABSOLUTE)

    Base Addr    Size         Type   Attr      Idx    E Section Name        Object

    0x20000000   0x00000004   Data   RW            6    .data               main.o
    0x20000004   0x0000003c   Data   RW          697    .data               tasks.o
    0x20000040   0x00000014   Data   RW         1011    .data               timers.o
    0x20000054   0x00000018   Data   RW         1137    .data               heap_2.o
    0x2000006c   0x0000000c   Data   RW         1179    .data               port.o
    0x20000078   0x00000004   Data   RW         1354    .data               system_stm32f4xx.o
    0x2000007c   0x00000004   Data   RW         1440    .data               c_w.l(stdio_streams.o)
    0x20000080   0x00000004   Data   RW         1441    .data               c_w.l(stdio_streams.o)
    0x20000084   0x00000004   Data   RW         1442    .data               c_w.l(stdio_streams.o)


    Execution Region ER_ZI (Base: 0x20000088, Size: 0x00013490, Max: 0xffffffff, ABSOLUTE)

    Base Addr    Size         Type   Attr      Idx    E Section Name        Object

    0x20000088   0x00000040   Zero   RW          306    .bss                queue.o
    0x200000c8   0x000000c8   Zero   RW          696    .bss                tasks.o
    0x20000190   0x00000028   Zero   RW         1010    .bss                timers.o
    0x200001b8   0x00012c00   Zero   RW         1136    .bss                heap_2.o
    0x20012db8   0x00000054   Zero   RW         1437    .bss                c_w.l(stdio_streams.o)
    0x20012e0c   0x00000054   Zero   RW         1438    .bss                c_w.l(stdio_streams.o)
    0x20012e60   0x00000054   Zero   RW         1439    .bss                c_w.l(stdio_streams.o)
    0x20012eb4   0x00000060   Zero   RW         1629    .bss                c_w.l(libspace.o)
    0x20012f14   0x00000004   PAD
    0x20012f18   0x00000200   Zero   RW         1342    HEAP                startup_stm32f407xx.o
    0x20013118   0x00000400   Zero   RW         1341    STACK               startup_stm32f407xx.o


==============================================================================

Image component sizes


      Code (inc. data)   RO Data    RW Data    ZI Data      Debug   Object Name

         0          0          0          0          0      12044   event_groups.o
       304         46          0         24      76800       3855   heap_2.o
       148          0          0          0          0       3486   list.o
       216        100          0          4          0      17822   main.o
      1014         92          0         12          0      12245   port.o
      2302         26          0          0         64      17512   queue.o
       418         30         23          0          0       7454   retarget_io.o
        64         26        392          0       1536        912   startup_stm32f407xx.o
       100         18          0          4          0       1441   system_stm32f4xx.o
      2958        372          0         60        200      23974   tasks.o
      1138        116          0         20         40      18087   timers.o

    ----------------------------------------------------------------------
      8672        826        450        124      78640     118832   Object Totals
         0          0         32          0          0          0   (incl. Generated)
        10          0          3          0          0          0   (incl. Padding)

    ----------------------------------------------------------------------

      Code (inc. data)   RO Data    RW Data    ZI Data      Debug   Library Member Name

         8          0          0          0          0         68   __main.o
       104          0          0          0          0         84   __printf.o
         0          0          0          0          0          0   __rtentry.o
        12          0          0          0          0          0   __rtentry2.o
         6          0          0          0          0          0   __rtentry4.o
        52          8          0          0          0          0   __scatter.o
        26          0          0          0          0          0   __scatter_copy.o
        28          0          0          0          0          0   __scatter_zi.o
        44          0          0          0          0        108   _printf_char.o
        48          6          0          0          0         96   _printf_char_common.o
        36          4          0          0          0         80   _printf_char_file.o
         0          0          0          0          0          0   _printf_percent.o
         4          0          0          0          0          0   _printf_percent_end.o
         6          0          0          0          0          0   _printf_s.o
        82          0          0          0          0         80   _printf_str.o
        16          0          0          0          0         68   aeabi_memset.o
        10          0          0          0          0         68   defsig_exit.o
        50          0          0          0          0         88   defsig_general.o
        80         58          0          0          0         76   defsig_rtmem_inner.o
        14          0          0          0          0         80   defsig_rtmem_outer.o
        52         38          0          0          0         76   defsig_rtred_inner.o
        14          0          0          0          0         80   defsig_rtred_outer.o
        18          0          0          0          0         80   exit.o
        76          0          0          0          0         88   fclose.o
         8          0          0          0          0         68   ferror.o
       470          0          0          0          0         88   flsbuf.o
       236          4          0          0          0        128   fopen.o
        26          0          0          0          0         68   fputc.o
       248          6          0          0          0         84   fseek.o
        66          0          0          0          0         76   ftell.o
        94          0          0          0          0         80   h1_alloc.o
        52          0          0          0          0         68   h1_extend.o
        78          0          0          0          0         80   h1_free.o
        14          0          0          0          0         84   h1_init.o
         6          0          0          0          0        152   heapauxi.o
         4          0          0          0          0        136   hguard.o
         0          0          0          0          0          0   indicate_semi.o
       138          0          0          0          0        168   init_alloc.o
       312         46          0          0          0        112   initio.o
         2          0          0          0          0          0   libinit.o
        18          0          0          0          0          0   libinit2.o
         2          0          0          0          0          0   libshutdown.o
         6          0          0          0          0          0   libshutdown2.o
         8          4          0          0         96         68   libspace.o
         0          0          0          0          0          0   maybetermalloc1.o
        24          4          0          0          0         84   noretval__2printf.o
         8          4          0          0          0         68   rt_errno_addr_intlibspace.o
         8          4          0          0          0         68   rt_heap_descriptor_intlibspace.o
        68          0          0          0          0         68   rt_memclr.o
        78          0          0          0          0         80   rt_memclr_w.o
       138          0          0          0          0         68   rt_memcpy_v6.o
       100          0          0          0          0         80   rt_memcpy_w.o
         2          0          0          0          0          0   rtexit.o
        10          0          0          0          0          0   rtexit2.o
        70          0          0          0          0         80   setvbuf.o
       240          6          0          0          0        156   stdio.o
         0          0          0         12        252          0   stdio_streams.o
       128          0          0          0          0         68   strcmpv7m.o
        12          4          0          0          0         68   sys_exit.o
        74          0          0          0          0         80   sys_stackheap_outer.o
        14          0          0          0          0         76   sys_wrch.o
         2          0          0          0          0         68   use_no_semi.o
        10          0          0          0          0        116   fpinit.o

    ----------------------------------------------------------------------
      3570        196          0         12        352       3908   Library Totals
        10          0          0          0          4          0   (incl. Padding)

    ----------------------------------------------------------------------

      Code (inc. data)   RO Data    RW Data    ZI Data      Debug   Library Name

      3550        196          0         12        348       3792   c_w.l
        10          0          0          0          0        116   fz_wm.l

    ----------------------------------------------------------------------
      3570        196          0         12        352       3908   Library Totals

    ----------------------------------------------------------------------

==============================================================================


      Code (inc. data)   RO Data    RW Data    ZI Data      Debug   

     12242       1022        450        136      78992     112708   Grand Totals
     12242       1022        450        136      78992     112708   ELF Image Totals
     12242       1022        450        136          0          0   ROM Totals

==============================================================================

    Total RO  Size (Code + RO Data)                12692 (  12.39kB)
    Total RW  Size (RW Data + ZI Data)             79128 (  77.27kB)
    Total ROM Size (Code + RO Data + RW Data)      12828 (  12.53kB)

==============================================================================

